M32 killed (full) by 4: tests/edge_books.rs::every_edge_book_matches_the_reference, tests/parity_trial_balance.rs::a_changed_value_is_reported, tests/parity_trial_balance.rs::synthetic_read_matches_the_python_golden, tests/registry.rs::every_registered_test_matches_its_synthetic_golden
B01 killed (full) by 4: tests/edge_books.rs::every_edge_book_matches_the_reference, tests/parity_trial_balance.rs::a_changed_value_is_reported, tests/parity_trial_balance.rs::synthetic_read_matches_the_python_golden, tests/registry.rs::every_registered_test_matches_its_synthetic_golden
M31 killed (full) by 1: tests/edge_books.rs::every_edge_book_matches_the_reference
B02 killed (full) by 4: tests/edge_books.rs::every_edge_book_matches_the_reference, tests/parity_trial_balance.rs::a_changed_value_is_reported, tests/parity_trial_balance.rs::synthetic_read_matches_the_python_golden, tests/registry.rs::every_registered_test_matches_its_synthetic_golden
B03 killed (full) by 4: tests/edge_books.rs::every_edge_book_matches_the_reference, tests/parity_trial_balance.rs::a_changed_value_is_reported, tests/parity_trial_balance.rs::synthetic_read_matches_the_python_golden, tests/registry.rs::every_registered_test_matches_its_synthetic_golden
B05 killed (full) by 4: tests/edge_books.rs::every_edge_book_matches_the_reference, tests/parity_stale_balances_41_1.rs::a_changed_value_is_reported, tests/parity_stale_balances_41_1.rs::synthetic_read_matches_the_python_golden, tests/registry.rs::every_registered_test_matches_its_synthetic_golden
B04 killed (full) by 2: tests/edge_books.rs::every_edge_book_matches_the_reference, tests/module_invariants_batch1.rs::edge_stale_active_boundary_is_strictly_over_one_rupee
B06 killed (full) by 2: tests/edge_books.rs::every_edge_book_matches_the_reference, tests/module_invariants_batch1.rs::stl1_fires_when_a_stale_ledger_has_a_population_line
B07 killed (full) by 6: tests/edge_books.rs::every_edge_book_matches_the_reference, tests/module_invariants_batch1.rs::edge_ledger_scrutiny_short_period_window_starts_before_the_period, tests/module_invariants_batch1.rs::edge_ledger_scrutiny_thirty_percent_and_the_windows_first_day_are_inclusive, tests/parity_ledger_scrutiny.rs::a_changed_value_is_reported, tests/parity_ledger_scrutiny.rs::synthetic_read_matches_the_python_golden, tests/registry.rs::every_registered_test_matches_its_synthetic_golden
B08 killed (full) by 2: tests/edge_books.rs::every_edge_book_matches_the_reference, tests/module_invariants_batch1.rs::edge_ledger_scrutiny_large_boundary_and_cash_paid_debits_only
B09 killed (full) by 2: tests/edge_books.rs::every_edge_book_matches_the_reference, tests/module_invariants_batch1.rs::edge_ledger_scrutiny_large_boundary_and_cash_paid_debits_only
B10 killed (full) by 2: tests/edge_books.rs::every_edge_book_matches_the_reference, tests/module_invariants_batch1.rs::lsc1_fires_when_the_walk_exceeds_the_tb_debit_by_more_than_a_rupee
B11 killed (full) by 5: tests/edge_books.rs::every_edge_book_matches_the_reference, tests/module_invariants_batch1.rs::edge_cash_book_narrations_and_expense_credits, tests/parity_cash_book_integrity.rs::a_changed_value_is_reported, tests/parity_cash_book_integrity.rs::synthetic_read_matches_the_python_golden, tests/registry.rs::every_registered_test_matches_its_synthetic_golden
B12 killed (full) by 2: tests/edge_books.rs::every_edge_book_matches_the_reference, tests/module_invariants_batch1.rs::edge_cash_book_lowest_day_is_the_first_of_equal_minima
B13 killed (full) by 2: tests/edge_books.rs::every_edge_book_matches_the_reference, tests/module_invariants_batch1.rs::edge_cash_book_narrations_and_expense_credits
B14 killed (full) by 2: tests/edge_books.rs::every_edge_book_matches_the_reference, tests/module_invariants_batch1.rs::edge_cash_book_narrations_and_expense_credits
B15 killed (full) by 2: tests/edge_books.rs::every_edge_book_matches_the_reference, tests/module_invariants_batch1.rs::cbi1_fires_on_a_tampered_opening_difference_and_cbi2_on_an_unwalked_negative_close
B16 killed (full) by 2: tests/consumer_rules.rs::a_voucher_narration_is_read_and_stripped, tests/registry.rs::every_registered_test_matches_its_synthetic_golden
B17 killed (full) by 2: tests/edge_books.rs::every_edge_book_matches_the_reference, tests/module_invariants_batch1.rs::edge_ledger_scrutiny_without_its_rules_table_uses_the_default
B18 killed (full) by 2: tests/edge_books.rs::every_edge_book_matches_the_reference, tests/module_invariants_batch1.rs::edge_ledger_scrutiny_thirty_percent_and_the_windows_first_day_are_inclusive
B19 killed (full) by 2: tests/edge_books.rs::every_edge_book_matches_the_reference, tests/module_invariants_batch1.rs::edge_ledger_scrutiny_thirty_percent_and_the_windows_first_day_are_inclusive
B20 killed (full) by 2: tests/edge_books.rs::every_edge_book_matches_the_reference, tests/module_invariants_batch1.rs::edge_ledger_scrutiny_short_period_window_starts_before_the_period
X02 killed (full) by 1: tests/edge_books.rs::every_edge_book_matches_the_reference
X01 killed (full) by 1: tests/edge_books.rs::every_edge_book_matches_the_reference
X03 killed (full) by 4: tests/edge_books.rs::every_edge_book_matches_the_reference, tests/parity_cash_book_integrity.rs::a_changed_value_is_reported, tests/parity_cash_book_integrity.rs::synthetic_read_matches_the_python_golden, tests/registry.rs::every_registered_test_matches_its_synthetic_golden
X04 killed (full) by 1: tests/edge_books.rs::every_edge_book_matches_the_reference
X05 killed (full) by 1: tests/edge_books.rs::every_edge_book_matches_the_reference
X06 killed (full) by 4: tests/edge_books.rs::every_edge_book_matches_the_reference, tests/parity_cash_book_integrity.rs::a_changed_value_is_reported, tests/parity_cash_book_integrity.rs::synthetic_read_matches_the_python_golden, tests/registry.rs::every_registered_test_matches_its_synthetic_golden
X07 killed (full) by 4: tests/edge_books.rs::every_edge_book_matches_the_reference, tests/parity_ledger_scrutiny.rs::a_changed_value_is_reported, tests/parity_ledger_scrutiny.rs::synthetic_read_matches_the_python_golden, tests/registry.rs::every_registered_test_matches_its_synthetic_golden
X08 killed (full) by 1: tests/edge_books.rs::every_edge_book_matches_the_reference
X09 killed (full) by 1: tests/edge_books.rs::every_edge_book_matches_the_reference
X10 killed (full) by 4: src/lib.rs::loans_interest::tests::loan4_names_a_listed_record_citing_a_one_sided_voucher, src/lib.rs::loans_interest::tests::loan4_names_a_listed_record_whose_sides_differ_from_the_voucher, src/lib.rs::loans_interest::tests::loan4_names_an_unlisted_unbalanced_voucher_on_the_loan_alone, tests/edge_books.rs::every_edge_book_matches_the_reference
X11 survived (full)
X12 killed (full) by 2: src/lib.rs::loans_interest::tests::interest_past_i64_is_refused_not_wrapped, src/lib.rs::partners_40b_194t::tests::a_side_test_on_lines_of_extreme_amounts_does_not_overflow
X14 killed (full) by 4: tests/edge_books.rs::every_edge_book_matches_the_reference, tests/parity_stale_balances_41_1.rs::a_changed_value_is_reported, tests/parity_stale_balances_41_1.rs::synthetic_read_matches_the_python_golden, tests/registry.rs::every_registered_test_matches_its_synthetic_golden
X13 killed (full) by 9: src/lib.rs::applicability_44ab::tests::a_partial_comparison_source_is_never_differenced, src/lib.rs::support::tests::exceptions_keep_their_character_and_everything_else_maps_as_rust_does, tests/edge_books.rs::each_26as_invariant_fires_on_its_own_tampering, tests/edge_books.rs::every_edge_book_matches_the_reference, tests/edge_books.rs::the_26as_invariants_catch_a_row_of_the_wrong_part, tests/parity_applicability_44ab.rs::a_changed_call_is_reported, tests/parity_applicability_44ab.rs::a_changed_due_date_is_reported, tests/parity_applicability_44ab.rs::synthetic_read_matches_the_python_golden, tests/registry.rs::every_registered_test_matches_its_synthetic_golden
X15 killed (full) by 4: tests/edge_books.rs::every_edge_book_matches_the_reference, tests/parity_trial_balance.rs::a_changed_value_is_reported, tests/parity_trial_balance.rs::synthetic_read_matches_the_python_golden, tests/registry.rs::every_registered_test_matches_its_synthetic_golden
X16 killed (full) by 1: tests/module_invariants_batch1.rs::cbi1_fires_on_a_tampered_opening_difference_and_cbi2_on_an_unwalked_negative_close
X17 killed (full) by 1: tests/module_invariants_batch1.rs::lsc1_reports_a_tag_it_cannot_resolve
X18 killed (full) by 2: tests/edge_books.rs::every_edge_book_matches_the_reference, tests/module_invariants_batch1.rs::edge_cash_book_narrations_and_expense_credits
X19 killed (full) by 15: src/lib.rs::cash_payments_40a3::tests::a_voucher_without_a_number_is_labelled_by_the_last_12_characters_of_its_guid, src/lib.rs::depreciation::tests::a_voucher_without_a_number_is_labelled_by_the_last_12_characters_of_its_guid, src/lib.rs::loans_interest::tests::loan4_names_a_listed_record_whose_sides_differ_from_the_voucher, src/lib.rs::loans_interest::tests::loan4_names_an_unlisted_unbalanced_voucher_on_the_loan_alone, src/lib.rs::partners_40b_194t::tests::a_credit_net_of_an_unclassified_ledger_names_the_ledger_and_its_fix, src/lib.rs::partners_40b_194t::tests::a_zero_capital_line_does_not_hide_a_bank_payment, src/lib.rs::partners_40b_194t::tests::an_unbalanced_interest_voucher_is_not_plain_and_is_named, src/lib.rs::partners_40b_194t::tests::another_partners_ledger_on_this_capital_is_named_not_read_as_nothing, src/lib.rs::partners_40b_194t::tests::one_tds_line_for_two_partners_is_named_and_leaves_both_not_computed, src/lib.rs::partners_40b_194t::tests::remuneration_left_inside_an_unsplit_voucher_is_said, src/lib.rs::partners_40b_194t::tests::remuneration_net_of_an_unread_ledger_is_said_on_the_remuneration_finding, src/lib.rs::partners_40b_194t::tests::shared_tds_on_a_remuneration_voucher_crediting_two_partners_is_cited, src/lib.rs::partners_40b_194t::tests::shared_tds_on_a_voucher_crediting_one_partner_and_a_bank_is_listed_for_the_other, src/lib.rs::partners_40b_194t::tests::shared_tds_seen_on_a_partners_own_capital_is_not_also_listed_as_unattributed, tests/edge_books.rs::every_edge_book_matches_the_reference
X21 killed (full) by 14: tests/parity_40a3.rs::a_changed_value_is_reported, tests/parity_40a3.rs::a_flipped_confidence_is_reported, tests/parity_40a3.rs::a_flipped_goods_carriage_exemption_is_reported, tests/parity_40a3.rs::a_flipped_loan_coverage_clause_is_reported, tests/parity_40a3.rs::a_reordered_but_equal_dump_passes, tests/parity_40a3.rs::an_invariant_not_evaluated_is_reported_even_without_violations, tests/parity_40a3.rs::synthetic_read_matches_the_python_golden, tests/parity_cash_book_integrity.rs::a_changed_value_is_reported, tests/parity_cash_book_integrity.rs::synthetic_read_matches_the_python_golden, tests/parity_financial_statements.rs::a_changed_value_is_reported, tests/parity_financial_statements.rs::closing_stock_from_the_stale_field_is_reported, tests/parity_financial_statements.rs::synthetic_read_matches_the_python_golden_with_report_totals, tests/parity_financial_statements.rs::synthetic_read_matches_the_python_golden_without_report_totals, tests/registry.rs::every_registered_test_matches_its_synthetic_golden
X20 killed (full) by 1: tests/own_account_terms.rs::a_malformed_value_fails_cash_book_integrity_alone
X22 killed (full) by 1: tests/edge_books.rs::every_edge_book_matches_the_reference
X23 killed (full) by 4: tests/edge_books.rs::every_edge_book_matches_the_reference, tests/parity_cash_book_integrity.rs::a_changed_value_is_reported, tests/parity_cash_book_integrity.rs::synthetic_read_matches_the_python_golden, tests/registry.rs::every_registered_test_matches_its_synthetic_golden
X24 killed (full) by 1: tests/edge_books.rs::every_edge_book_matches_the_reference
U01 killed (full) by 2: src/lib.rs::support::tests::exceptions_keep_their_character_and_everything_else_maps_as_rust_does, tests/edge_books.rs::every_edge_book_matches_the_reference
F02 killed (full) by 1: tests/parity.rs::a_repeated_id_or_an_unknown_key_is_reported
F01 killed (full) by 1: tests/parity.rs::a_repeated_id_or_an_unknown_key_is_reported
F03 killed (full) by 1: src/lib.rs::registry::tests::find_is_by_exact_id

50 of 50 killed

warning: 15 killed by fewer than 2 tests (a lower bound in killers-first mode):
  M31 (full): tests/edge_books.rs::every_edge_book_matches_the_reference
  X01 (full): tests/edge_books.rs::every_edge_book_matches_the_reference
  X02 (full): tests/edge_books.rs::every_edge_book_matches_the_reference
  X04 (full): tests/edge_books.rs::every_edge_book_matches_the_reference
  X05 (full): tests/edge_books.rs::every_edge_book_matches_the_reference
  X08 (full): tests/edge_books.rs::every_edge_book_matches_the_reference
  X09 (full): tests/edge_books.rs::every_edge_book_matches_the_reference
  X16 (full): tests/module_invariants_batch1.rs::cbi1_fires_on_a_tampered_opening_difference_and_cbi2_on_an_unwalked_negative_close
  X17 (full): tests/module_invariants_batch1.rs::lsc1_reports_a_tag_it_cannot_resolve
  X20 (full): tests/own_account_terms.rs::a_malformed_value_fails_cash_book_integrity_alone
  X22 (full): tests/edge_books.rs::every_edge_book_matches_the_reference
  X24 (full): tests/edge_books.rs::every_edge_book_matches_the_reference
  F01 (full): tests/parity.rs::a_repeated_id_or_an_unknown_key_is_reported
  F02 (full): tests/parity.rs::a_repeated_id_or_an_unknown_key_is_reported
  F03 (full): src/lib.rs::registry::tests::find_is_by_exact_id
