E2A-15 killed (full) by 3: src/lib.rs::documents::tests::a_bank_statement_is_read_as_the_emitter_writes_it_and_bad_shapes_refuse, tests/edge_books.rs::every_edge_book_matches_the_reference, tests/registry.rs::every_registered_test_matches_its_synthetic_golden
E2A-21 killed (full) by 1: src/lib.rs::documents::tests::a_bank_statement_is_read_as_the_emitter_writes_it_and_bad_shapes_refuse
F06 killed (full) by 1: src/lib.rs::ledger_ids::tests::guid_tag_strips_and_lowercases_as_python_does
E2A-20 killed (full) by 1: src/lib.rs::documents::tests::a_bank_statement_is_read_as_the_emitter_writes_it_and_bad_shapes_refuse
E2A-22 killed (full) by 1: src/lib.rs::documents::tests::a_bank_statement_is_read_as_the_emitter_writes_it_and_bad_shapes_refuse
E2A-33 killed (full) by 1: src/lib.rs::documents::tests::a_bank_statement_is_read_as_the_emitter_writes_it_and_bad_shapes_refuse
E2A-35 killed (full) by 1: src/lib.rs::documents::tests::a_bank_statement_is_read_as_the_emitter_writes_it_and_bad_shapes_refuse
E2A-34 killed (full) by 1: src/lib.rs::documents::tests::a_bank_statement_is_read_as_the_emitter_writes_it_and_bad_shapes_refuse
E3A-01 killed (full) by 1: tests/edge_books.rs::every_edge_book_matches_the_reference
E3A-02 killed (full) by 1: tests/edge_books.rs::every_edge_book_matches_the_reference
E3A-03 killed (full) by 1: tests/edge_books.rs::every_edge_book_matches_the_reference
E3A-04 killed (full) by 2: tests/edge_books.rs::a_goods_line_without_a_quantity_field_is_refused, tests/edge_books.rs::every_edge_book_matches_the_reference
E3A-05 killed (full) by 1: tests/edge_books.rs::every_edge_book_matches_the_reference
E3A-06 killed (full) by 1: tests/edge_books.rs::every_edge_book_matches_the_reference
E3A-07 killed (full) by 1: tests/edge_books.rs::every_edge_book_matches_the_reference
E3A-08 killed (full) by 1: tests/edge_books.rs::every_edge_book_matches_the_reference
E3A-09 killed (full) by 1: tests/edge_books.rs::every_edge_book_matches_the_reference
E3A-11 killed (full) by 1: tests/edge_books.rs::every_edge_book_matches_the_reference
E3A-10 killed (full) by 1: tests/edge_books.rs::a_goods_line_without_a_quantity_field_is_refused
E3A-12 killed (full) by 1: tests/edge_books.rs::every_edge_book_matches_the_reference
E3A-13 killed (full) by 2: tests/edge_books.rs::every_edge_book_matches_the_reference, tests/registry.rs::every_registered_test_matches_its_synthetic_golden
E3A-15 killed (full) by 2: tests/edge_books.rs::every_edge_book_matches_the_reference, tests/registry.rs::every_registered_test_matches_its_synthetic_golden
E3A-14 killed (full) by 1: tests/edge_books.rs::every_edge_book_matches_the_reference
E3A-16 killed (full) by 1: tests/edge_books.rs::every_edge_book_matches_the_reference
E3A-19 killed (full) by 2: tests/edge_books.rs::every_edge_book_matches_the_reference, tests/registry.rs::every_registered_test_matches_its_synthetic_golden
E3A-18 killed (full) by 3: tests/edge_books.rs::every_edge_book_matches_the_reference, tests/edge_books.rs::stock_counts_the_population_seeds_nil_and_goods_only_at_close, tests/registry.rs::every_registered_test_matches_its_synthetic_golden
E3A-17 killed (full) by 1: tests/edge_books.rs::every_edge_book_matches_the_reference
E3A-20 killed (full) by 1: tests/edge_books.rs::every_edge_book_matches_the_reference
E3A-22 killed (full) by 2: tests/edge_books.rs::every_edge_book_matches_the_reference, tests/registry.rs::every_registered_test_matches_its_synthetic_golden
E3A-21 killed (full) by 1: tests/edge_books.rs::every_edge_book_matches_the_reference
E3A-23 killed (full) by 1: tests/edge_books.rs::every_edge_book_matches_the_reference
E3A-24 killed (full) by 1: tests/edge_books.rs::every_edge_book_matches_the_reference
E3A-37 killed (full) by 1: tests/edge_books.rs::stock_counts_the_population_seeds_nil_and_goods_only_at_close
E3A-38 killed (full) by 1: tests/edge_books.rs::stock_counts_the_population_seeds_nil_and_goods_only_at_close
E3A-34 killed (full) by 1: tests/edge_books.rs::a_goods_line_without_a_quantity_field_is_refused
E3A-39 killed (full) by 1: tests/edge_books.rs::stock_counts_the_population_seeds_nil_and_goods_only_at_close
E3A-40 killed (full) by 1: tests/edge_books.rs::stock_counts_the_population_seeds_nil_and_goods_only_at_close

37 of 37 killed

warning: 30 killed by fewer than 2 tests (a lower bound in killers-first mode):
  F06 (full): src/lib.rs::ledger_ids::tests::guid_tag_strips_and_lowercases_as_python_does
  E2A-20 (full): src/lib.rs::documents::tests::a_bank_statement_is_read_as_the_emitter_writes_it_and_bad_shapes_refuse
  E2A-21 (full): src/lib.rs::documents::tests::a_bank_statement_is_read_as_the_emitter_writes_it_and_bad_shapes_refuse
  E2A-22 (full): src/lib.rs::documents::tests::a_bank_statement_is_read_as_the_emitter_writes_it_and_bad_shapes_refuse
  E2A-33 (full): src/lib.rs::documents::tests::a_bank_statement_is_read_as_the_emitter_writes_it_and_bad_shapes_refuse
  E2A-34 (full): src/lib.rs::documents::tests::a_bank_statement_is_read_as_the_emitter_writes_it_and_bad_shapes_refuse
  E2A-35 (full): src/lib.rs::documents::tests::a_bank_statement_is_read_as_the_emitter_writes_it_and_bad_shapes_refuse
  E3A-01 (full): tests/edge_books.rs::every_edge_book_matches_the_reference
  E3A-02 (full): tests/edge_books.rs::every_edge_book_matches_the_reference
  E3A-03 (full): tests/edge_books.rs::every_edge_book_matches_the_reference
  E3A-05 (full): tests/edge_books.rs::every_edge_book_matches_the_reference
  E3A-06 (full): tests/edge_books.rs::every_edge_book_matches_the_reference
  E3A-07 (full): tests/edge_books.rs::every_edge_book_matches_the_reference
  E3A-08 (full): tests/edge_books.rs::every_edge_book_matches_the_reference
  E3A-09 (full): tests/edge_books.rs::every_edge_book_matches_the_reference
  E3A-10 (full): tests/edge_books.rs::a_goods_line_without_a_quantity_field_is_refused
  E3A-11 (full): tests/edge_books.rs::every_edge_book_matches_the_reference
  E3A-12 (full): tests/edge_books.rs::every_edge_book_matches_the_reference
  E3A-14 (full): tests/edge_books.rs::every_edge_book_matches_the_reference
  E3A-16 (full): tests/edge_books.rs::every_edge_book_matches_the_reference
  E3A-17 (full): tests/edge_books.rs::every_edge_book_matches_the_reference
  E3A-20 (full): tests/edge_books.rs::every_edge_book_matches_the_reference
  E3A-21 (full): tests/edge_books.rs::every_edge_book_matches_the_reference
  E3A-23 (full): tests/edge_books.rs::every_edge_book_matches_the_reference
  E3A-24 (full): tests/edge_books.rs::every_edge_book_matches_the_reference
  E3A-34 (full): tests/edge_books.rs::a_goods_line_without_a_quantity_field_is_refused
  E3A-37 (full): tests/edge_books.rs::stock_counts_the_population_seeds_nil_and_goods_only_at_close
  E3A-38 (full): tests/edge_books.rs::stock_counts_the_population_seeds_nil_and_goods_only_at_close
  E3A-39 (full): tests/edge_books.rs::stock_counts_the_population_seeds_nil_and_goods_only_at_close
  E3A-40 (full): tests/edge_books.rs::stock_counts_the_population_seeds_nil_and_goods_only_at_close
