E1A-02 killed (full) by 1: src/lib.rs::book::tests::inventory_lines_match_the_reference_adapter
E1A-01 killed (full) by 2: src/lib.rs::book::tests::a_non_ascii_digit_is_refused_not_read, src/lib.rs::book::tests::inventory_lines_match_the_reference_adapter
B16 killed (full) by 2: tests/consumer_rules.rs::a_voucher_narration_is_read_and_stripped, tests/registry.rs::every_registered_test_matches_its_synthetic_golden
M29 killed (full) by 1: tests/consumer_rules.rs::a_voucher_narration_is_read_and_stripped
E1A-04 killed (full) by 1: src/lib.rs::book::tests::inventory_lines_match_the_reference_adapter
E1A-05 killed (full) by 1: src/lib.rs::book::tests::inventory_lines_match_the_reference_adapter
E1A-06 killed (full) by 2: src/lib.rs::book::tests::a_non_ascii_digit_is_refused_not_read, src/lib.rs::book::tests::inventory_lines_match_the_reference_adapter
E1A-03 killed (full) by 1: src/lib.rs::book::tests::inventory_lines_match_the_reference_adapter
E1A-07 killed (full) by 1: src/lib.rs::book::tests::inventory_lines_match_the_reference_adapter
E1A-08 killed (full) by 1: src/lib.rs::book::tests::inventory_lines_match_the_reference_adapter
E1A-10 killed (full) by 1: src/lib.rs::book::tests::inventory_lines_match_the_reference_adapter
E1A-09 killed (full) by 1: src/lib.rs::book::tests::inventory_lines_match_the_reference_adapter
E1A-12 killed (full) by 1: src/lib.rs::book::tests::inventory_lines_match_the_reference_adapter
E1A-11 killed (full) by 1: src/lib.rs::book::tests::inventory_lines_match_the_reference_adapter
E1A-14 killed (full) by 1: src/lib.rs::book::tests::inventory_lines_match_the_reference_adapter
E1A-13 killed (full) by 3: src/lib.rs::book::tests::inventory_lines_match_the_reference_adapter, src/lib.rs::stock_read::tests::the_reader_reads_what_the_reference_reads_and_refuses_by_code, tests/registry.rs::every_registered_test_matches_its_synthetic_golden
E1A-15 killed (full) by 1: src/lib.rs::book::tests::inventory_lines_match_the_reference_adapter
E1A-16 killed (full) by 1: src/lib.rs::book::tests::a_non_ascii_digit_is_refused_not_read
E1A-18 killed (full) by 1: src/lib.rs::book::tests::a_default_voucher_makes_the_population_refuse
E1A-17 killed (full) by 1: src/lib.rs::book::tests::inventory_lines_match_the_reference_adapter
E1A-R01 killed (full) by 1: src/lib.rs::book::tests::inventory_lines_match_the_reference_adapter
E1A-R02 killed (full) by 1: src/lib.rs::book::tests::inventory_lines_match_the_reference_adapter
E1A-R03 killed (full) by 1: src/lib.rs::book::tests::inventory_lines_match_the_reference_adapter
E1A-R04 killed (full) by 1: src/lib.rs::book::tests::inventory_lines_match_the_reference_adapter
E1A-R05 killed (full) by 1: src/lib.rs::book::tests::inventory_lines_match_the_reference_adapter
E1A-R06 killed (full) by 1: src/lib.rs::book::tests::a_non_ascii_digit_is_refused_not_read
E1A-R10 killed (full) by 1: src/lib.rs::book::tests::a_non_ascii_digit_is_refused_not_read
E1A-R11 killed (full) by 1: src/lib.rs::book::tests::a_non_ascii_digit_is_refused_not_read
E1A-R14 killed (full) by 1: src/lib.rs::book::tests::inventory_lines_match_the_reference_adapter
E1A-R15 killed (full) by 1: src/lib.rs::book::tests::inventory_lines_match_the_reference_adapter
E1A-19 killed (full) by 1: src/lib.rs::book::tests::inventory_lines_match_the_reference_adapter
E1A-R13 killed (full) by 1: src/lib.rs::book::tests::inventory_lines_match_the_reference_adapter
E1A-S01 killed (full) by 1: src/lib.rs::book::tests::inventory_lines_match_the_reference_adapter
E1A-S02 killed (full) by 1: src/lib.rs::book::tests::inventory_lines_match_the_reference_adapter
C2-34 killed (full) by 1: tests/consumer_rules.rs::a_voucher_party_field_is_read_and_stripped
FX1-01 killed (full) by 1: src/lib.rs::book::tests::foreign_amount_matches_what_the_reference_pattern_matches
FX1-02 killed (full) by 1: src/lib.rs::book::tests::foreign_amount_matches_what_the_reference_pattern_matches
FX1-03 killed (full) by 1: src/lib.rs::book::tests::foreign_amount_matches_what_the_reference_pattern_matches
FX1-04 killed (full) by 1: src/lib.rs::book::tests::foreign_amount_matches_what_the_reference_pattern_matches
FX1-05 killed (full) by 1: src/lib.rs::book::tests::foreign_amount_matches_what_the_reference_pattern_matches
FX1-06 killed (full) by 1: src/lib.rs::book::tests::foreign_amount_matches_what_the_reference_pattern_matches
FX1-08 killed (full) by 1: src/lib.rs::book::tests::foreign_amount_matches_what_the_reference_pattern_matches
FX1-07 killed (full) by 1: src/lib.rs::book::tests::foreign_amount_matches_what_the_reference_pattern_matches
FX1-09 killed (full) by 1: src/lib.rs::book::tests::foreign_amount_matches_what_the_reference_pattern_matches
FX1-10 killed (full) by 1: src/lib.rs::book::tests::foreign_amount_matches_what_the_reference_pattern_matches
FX1-11 killed (full) by 1: src/lib.rs::book::tests::foreign_amount_matches_what_the_reference_pattern_matches
FX1-12 killed (full) by 1: src/lib.rs::book::tests::foreign_amount_matches_what_the_reference_pattern_matches
FX1-13 killed (full) by 1: src/lib.rs::book::tests::foreign_amount_matches_what_the_reference_pattern_matches
FX1-14 killed (full) by 1: src/lib.rs::book::tests::foreign_amount_matches_what_the_reference_pattern_matches
FX1-15 killed (full) by 1: src/lib.rs::book::tests::foreign_amount_matches_what_the_reference_pattern_matches
FX1-16 killed (full) by 1: src/lib.rs::book::tests::foreign_amount_matches_what_the_reference_pattern_matches
FX1-17 killed (full) by 2: src/lib.rs::book::tests::every_list_anywhere_in_a_voucher_part_is_scanned, src/lib.rs::book::tests::ledger_masters_name_every_foreign_ledger
FX1-19 killed (full) by 1: src/lib.rs::book::tests::ledger_masters_name_every_foreign_ledger
FX1-20 killed (full) by 1: src/lib.rs::book::tests::a_foreign_ledger_with_no_name_is_skipped_unread
FX1-18 killed (full) by 4: src/lib.rs::book::tests::every_list_anywhere_in_a_voucher_part_is_scanned, src/lib.rs::book::tests::ledger_masters_name_every_foreign_ledger, src/lib.rs::book::tests::the_trial_balance_names_every_foreign_ledger_once, src/lib.rs::book::tests::voucher_lines_and_stock_lines_are_named
FX1-21 killed (full) by 1: src/lib.rs::book::tests::the_trial_balance_names_every_foreign_ledger_once
FX1-22 killed (full) by 1: src/lib.rs::book::tests::the_trial_balance_names_every_foreign_ledger_once
FX1-24 killed (full) by 1: src/lib.rs::book::tests::the_trial_balance_names_every_foreign_ledger_once
FX1-23 killed (full) by 1: src/lib.rs::book::tests::the_trial_balance_names_every_foreign_ledger_once
FX1-25 killed (full) by 1: src/lib.rs::book::tests::the_trial_balance_names_every_foreign_ledger_once
FX1-28 killed (full) by 1: src/lib.rs::book::tests::every_list_anywhere_in_a_voucher_part_is_scanned
FX1-27 killed (full) by 1: src/lib.rs::book::tests::every_list_anywhere_in_a_voucher_part_is_scanned
FX1-26 killed (full) by 2: src/lib.rs::book::tests::every_list_anywhere_in_a_voucher_part_is_scanned, src/lib.rs::book::tests::voucher_lines_and_stock_lines_are_named
FX1-29 killed (full) by 1: src/lib.rs::book::tests::every_list_anywhere_in_a_voucher_part_is_scanned
FX1-30 killed (full) by 1: src/lib.rs::book::tests::voucher_lines_and_stock_lines_are_named
FX1-33 killed (full) by 1: src/lib.rs::book::tests::foreign_amount_matches_what_the_reference_pattern_matches
FX1-31 killed (full) by 1: src/lib.rs::book::tests::every_list_anywhere_in_a_voucher_part_is_scanned
FX1-32 killed (full) by 1: src/lib.rs::book::tests::every_list_anywhere_in_a_voucher_part_is_scanned
FX1-34 killed (full) by 1: src/lib.rs::book::tests::every_list_anywhere_in_a_voucher_part_is_scanned
FX1-36 killed (full) by 1: src/lib.rs::book::tests::the_trial_balance_names_every_foreign_ledger_once
FX1-35 killed (full) by 1: src/lib.rs::book::tests::ledger_masters_name_every_foreign_ledger
FX1-37 killed (full) by 1: src/lib.rs::book::tests::foreign_amount_matches_what_the_reference_pattern_matches
FX1-38 killed (full) by 1: src/lib.rs::book::tests::only_the_first_amount_element_is_read
FX1-39 killed (full) by 1: src/lib.rs::book::tests::the_trial_balance_names_every_foreign_ledger_once
E2B-02 killed (full) by 1: src/lib.rs::book::tests::a_voucher_reference_is_read_as_the_reference_reads_it
E2B-01 killed (full) by 2: src/lib.rs::book::tests::a_voucher_reference_is_read_as_the_reference_reads_it, tests/registry.rs::every_registered_test_matches_its_synthetic_golden
E2B-03 killed (full) by 1: src/lib.rs::book::tests::a_voucher_reference_is_read_as_the_reference_reads_it
E2B-06 killed (full) by 1: src/lib.rs::book::tests::a_voucher_reference_is_read_as_the_reference_reads_it
E2B-07 killed (full) by 1: src/lib.rs::book::tests::a_voucher_reference_is_read_as_the_reference_reads_it
E2B-05 killed (full) by 1: src/lib.rs::book::tests::a_voucher_reference_is_read_as_the_reference_reads_it
E3A-31 killed (full) by 2: src/lib.rs::stock_read::tests::the_reader_reads_what_the_reference_reads_and_refuses_by_code, tests/registry.rs::every_registered_test_matches_its_synthetic_golden
E3A-32 killed (full) by 1: tests/registry.rs::every_registered_test_matches_its_synthetic_golden
E3A-35 killed (full) by 1: src/lib.rs::stock_read::tests::the_reader_reads_what_the_reference_reads_and_refuses_by_code

83 of 83 killed

warning: 74 killed by fewer than 2 tests (a lower bound in killers-first mode):
  M29 (full): tests/consumer_rules.rs::a_voucher_narration_is_read_and_stripped
  E1A-02 (full): src/lib.rs::book::tests::inventory_lines_match_the_reference_adapter
  E1A-03 (full): src/lib.rs::book::tests::inventory_lines_match_the_reference_adapter
  E1A-04 (full): src/lib.rs::book::tests::inventory_lines_match_the_reference_adapter
  E1A-05 (full): src/lib.rs::book::tests::inventory_lines_match_the_reference_adapter
  E1A-07 (full): src/lib.rs::book::tests::inventory_lines_match_the_reference_adapter
  E1A-08 (full): src/lib.rs::book::tests::inventory_lines_match_the_reference_adapter
  E1A-09 (full): src/lib.rs::book::tests::inventory_lines_match_the_reference_adapter
  E1A-10 (full): src/lib.rs::book::tests::inventory_lines_match_the_reference_adapter
  E1A-11 (full): src/lib.rs::book::tests::inventory_lines_match_the_reference_adapter
  E1A-12 (full): src/lib.rs::book::tests::inventory_lines_match_the_reference_adapter
  E1A-14 (full): src/lib.rs::book::tests::inventory_lines_match_the_reference_adapter
  E1A-15 (full): src/lib.rs::book::tests::inventory_lines_match_the_reference_adapter
  E1A-16 (full): src/lib.rs::book::tests::a_non_ascii_digit_is_refused_not_read
  E1A-17 (full): src/lib.rs::book::tests::inventory_lines_match_the_reference_adapter
  E1A-18 (full): src/lib.rs::book::tests::a_default_voucher_makes_the_population_refuse
  E1A-R01 (full): src/lib.rs::book::tests::inventory_lines_match_the_reference_adapter
  E1A-R02 (full): src/lib.rs::book::tests::inventory_lines_match_the_reference_adapter
  E1A-R03 (full): src/lib.rs::book::tests::inventory_lines_match_the_reference_adapter
  E1A-R04 (full): src/lib.rs::book::tests::inventory_lines_match_the_reference_adapter
  E1A-R05 (full): src/lib.rs::book::tests::inventory_lines_match_the_reference_adapter
  E1A-R06 (full): src/lib.rs::book::tests::a_non_ascii_digit_is_refused_not_read
  E1A-R10 (full): src/lib.rs::book::tests::a_non_ascii_digit_is_refused_not_read
  E1A-R11 (full): src/lib.rs::book::tests::a_non_ascii_digit_is_refused_not_read
  E1A-R13 (full): src/lib.rs::book::tests::inventory_lines_match_the_reference_adapter
  E1A-R14 (full): src/lib.rs::book::tests::inventory_lines_match_the_reference_adapter
  E1A-R15 (full): src/lib.rs::book::tests::inventory_lines_match_the_reference_adapter
  E1A-19 (full): src/lib.rs::book::tests::inventory_lines_match_the_reference_adapter
  E1A-S01 (full): src/lib.rs::book::tests::inventory_lines_match_the_reference_adapter
  E1A-S02 (full): src/lib.rs::book::tests::inventory_lines_match_the_reference_adapter
  C2-34 (full): tests/consumer_rules.rs::a_voucher_party_field_is_read_and_stripped
  FX1-01 (full): src/lib.rs::book::tests::foreign_amount_matches_what_the_reference_pattern_matches
  FX1-02 (full): src/lib.rs::book::tests::foreign_amount_matches_what_the_reference_pattern_matches
  FX1-03 (full): src/lib.rs::book::tests::foreign_amount_matches_what_the_reference_pattern_matches
  FX1-04 (full): src/lib.rs::book::tests::foreign_amount_matches_what_the_reference_pattern_matches
  FX1-05 (full): src/lib.rs::book::tests::foreign_amount_matches_what_the_reference_pattern_matches
  FX1-06 (full): src/lib.rs::book::tests::foreign_amount_matches_what_the_reference_pattern_matches
  FX1-07 (full): src/lib.rs::book::tests::foreign_amount_matches_what_the_reference_pattern_matches
  FX1-08 (full): src/lib.rs::book::tests::foreign_amount_matches_what_the_reference_pattern_matches
  FX1-09 (full): src/lib.rs::book::tests::foreign_amount_matches_what_the_reference_pattern_matches
  FX1-10 (full): src/lib.rs::book::tests::foreign_amount_matches_what_the_reference_pattern_matches
  FX1-11 (full): src/lib.rs::book::tests::foreign_amount_matches_what_the_reference_pattern_matches
  FX1-12 (full): src/lib.rs::book::tests::foreign_amount_matches_what_the_reference_pattern_matches
  FX1-13 (full): src/lib.rs::book::tests::foreign_amount_matches_what_the_reference_pattern_matches
  FX1-14 (full): src/lib.rs::book::tests::foreign_amount_matches_what_the_reference_pattern_matches
  FX1-15 (full): src/lib.rs::book::tests::foreign_amount_matches_what_the_reference_pattern_matches
  FX1-16 (full): src/lib.rs::book::tests::foreign_amount_matches_what_the_reference_pattern_matches
  FX1-19 (full): src/lib.rs::book::tests::ledger_masters_name_every_foreign_ledger
  FX1-20 (full): src/lib.rs::book::tests::a_foreign_ledger_with_no_name_is_skipped_unread
  FX1-21 (full): src/lib.rs::book::tests::the_trial_balance_names_every_foreign_ledger_once
  FX1-22 (full): src/lib.rs::book::tests::the_trial_balance_names_every_foreign_ledger_once
  FX1-23 (full): src/lib.rs::book::tests::the_trial_balance_names_every_foreign_ledger_once
  FX1-24 (full): src/lib.rs::book::tests::the_trial_balance_names_every_foreign_ledger_once
  FX1-25 (full): src/lib.rs::book::tests::the_trial_balance_names_every_foreign_ledger_once
  FX1-27 (full): src/lib.rs::book::tests::every_list_anywhere_in_a_voucher_part_is_scanned
  FX1-28 (full): src/lib.rs::book::tests::every_list_anywhere_in_a_voucher_part_is_scanned
  FX1-29 (full): src/lib.rs::book::tests::every_list_anywhere_in_a_voucher_part_is_scanned
  FX1-30 (full): src/lib.rs::book::tests::voucher_lines_and_stock_lines_are_named
  FX1-31 (full): src/lib.rs::book::tests::every_list_anywhere_in_a_voucher_part_is_scanned
  FX1-32 (full): src/lib.rs::book::tests::every_list_anywhere_in_a_voucher_part_is_scanned
  FX1-33 (full): src/lib.rs::book::tests::foreign_amount_matches_what_the_reference_pattern_matches
  FX1-34 (full): src/lib.rs::book::tests::every_list_anywhere_in_a_voucher_part_is_scanned
  FX1-35 (full): src/lib.rs::book::tests::ledger_masters_name_every_foreign_ledger
  FX1-36 (full): src/lib.rs::book::tests::the_trial_balance_names_every_foreign_ledger_once
  FX1-37 (full): src/lib.rs::book::tests::foreign_amount_matches_what_the_reference_pattern_matches
  FX1-38 (full): src/lib.rs::book::tests::only_the_first_amount_element_is_read
  FX1-39 (full): src/lib.rs::book::tests::the_trial_balance_names_every_foreign_ledger_once
  E2B-02 (full): src/lib.rs::book::tests::a_voucher_reference_is_read_as_the_reference_reads_it
  E2B-03 (full): src/lib.rs::book::tests::a_voucher_reference_is_read_as_the_reference_reads_it
  E2B-05 (full): src/lib.rs::book::tests::a_voucher_reference_is_read_as_the_reference_reads_it
  E2B-06 (full): src/lib.rs::book::tests::a_voucher_reference_is_read_as_the_reference_reads_it
  E2B-07 (full): src/lib.rs::book::tests::a_voucher_reference_is_read_as_the_reference_reads_it
  E3A-32 (full): tests/registry.rs::every_registered_test_matches_its_synthetic_golden
  E3A-35 (full): src/lib.rs::stock_read::tests::the_reader_reads_what_the_reference_reads_and_refuses_by_code
