M03 killed (full) by 1: tests/edge_books.rs::every_edge_book_matches_the_reference
M04 killed (full) by 1: tests/edge_books.rs::every_edge_book_matches_the_reference
M02 killed (full) by 1: tests/edge_books.rs::every_edge_book_matches_the_reference
M01 killed (full) by 1: tests/edge_books.rs::every_edge_book_matches_the_reference
M05 killed (full) by 1: tests/edge_books.rs::every_edge_book_matches_the_reference
M15 killed (full) by 1: tests/edge_books.rs::every_edge_book_matches_the_reference
M16 killed (full) by 1: tests/edge_books.rs::every_edge_book_matches_the_reference
M17 killed (full) by 1: tests/edge_books.rs::every_edge_book_matches_the_reference
M18 killed (full) by 1: tests/edge_books.rs::every_edge_book_matches_the_reference
M20 killed (full) by 1: tests/edge_books.rs::every_edge_book_matches_the_reference
M19 killed (full) by 1: tests/edge_books.rs::every_edge_book_matches_the_reference
M21 killed (full) by 1: tests/edge_books.rs::every_edge_book_matches_the_reference
M23 killed (full) by 1: tests/edge_books.rs::every_edge_book_matches_the_reference
M22 killed (full) by 1: tests/edge_books.rs::every_edge_book_matches_the_reference
M24 killed (full) by 2: src/lib.rs::support::tests::exceptions_keep_their_character_and_everything_else_maps_as_rust_does, tests/edge_books.rs::every_edge_book_matches_the_reference
M25 killed (full) by 2: tests/edge_books.rs::every_edge_book_matches_the_reference, tests/module_invariants_batch1.rs::edge_cash_book_narrations_and_expense_credits
M26 killed (full) by 1: tests/edge_books.rs::every_edge_book_matches_the_reference
M27 killed (full) by 4: tests/edge_books.rs::every_edge_book_matches_the_reference, tests/parity_cash_book_integrity.rs::a_changed_value_is_reported, tests/parity_cash_book_integrity.rs::synthetic_read_matches_the_python_golden, tests/registry.rs::every_registered_test_matches_its_synthetic_golden
M28 killed (full) by 4: tests/edge_books.rs::every_edge_book_matches_the_reference, tests/parity_cash_book_integrity.rs::a_changed_value_is_reported, tests/parity_cash_book_integrity.rs::synthetic_read_matches_the_python_golden, tests/registry.rs::every_registered_test_matches_its_synthetic_golden
M32 killed (full) by 4: tests/edge_books.rs::every_edge_book_matches_the_reference, tests/parity_trial_balance.rs::a_changed_value_is_reported, tests/parity_trial_balance.rs::synthetic_read_matches_the_python_golden, tests/registry.rs::every_registered_test_matches_its_synthetic_golden
B01 killed (full) by 4: tests/edge_books.rs::every_edge_book_matches_the_reference, tests/parity_trial_balance.rs::a_changed_value_is_reported, tests/parity_trial_balance.rs::synthetic_read_matches_the_python_golden, tests/registry.rs::every_registered_test_matches_its_synthetic_golden
B11 killed (full) by 5: tests/edge_books.rs::every_edge_book_matches_the_reference, tests/module_invariants_batch1.rs::edge_cash_book_narrations_and_expense_credits, tests/parity_cash_book_integrity.rs::a_changed_value_is_reported, tests/parity_cash_book_integrity.rs::synthetic_read_matches_the_python_golden, tests/registry.rs::every_registered_test_matches_its_synthetic_golden
B02 killed (full) by 4: tests/edge_books.rs::every_edge_book_matches_the_reference, tests/parity_trial_balance.rs::a_changed_value_is_reported, tests/parity_trial_balance.rs::synthetic_read_matches_the_python_golden, tests/registry.rs::every_registered_test_matches_its_synthetic_golden
B03 killed (full) by 4: tests/edge_books.rs::every_edge_book_matches_the_reference, tests/parity_trial_balance.rs::a_changed_value_is_reported, tests/parity_trial_balance.rs::synthetic_read_matches_the_python_golden, tests/registry.rs::every_registered_test_matches_its_synthetic_golden
B12 killed (full) by 2: tests/edge_books.rs::every_edge_book_matches_the_reference, tests/module_invariants_batch1.rs::edge_cash_book_lowest_day_is_the_first_of_equal_minima
B15 killed (full) by 2: tests/edge_books.rs::every_edge_book_matches_the_reference, tests/module_invariants_batch1.rs::cbi1_fires_on_a_tampered_opening_difference_and_cbi2_on_an_unwalked_negative_close
B13 killed (full) by 2: tests/edge_books.rs::every_edge_book_matches_the_reference, tests/module_invariants_batch1.rs::edge_cash_book_narrations_and_expense_credits
B14 killed (full) by 2: tests/edge_books.rs::every_edge_book_matches_the_reference, tests/module_invariants_batch1.rs::edge_cash_book_narrations_and_expense_credits
X01 killed (full) by 1: tests/edge_books.rs::every_edge_book_matches_the_reference
X02 killed (full) by 1: tests/edge_books.rs::every_edge_book_matches_the_reference
X04 killed (full) by 1: tests/edge_books.rs::every_edge_book_matches_the_reference
X03 killed (full) by 4: tests/edge_books.rs::every_edge_book_matches_the_reference, tests/parity_cash_book_integrity.rs::a_changed_value_is_reported, tests/parity_cash_book_integrity.rs::synthetic_read_matches_the_python_golden, tests/registry.rs::every_registered_test_matches_its_synthetic_golden
X05 killed (full) by 1: tests/edge_books.rs::every_edge_book_matches_the_reference
X06 killed (full) by 4: tests/edge_books.rs::every_edge_book_matches_the_reference, tests/parity_cash_book_integrity.rs::a_changed_value_is_reported, tests/parity_cash_book_integrity.rs::synthetic_read_matches_the_python_golden, tests/registry.rs::every_registered_test_matches_its_synthetic_golden
X11 survived (full)
X10 killed (full) by 1: tests/edge_books.rs::every_edge_book_matches_the_reference
X12 survived (full)
X15 killed (full) by 4: tests/edge_books.rs::every_edge_book_matches_the_reference, tests/parity_trial_balance.rs::a_changed_value_is_reported, tests/parity_trial_balance.rs::synthetic_read_matches_the_python_golden, tests/registry.rs::every_registered_test_matches_its_synthetic_golden
X16 killed (full) by 1: tests/module_invariants_batch1.rs::cbi1_fires_on_a_tampered_opening_difference_and_cbi2_on_an_unwalked_negative_close
X13 killed (full) by 9: src/lib.rs::applicability_44ab::tests::a_partial_comparison_source_is_never_differenced, src/lib.rs::support::tests::exceptions_keep_their_character_and_everything_else_maps_as_rust_does, tests/edge_books.rs::each_26as_invariant_fires_on_its_own_tampering, tests/edge_books.rs::every_edge_book_matches_the_reference, tests/edge_books.rs::the_26as_invariants_catch_a_row_of_the_wrong_part, tests/parity_applicability_44ab.rs::a_changed_call_is_reported, tests/parity_applicability_44ab.rs::a_changed_due_date_is_reported, tests/parity_applicability_44ab.rs::synthetic_read_matches_the_python_golden, tests/registry.rs::every_registered_test_matches_its_synthetic_golden
X18 killed (full) by 2: tests/edge_books.rs::every_edge_book_matches_the_reference, tests/module_invariants_batch1.rs::edge_cash_book_narrations_and_expense_credits
X19 killed (full) by 3: src/lib.rs::cash_payments_40a3::tests::a_voucher_without_a_number_is_labelled_by_the_last_12_characters_of_its_guid, src/lib.rs::depreciation::tests::a_voucher_without_a_number_is_labelled_by_the_last_12_characters_of_its_guid, tests/edge_books.rs::every_edge_book_matches_the_reference
X20 killed (full) by 1: tests/own_account_terms.rs::a_malformed_value_fails_cash_book_integrity_alone
X21 killed (full) by 14: tests/parity_40a3.rs::a_changed_value_is_reported, tests/parity_40a3.rs::a_flipped_confidence_is_reported, tests/parity_40a3.rs::a_flipped_goods_carriage_exemption_is_reported, tests/parity_40a3.rs::a_flipped_loan_coverage_clause_is_reported, tests/parity_40a3.rs::a_reordered_but_equal_dump_passes, tests/parity_40a3.rs::an_invariant_not_evaluated_is_reported_even_without_violations, tests/parity_40a3.rs::synthetic_read_matches_the_python_golden, tests/parity_cash_book_integrity.rs::a_changed_value_is_reported, tests/parity_cash_book_integrity.rs::synthetic_read_matches_the_python_golden, tests/parity_financial_statements.rs::a_changed_value_is_reported, tests/parity_financial_statements.rs::closing_stock_from_the_stale_field_is_reported, tests/parity_financial_statements.rs::synthetic_read_matches_the_python_golden_with_report_totals, tests/parity_financial_statements.rs::synthetic_read_matches_the_python_golden_without_report_totals, tests/registry.rs::every_registered_test_matches_its_synthetic_golden
X22 killed (full) by 1: tests/edge_books.rs::every_edge_book_matches_the_reference
X23 killed (full) by 4: tests/edge_books.rs::every_edge_book_matches_the_reference, tests/parity_cash_book_integrity.rs::a_changed_value_is_reported, tests/parity_cash_book_integrity.rs::synthetic_read_matches_the_python_golden, tests/registry.rs::every_registered_test_matches_its_synthetic_golden
U01 killed (full) by 2: src/lib.rs::support::tests::exceptions_keep_their_character_and_everything_else_maps_as_rust_does, tests/edge_books.rs::every_edge_book_matches_the_reference
X24 killed (full) by 1: tests/edge_books.rs::every_edge_book_matches_the_reference
F01 killed (full) by 1: tests/parity.rs::a_repeated_id_or_an_unknown_key_is_reported
F02 killed (full) by 1: tests/parity.rs::a_repeated_id_or_an_unknown_key_is_reported
F05 killed (full) by 5: src/lib.rs::binding::tests::a_guid_binds_across_python_only_whitespace_and_non_ascii_case, src/lib.rs::binding::tests::a_guid_binds_whatever_its_case_and_python_whitespace, src/lib.rs::ledger_ids::tests::guid_tag_strips_and_lowercases_as_python_does, src/lib.rs::support::text_probe_tests::strip_and_split_match_python, src/lib.rs::support::text_probe_tests::the_reference_regexes_match_as_python_does
T01 killed (full) by 2: src/lib.rs::support::tests::exceptions_keep_their_character_and_everything_else_maps_as_rust_does, src/lib.rs::support::text_probe_tests::lower_matches_python_including_final_sigma
T02 killed (full) by 1: src/lib.rs::support::text_probe_tests::the_reference_regexes_match_as_python_does
T03 killed (full) by 2: src/lib.rs::support::text_probe_tests::a_lower_case_literal_folds_like_its_capital, src/lib.rs::support::text_probe_tests::the_reference_regexes_match_as_python_does
T04 killed (full) by 1: src/lib.rs::support::text_probe_tests::the_reference_regexes_match_as_python_does
T05 killed (full) by 10: src/lib.rs::depreciation::tests::the_gst_tcs_name_check_ignores_case_and_needs_a_word, src/lib.rs::support::text_probe_tests::the_reference_regexes_match_as_python_does, tests/parity_depreciation.rs::a_changed_value_at_the_180_day_boundary_is_reported, tests/parity_depreciation.rs::a_changed_value_at_the_cash_limit_boundary_is_reported, tests/parity_depreciation.rs::a_changed_value_is_reported, tests/parity_depreciation.rs::a_flipped_confidence_is_reported, tests/parity_depreciation.rs::a_reordered_but_equal_dump_passes, tests/parity_depreciation.rs::synthetic_read_matches_the_python_golden, tests/parity_depreciation.rs::the_old_book_vs_act_title_is_reported, tests/registry.rs::every_registered_test_matches_its_synthetic_golden
T06 killed (full) by 1: src/lib.rs::support::text_probe_tests::a_lower_case_literal_folds_like_its_capital
A36 killed (full) by 4: src/lib.rs::book_keeping_quality::tests::masterid_is_read_as_python_int_reads_it, src/lib.rs::py_int_tests::past_the_i64_range_is_not_the_same_as_not_an_int, src/lib.rs::py_int_tests::py_int_takes_what_pythons_int_takes, tests/edge_books.rs::every_edge_book_matches_the_reference
Q01 killed (full) by 3: src/lib.rs::support::text_probe_tests::repr_and_isprintable_match_python, src/lib.rs::support::text_probe_tests::repr_takes_each_branch_as_python_does, tests/edge_books.rs::every_edge_book_matches_the_reference
Q02 killed (full) by 2: src/lib.rs::support::text_probe_tests::repr_and_isprintable_match_python, src/lib.rs::support::text_probe_tests::repr_takes_each_branch_as_python_does
Q03 killed (full) by 2: src/lib.rs::support::text_probe_tests::repr_and_isprintable_match_python, src/lib.rs::support::text_probe_tests::repr_takes_each_branch_as_python_does
Q04 killed (full) by 2: src/lib.rs::support::text_probe_tests::repr_and_isprintable_match_python, src/lib.rs::support::text_probe_tests::repr_takes_each_branch_as_python_does
Q05 killed (full) by 2: src/lib.rs::support::text_probe_tests::repr_and_isprintable_match_python, src/lib.rs::support::text_probe_tests::repr_takes_each_branch_as_python_does
Q06 killed (full) by 2: src/lib.rs::support::text_probe_tests::repr_and_isprintable_match_python, src/lib.rs::support::text_probe_tests::repr_takes_each_branch_as_python_does
Q07 killed (full) by 1: src/lib.rs::support::text_probe_tests::repr_and_isprintable_match_python
Q08 killed (full) by 2: src/lib.rs::support::text_probe_tests::repr_and_isprintable_match_python, src/lib.rs::support::text_probe_tests::repr_takes_each_branch_as_python_does
Q10 killed (full) by 2: src/lib.rs::support::text_probe_tests::repr_and_isprintable_match_python, src/lib.rs::support::text_probe_tests::repr_takes_each_branch_as_python_does
Q09 killed (full) by 2: src/lib.rs::support::text_probe_tests::repr_and_isprintable_match_python, src/lib.rs::support::text_probe_tests::repr_takes_each_branch_as_python_does
SB-01 killed (full) by 9: src/lib.rs::support::tests::rupees_groups_as_the_reference_does, tests/parity_40a3.rs::a_changed_value_is_reported, tests/parity_40a3.rs::a_flipped_confidence_is_reported, tests/parity_40a3.rs::a_flipped_goods_carriage_exemption_is_reported, tests/parity_40a3.rs::a_flipped_loan_coverage_clause_is_reported, tests/parity_40a3.rs::a_reordered_but_equal_dump_passes, tests/parity_40a3.rs::an_invariant_not_evaluated_is_reported_even_without_violations, tests/parity_40a3.rs::synthetic_read_matches_the_python_golden, tests/registry.rs::every_registered_test_matches_its_synthetic_golden
SB-02 killed (full) by 9: src/lib.rs::support::tests::rupees_groups_as_the_reference_does, tests/parity_depreciation.rs::a_changed_value_at_the_180_day_boundary_is_reported, tests/parity_depreciation.rs::a_changed_value_at_the_cash_limit_boundary_is_reported, tests/parity_depreciation.rs::a_changed_value_is_reported, tests/parity_depreciation.rs::a_flipped_confidence_is_reported, tests/parity_depreciation.rs::a_reordered_but_equal_dump_passes, tests/parity_depreciation.rs::synthetic_read_matches_the_python_golden, tests/parity_depreciation.rs::the_old_book_vs_act_title_is_reported, tests/registry.rs::every_registered_test_matches_its_synthetic_golden
SB-03 killed (full) by 1: src/lib.rs::support::tests::rupees_groups_as_the_reference_does
PI-01 killed (full) by 3: src/lib.rs::book_keeping_quality::tests::masterid_is_read_as_python_int_reads_it, src/lib.rs::py_int_tests::a_string_reads_as_pythons_int_reads_it, src/lib.rs::py_int_tests::past_the_i64_range_is_not_the_same_as_not_an_int
PI-02 killed (full) by 2: src/lib.rs::book_keeping_quality::tests::masterid_is_read_as_python_int_reads_it, src/lib.rs::py_int_tests::a_string_reads_as_pythons_int_reads_it
PI-03 killed (full) by 3: src/lib.rs::book_keeping_quality::tests::masterid_is_read_as_python_int_reads_it, src/lib.rs::py_int_tests::a_string_reads_as_pythons_int_reads_it, src/lib.rs::py_int_tests::past_the_i64_range_is_not_the_same_as_not_an_int
PI-05 killed (full) by 2: src/lib.rs::book_keeping_quality::tests::masterid_is_read_as_python_int_reads_it, src/lib.rs::py_int_tests::a_string_reads_as_pythons_int_reads_it
PI-06 killed (full) by 2: src/lib.rs::book_keeping_quality::tests::masterid_is_read_as_python_int_reads_it, src/lib.rs::py_int_tests::past_the_i64_range_is_not_the_same_as_not_an_int
PI-04 killed (full) by 2: src/lib.rs::book_keeping_quality::tests::masterid_is_read_as_python_int_reads_it, src/lib.rs::py_int_tests::a_string_reads_as_pythons_int_reads_it
PI-07 killed (full) by 1: src/lib.rs::py_int_tests::a_string_reads_as_pythons_int_reads_it
PI-09 killed (full) by 3: src/lib.rs::book_keeping_quality::tests::masterid_is_read_as_python_int_reads_it, src/lib.rs::py_int_tests::a_string_reads_as_pythons_int_reads_it, tests/edge_books.rs::every_edge_book_matches_the_reference
F644-01 killed (full) by 7: src/lib.rs::findings::tests::a_repeated_figure_id_is_refused_with_its_typed_error, src/lib.rs::loans_interest::tests::two_vouchers_sharing_a_row_figure_id_are_refused, src/lib.rs::tds_payees::tests::two_payees_sharing_a_figure_id_are_refused, tests/edge_books.rs::a_journal_on_one_ledger_is_refused_not_panicked, tests/edge_books.rs::a_party_tag_equal_to_a_fixed_row_is_refused_not_panicked, tests/edge_books.rs::a_repeated_books_guid_is_refused_not_panicked, tests/edge_books.rs::a_repeated_tis_category_is_refused
F644-02 killed (full) by 1: src/lib.rs::findings::tests::a_repeated_figure_id_is_refused_with_its_typed_error

81 of 81 killed

warning: 33 killed by fewer than 2 tests (a lower bound in killers-first mode):
  M01 (full): tests/edge_books.rs::every_edge_book_matches_the_reference
  M02 (full): tests/edge_books.rs::every_edge_book_matches_the_reference
  M03 (full): tests/edge_books.rs::every_edge_book_matches_the_reference
  M04 (full): tests/edge_books.rs::every_edge_book_matches_the_reference
  M05 (full): tests/edge_books.rs::every_edge_book_matches_the_reference
  M15 (full): tests/edge_books.rs::every_edge_book_matches_the_reference
  M16 (full): tests/edge_books.rs::every_edge_book_matches_the_reference
  M17 (full): tests/edge_books.rs::every_edge_book_matches_the_reference
  M18 (full): tests/edge_books.rs::every_edge_book_matches_the_reference
  M19 (full): tests/edge_books.rs::every_edge_book_matches_the_reference
  M20 (full): tests/edge_books.rs::every_edge_book_matches_the_reference
  M21 (full): tests/edge_books.rs::every_edge_book_matches_the_reference
  M22 (full): tests/edge_books.rs::every_edge_book_matches_the_reference
  M23 (full): tests/edge_books.rs::every_edge_book_matches_the_reference
  M26 (full): tests/edge_books.rs::every_edge_book_matches_the_reference
  X01 (full): tests/edge_books.rs::every_edge_book_matches_the_reference
  X02 (full): tests/edge_books.rs::every_edge_book_matches_the_reference
  X04 (full): tests/edge_books.rs::every_edge_book_matches_the_reference
  X05 (full): tests/edge_books.rs::every_edge_book_matches_the_reference
  X10 (full): tests/edge_books.rs::every_edge_book_matches_the_reference
  X16 (full): tests/module_invariants_batch1.rs::cbi1_fires_on_a_tampered_opening_difference_and_cbi2_on_an_unwalked_negative_close
  X20 (full): tests/own_account_terms.rs::a_malformed_value_fails_cash_book_integrity_alone
  X22 (full): tests/edge_books.rs::every_edge_book_matches_the_reference
  X24 (full): tests/edge_books.rs::every_edge_book_matches_the_reference
  F01 (full): tests/parity.rs::a_repeated_id_or_an_unknown_key_is_reported
  F02 (full): tests/parity.rs::a_repeated_id_or_an_unknown_key_is_reported
  T02 (full): src/lib.rs::support::text_probe_tests::the_reference_regexes_match_as_python_does
  T04 (full): src/lib.rs::support::text_probe_tests::the_reference_regexes_match_as_python_does
  T06 (full): src/lib.rs::support::text_probe_tests::a_lower_case_literal_folds_like_its_capital
  Q07 (full): src/lib.rs::support::text_probe_tests::repr_and_isprintable_match_python
  SB-03 (full): src/lib.rs::support::tests::rupees_groups_as_the_reference_does
  PI-07 (full): src/lib.rs::py_int_tests::a_string_reads_as_pythons_int_reads_it
  F644-02 (full): src/lib.rs::findings::tests::a_repeated_figure_id_is_refused_with_its_typed_error
