F06 killed (full) by 1: src/lib.rs::ledger_ids::tests::guid_tag_strips_and_lowercases_as_python_does
P01 killed (full) by 1: src/lib.rs::invariants::tests::pop5_names_blank_and_repeated_voucher_guids_in_the_population
B16 killed (full) by 2: tests/consumer_rules.rs::a_voucher_narration_is_read_and_stripped, tests/registry.rs::every_registered_test_matches_its_synthetic_golden
M29 killed (full) by 1: tests/consumer_rules.rs::a_voucher_narration_is_read_and_stripped
P02 killed (full) by 2: src/lib.rs::invariants::tests::pop5_names_blank_and_repeated_voucher_guids_in_the_population, tests/edge_books.rs::every_edge_book_matches_the_reference
C1-01 killed (full) by 1: tests/edge_books.rs::every_edge_book_matches_the_reference
P04 killed (full) by 39: src/lib.rs::invariants::tests::pop5_names_blank_and_repeated_voucher_guids_in_the_population, tests/edge_books.rs::every_edge_book_matches_the_reference, tests/parity.rs::a_changed_test_or_spec_version_is_reported, tests/parity.rs::a_changed_unit_is_reported, tests/parity.rs::a_changed_value_is_reported, tests/parity.rs::a_flipped_confidence_is_reported, tests/parity.rs::a_reordered_but_equal_dump_passes, tests/parity.rs::an_invariant_not_evaluated_is_reported_even_without_violations, tests/parity.rs::synthetic_read_matches_the_python_golden, tests/parity_40a3.rs::a_changed_value_is_reported, tests/parity_40a3.rs::a_flipped_confidence_is_reported, tests/parity_40a3.rs::a_flipped_goods_carriage_exemption_is_reported, tests/parity_40a3.rs::a_flipped_loan_coverage_clause_is_reported, tests/parity_40a3.rs::a_reordered_but_equal_dump_passes, tests/parity_40a3.rs::an_invariant_not_evaluated_is_reported_even_without_violations, tests/parity_40a3.rs::synthetic_read_matches_the_python_golden, tests/parity_applicability_44ab.rs::a_changed_call_is_reported, tests/parity_applicability_44ab.rs::a_changed_due_date_is_reported, tests/parity_applicability_44ab.rs::synthetic_read_matches_the_python_golden, tests/parity_cash_book_integrity.rs::a_changed_value_is_reported, tests/parity_cash_book_integrity.rs::synthetic_read_matches_the_python_golden, tests/parity_depreciation.rs::a_changed_value_at_the_180_day_boundary_is_reported, tests/parity_depreciation.rs::a_changed_value_at_the_cash_limit_boundary_is_reported, tests/parity_depreciation.rs::a_changed_value_is_reported, tests/parity_depreciation.rs::a_flipped_confidence_is_reported, tests/parity_depreciation.rs::a_reordered_but_equal_dump_passes, tests/parity_depreciation.rs::synthetic_read_matches_the_python_golden, tests/parity_depreciation.rs::the_old_book_vs_act_title_is_reported, tests/parity_financial_statements.rs::a_changed_value_is_reported, tests/parity_financial_statements.rs::closing_stock_from_the_stale_field_is_reported, tests/parity_financial_statements.rs::synthetic_read_matches_the_python_golden_with_report_totals, tests/parity_financial_statements.rs::synthetic_read_matches_the_python_golden_without_report_totals, tests/parity_ledger_scrutiny.rs::a_changed_value_is_reported, tests/parity_ledger_scrutiny.rs::synthetic_read_matches_the_python_golden, tests/parity_stale_balances_41_1.rs::a_changed_value_is_reported, tests/parity_stale_balances_41_1.rs::synthetic_read_matches_the_python_golden, tests/parity_trial_balance.rs::a_changed_value_is_reported, tests/parity_trial_balance.rs::synthetic_read_matches_the_python_golden, tests/registry.rs::every_registered_test_matches_its_synthetic_golden
P03 killed (full) by 1: src/lib.rs::invariants::tests::pop5_names_blank_and_repeated_voucher_guids_in_the_population
C1-02 killed (full) by 1: tests/edge_books.rs::every_edge_book_matches_the_reference
C1-03 killed (full) by 1: tests/edge_books.rs::every_edge_book_matches_the_reference
C1-04 killed (full) by 1: tests/edge_books.rs::every_edge_book_matches_the_reference
C1-05 killed (full) by 1: tests/edge_books.rs::every_edge_book_matches_the_reference
C1-06 killed (full) by 1: tests/edge_books.rs::every_edge_book_matches_the_reference
C1-09 killed (full) by 1: tests/edge_books.rs::every_edge_book_matches_the_reference
C1-07 killed (full) by 1: tests/edge_books.rs::every_edge_book_matches_the_reference
C1-08 killed (full) by 1: tests/edge_books.rs::every_edge_book_matches_the_reference
C1-10 killed (full) by 1: tests/edge_books.rs::every_edge_book_matches_the_reference
C1-11 killed (full) by 1: tests/edge_books.rs::every_edge_book_matches_the_reference
C1-13 killed (full) by 1: tests/edge_books.rs::every_edge_book_matches_the_reference
C1-12 killed (full) by 2: src/lib.rs::tds_payees::tests::two_payees_sharing_a_figure_id_are_refused, tests/edge_books.rs::every_edge_book_matches_the_reference
C1-14 killed (full) by 1: tests/edge_books.rs::every_edge_book_matches_the_reference
C1-15 killed (full) by 1: tests/edge_books.rs::every_edge_book_matches_the_reference
C1-16 killed (full) by 1: tests/edge_books.rs::every_edge_book_matches_the_reference
C1-17 killed (full) by 1: tests/edge_books.rs::every_edge_book_matches_the_reference
C1-18 killed (full) by 1: tests/edge_books.rs::every_edge_book_matches_the_reference
C1-20 killed (full) by 1: tests/edge_books.rs::every_edge_book_matches_the_reference
C1-19 killed (full) by 1: tests/edge_books.rs::every_edge_book_matches_the_reference
C1-21 killed (full) by 1: tests/edge_books.rs::every_edge_book_matches_the_reference
C1-22 killed (full) by 1: tests/edge_books.rs::every_edge_book_matches_the_reference
C1-23 killed (full) by 1: tests/edge_books.rs::every_edge_book_matches_the_reference
C1-24 killed (full) by 2: src/lib.rs::tds_payees::tests::deductor_status_is_never_assumed_for_an_individual_or_huf, tests/edge_books.rs::every_edge_book_matches_the_reference
C1-25 killed (full) by 2: src/lib.rs::tds_payees::tests::deductor_status_is_never_assumed_for_an_individual_or_huf, tests/edge_books.rs::every_edge_book_matches_the_reference
C1-26 killed (full) by 2: src/lib.rs::tds_payees::tests::deductor_status_is_never_assumed_for_an_individual_or_huf, tests/edge_books.rs::every_edge_book_matches_the_reference
C1-27 killed (full) by 1: tests/edge_books.rs::every_edge_book_matches_the_reference
C1-28 killed (full) by 1: tests/edge_books.rs::every_edge_book_matches_the_reference
C1-29 killed (full) by 1: tests/edge_books.rs::every_edge_book_matches_the_reference
C1-30 killed (full) by 1: tests/edge_books.rs::every_edge_book_matches_the_reference
C1-31 killed (full) by 1: tests/edge_books.rs::every_edge_book_matches_the_reference
C1-32 killed (full) by 1: src/lib.rs::tds_payees::tests::py_format_g_matches_python
C1-39 killed (full) by 1: src/lib.rs::tds_payees::tests::two_payees_sharing_a_figure_id_are_refused
E1A-01 killed (full) by 2: src/lib.rs::book::tests::a_non_ascii_digit_is_refused_not_read, src/lib.rs::book::tests::inventory_lines_match_the_reference_adapter
E1A-02 killed (full) by 1: src/lib.rs::book::tests::inventory_lines_match_the_reference_adapter
E1A-03 killed (full) by 1: src/lib.rs::book::tests::inventory_lines_match_the_reference_adapter
E1A-04 killed (full) by 1: src/lib.rs::book::tests::inventory_lines_match_the_reference_adapter
E1A-05 killed (full) by 1: src/lib.rs::book::tests::inventory_lines_match_the_reference_adapter
E1A-06 killed (full) by 2: src/lib.rs::book::tests::a_non_ascii_digit_is_refused_not_read, src/lib.rs::book::tests::inventory_lines_match_the_reference_adapter
E1A-07 killed (full) by 1: src/lib.rs::book::tests::inventory_lines_match_the_reference_adapter
E1A-08 killed (full) by 1: src/lib.rs::book::tests::inventory_lines_match_the_reference_adapter
E1A-09 killed (full) by 1: src/lib.rs::book::tests::inventory_lines_match_the_reference_adapter
E1A-10 killed (full) by 1: src/lib.rs::book::tests::inventory_lines_match_the_reference_adapter
E1A-11 killed (full) by 1: src/lib.rs::book::tests::inventory_lines_match_the_reference_adapter
E1A-12 killed (full) by 1: src/lib.rs::book::tests::inventory_lines_match_the_reference_adapter
E1A-13 killed (full) by 3: src/lib.rs::book::tests::inventory_lines_match_the_reference_adapter, src/lib.rs::stock_read::tests::the_reader_reads_what_the_reference_reads_and_refuses_by_code, tests/registry.rs::every_registered_test_matches_its_synthetic_golden
E1A-15 killed (full) by 1: src/lib.rs::book::tests::inventory_lines_match_the_reference_adapter
E1A-14 killed (full) by 1: src/lib.rs::book::tests::inventory_lines_match_the_reference_adapter
E1A-16 killed (full) by 1: src/lib.rs::book::tests::a_non_ascii_digit_is_refused_not_read
E1A-17 killed (full) by 1: src/lib.rs::book::tests::inventory_lines_match_the_reference_adapter
E1A-18 killed (full) by 1: src/lib.rs::book::tests::a_default_voucher_makes_the_population_refuse
E1A-R01 killed (full) by 1: src/lib.rs::book::tests::inventory_lines_match_the_reference_adapter
E1A-R02 killed (full) by 1: src/lib.rs::book::tests::inventory_lines_match_the_reference_adapter
E1A-R03 killed (full) by 1: src/lib.rs::book::tests::inventory_lines_match_the_reference_adapter
E1A-R04 killed (full) by 1: src/lib.rs::book::tests::inventory_lines_match_the_reference_adapter
E1A-R05 killed (full) by 1: src/lib.rs::book::tests::inventory_lines_match_the_reference_adapter
E1A-R06 killed (full) by 1: src/lib.rs::book::tests::a_non_ascii_digit_is_refused_not_read
E1A-R10 killed (full) by 1: src/lib.rs::book::tests::a_non_ascii_digit_is_refused_not_read
E1A-R11 killed (full) by 1: src/lib.rs::book::tests::a_non_ascii_digit_is_refused_not_read
E1A-R14 killed (full) by 1: src/lib.rs::book::tests::inventory_lines_match_the_reference_adapter
E1A-R13 killed (full) by 1: src/lib.rs::book::tests::inventory_lines_match_the_reference_adapter
E1A-R15 killed (full) by 1: src/lib.rs::book::tests::inventory_lines_match_the_reference_adapter
E1A-19 killed (full) by 1: src/lib.rs::book::tests::inventory_lines_match_the_reference_adapter
E1A-S01 killed (full) by 1: src/lib.rs::book::tests::inventory_lines_match_the_reference_adapter
E1A-S02 killed (full) by 1: src/lib.rs::book::tests::inventory_lines_match_the_reference_adapter
C2-01 killed (full) by 1: tests/edge_books.rs::every_edge_book_matches_the_reference
C2-02 killed (full) by 1: tests/edge_books.rs::every_edge_book_matches_the_reference
C2-03 killed (full) by 3: tests/edge_books.rs::each_26as_invariant_fires_on_its_own_tampering, tests/edge_books.rs::every_edge_book_matches_the_reference, tests/registry.rs::every_registered_test_matches_its_synthetic_golden
C2-04 killed (full) by 2: tests/edge_books.rs::each_26as_invariant_fires_on_its_own_tampering, tests/edge_books.rs::every_edge_book_matches_the_reference
C2-05 killed (full) by 1: tests/edge_books.rs::every_edge_book_matches_the_reference
C2-06 killed (full) by 2: tests/edge_books.rs::every_edge_book_matches_the_reference, tests/registry.rs::every_registered_test_matches_its_synthetic_golden
C2-07 killed (full) by 1: tests/edge_books.rs::every_edge_book_matches_the_reference
C2-09 killed (full) by 1: tests/edge_books.rs::every_edge_book_matches_the_reference
C2-08 killed (full) by 2: tests/edge_books.rs::every_edge_book_matches_the_reference, tests/registry.rs::every_registered_test_matches_its_synthetic_golden
C2-10 killed (full) by 2: tests/edge_books.rs::each_26as_invariant_fires_on_its_own_tampering, tests/edge_books.rs::every_edge_book_matches_the_reference
C2-11 killed (full) by 1: tests/edge_books.rs::the_26as_invariants_catch_a_row_of_the_wrong_part
C2-12 killed (full) by 1: tests/edge_books.rs::every_edge_book_matches_the_reference
C2-13 killed (full) by 1: tests/edge_books.rs::every_edge_book_matches_the_reference
C2-14 killed (full) by 1: tests/edge_books.rs::every_edge_book_matches_the_reference
C2-15 killed (full) by 1: tests/edge_books.rs::every_edge_book_matches_the_reference
C2-16 killed (full) by 1: tests/edge_books.rs::every_edge_book_matches_the_reference
C2-17 killed (full) by 1: tests/edge_books.rs::every_edge_book_matches_the_reference
C2-18 killed (full) by 1: tests/edge_books.rs::every_edge_book_matches_the_reference
C2-19 killed (full) by 1: tests/edge_books.rs::every_edge_book_matches_the_reference
C2-20 killed (full) by 3: tests/edge_books.rs::each_26as_invariant_fires_on_its_own_tampering, tests/edge_books.rs::every_edge_book_matches_the_reference, tests/edge_books.rs::the_26as_invariants_catch_a_row_of_the_wrong_part
C2-21 killed (full) by 1: tests/edge_books.rs::every_edge_book_matches_the_reference
C2-22 killed (full) by 1: tests/edge_books.rs::every_edge_book_matches_the_reference
C2-23 killed (full) by 1: tests/edge_books.rs::every_edge_book_matches_the_reference
C2-24 killed (full) by 1: tests/edge_books.rs::every_edge_book_matches_the_reference
C2-25 killed (full) by 2: tests/edge_books.rs::every_edge_book_matches_the_reference, tests/registry.rs::every_registered_test_matches_its_synthetic_golden
C2-26 killed (full) by 1: tests/edge_books.rs::every_edge_book_matches_the_reference
C2-28 killed (full) by 1: tests/edge_books.rs::a_repeated_tis_category_is_refused
C2-27 killed (full) by 2: tests/edge_books.rs::every_edge_book_matches_the_reference, tests/registry.rs::every_registered_test_matches_its_synthetic_golden
C2-30 killed (full) by 1: tests/edge_books.rs::the_26as_invariants_catch_a_row_of_the_wrong_part
C2-29 killed (full) by 3: tests/edge_books.rs::each_26as_invariant_fires_on_its_own_tampering, tests/edge_books.rs::every_edge_book_matches_the_reference, tests/edge_books.rs::the_26as_invariants_catch_a_row_of_the_wrong_part
C2-31 killed (full) by 3: tests/edge_books.rs::each_26as_invariant_fires_on_its_own_tampering, tests/edge_books.rs::every_edge_book_matches_the_reference, tests/edge_books.rs::the_26as_invariants_catch_a_row_of_the_wrong_part
C2-37 killed (full) by 1: tests/edge_books.rs::each_26as_invariant_fires_on_its_own_tampering
C2-36 killed (full) by 1: tests/edge_books.rs::each_26as_invariant_fires_on_its_own_tampering
C2-34 killed (full) by 1: tests/consumer_rules.rs::a_voucher_party_field_is_read_and_stripped
C2-38 killed (full) by 1: tests/edge_books.rs::each_26as_invariant_fires_on_its_own_tampering
C2-41 killed (full) by 1: tests/edge_books.rs::each_26as_invariant_fires_on_its_own_tampering
C2-40 killed (full) by 1: tests/edge_books.rs::each_26as_invariant_fires_on_its_own_tampering
C2-39 killed (full) by 1: tests/edge_books.rs::each_26as_invariant_fires_on_its_own_tampering
FX1-01 killed (full) by 1: src/lib.rs::book::tests::foreign_amount_matches_what_the_reference_pattern_matches
FX1-03 killed (full) by 1: src/lib.rs::book::tests::foreign_amount_matches_what_the_reference_pattern_matches
FX1-02 killed (full) by 1: src/lib.rs::book::tests::foreign_amount_matches_what_the_reference_pattern_matches
FX1-04 killed (full) by 1: src/lib.rs::book::tests::foreign_amount_matches_what_the_reference_pattern_matches
FX1-05 killed (full) by 1: src/lib.rs::book::tests::foreign_amount_matches_what_the_reference_pattern_matches
FX1-06 killed (full) by 1: src/lib.rs::book::tests::foreign_amount_matches_what_the_reference_pattern_matches
FX1-07 killed (full) by 1: src/lib.rs::book::tests::foreign_amount_matches_what_the_reference_pattern_matches
FX1-08 killed (full) by 1: src/lib.rs::book::tests::foreign_amount_matches_what_the_reference_pattern_matches
FX1-09 killed (full) by 1: src/lib.rs::book::tests::foreign_amount_matches_what_the_reference_pattern_matches
FX1-11 killed (full) by 1: src/lib.rs::book::tests::foreign_amount_matches_what_the_reference_pattern_matches
FX1-10 killed (full) by 1: src/lib.rs::book::tests::foreign_amount_matches_what_the_reference_pattern_matches
FX1-12 killed (full) by 1: src/lib.rs::book::tests::foreign_amount_matches_what_the_reference_pattern_matches
FX1-13 killed (full) by 1: src/lib.rs::book::tests::foreign_amount_matches_what_the_reference_pattern_matches
FX1-15 killed (full) by 1: src/lib.rs::book::tests::foreign_amount_matches_what_the_reference_pattern_matches
FX1-16 killed (full) by 1: src/lib.rs::book::tests::foreign_amount_matches_what_the_reference_pattern_matches
FX1-14 killed (full) by 1: src/lib.rs::book::tests::foreign_amount_matches_what_the_reference_pattern_matches
FX1-19 killed (full) by 1: src/lib.rs::book::tests::ledger_masters_name_every_foreign_ledger
FX1-17 killed (full) by 2: src/lib.rs::book::tests::every_list_anywhere_in_a_voucher_part_is_scanned, src/lib.rs::book::tests::ledger_masters_name_every_foreign_ledger
FX1-18 killed (full) by 4: src/lib.rs::book::tests::every_list_anywhere_in_a_voucher_part_is_scanned, src/lib.rs::book::tests::ledger_masters_name_every_foreign_ledger, src/lib.rs::book::tests::the_trial_balance_names_every_foreign_ledger_once, src/lib.rs::book::tests::voucher_lines_and_stock_lines_are_named
FX1-20 killed (full) by 1: src/lib.rs::book::tests::a_foreign_ledger_with_no_name_is_skipped_unread
FX1-21 killed (full) by 1: src/lib.rs::book::tests::the_trial_balance_names_every_foreign_ledger_once
FX1-22 killed (full) by 1: src/lib.rs::book::tests::the_trial_balance_names_every_foreign_ledger_once
FX1-23 killed (full) by 1: src/lib.rs::book::tests::the_trial_balance_names_every_foreign_ledger_once
FX1-24 killed (full) by 1: src/lib.rs::book::tests::the_trial_balance_names_every_foreign_ledger_once
FX1-25 killed (full) by 1: src/lib.rs::book::tests::the_trial_balance_names_every_foreign_ledger_once
FX1-28 killed (full) by 1: src/lib.rs::book::tests::every_list_anywhere_in_a_voucher_part_is_scanned
FX1-26 killed (full) by 2: src/lib.rs::book::tests::every_list_anywhere_in_a_voucher_part_is_scanned, src/lib.rs::book::tests::voucher_lines_and_stock_lines_are_named
FX1-27 killed (full) by 1: src/lib.rs::book::tests::every_list_anywhere_in_a_voucher_part_is_scanned
FX1-30 killed (full) by 1: src/lib.rs::book::tests::voucher_lines_and_stock_lines_are_named
FX1-29 killed (full) by 1: src/lib.rs::book::tests::every_list_anywhere_in_a_voucher_part_is_scanned
FX1-31 killed (full) by 1: src/lib.rs::book::tests::every_list_anywhere_in_a_voucher_part_is_scanned
FX1-32 killed (full) by 1: src/lib.rs::book::tests::every_list_anywhere_in_a_voucher_part_is_scanned
FX1-33 killed (full) by 1: src/lib.rs::book::tests::foreign_amount_matches_what_the_reference_pattern_matches
FX1-34 killed (full) by 1: src/lib.rs::book::tests::every_list_anywhere_in_a_voucher_part_is_scanned
FX1-35 killed (full) by 1: src/lib.rs::book::tests::ledger_masters_name_every_foreign_ledger
FX1-36 killed (full) by 1: src/lib.rs::book::tests::the_trial_balance_names_every_foreign_ledger_once
FX1-37 killed (full) by 1: src/lib.rs::book::tests::foreign_amount_matches_what_the_reference_pattern_matches
FX1-38 killed (full) by 1: src/lib.rs::book::tests::only_the_first_amount_element_is_read
E2B-01 killed (full) by 2: src/lib.rs::book::tests::a_voucher_reference_is_read_as_the_reference_reads_it, tests/registry.rs::every_registered_test_matches_its_synthetic_golden
FX1-39 killed (full) by 1: src/lib.rs::book::tests::the_trial_balance_names_every_foreign_ledger_once
E2B-02 killed (full) by 1: src/lib.rs::book::tests::a_voucher_reference_is_read_as_the_reference_reads_it
E2B-03 killed (full) by 1: src/lib.rs::book::tests::a_voucher_reference_is_read_as_the_reference_reads_it
E2B-05 killed (full) by 1: src/lib.rs::book::tests::a_voucher_reference_is_read_as_the_reference_reads_it
E2B-06 killed (full) by 1: src/lib.rs::book::tests::a_voucher_reference_is_read_as_the_reference_reads_it
E2B-07 killed (full) by 1: src/lib.rs::book::tests::a_voucher_reference_is_read_as_the_reference_reads_it
E2A-15 killed (full) by 3: src/lib.rs::documents::tests::a_bank_statement_is_read_as_the_emitter_writes_it_and_bad_shapes_refuse, tests/edge_books.rs::every_edge_book_matches_the_reference, tests/registry.rs::every_registered_test_matches_its_synthetic_golden
E2A-20 killed (full) by 1: src/lib.rs::documents::tests::a_bank_statement_is_read_as_the_emitter_writes_it_and_bad_shapes_refuse
E2A-21 killed (full) by 1: src/lib.rs::documents::tests::a_bank_statement_is_read_as_the_emitter_writes_it_and_bad_shapes_refuse
E2A-22 killed (full) by 1: src/lib.rs::documents::tests::a_bank_statement_is_read_as_the_emitter_writes_it_and_bad_shapes_refuse
E2A-33 killed (full) by 1: src/lib.rs::documents::tests::a_bank_statement_is_read_as_the_emitter_writes_it_and_bad_shapes_refuse
E2A-35 killed (full) by 1: src/lib.rs::documents::tests::a_bank_statement_is_read_as_the_emitter_writes_it_and_bad_shapes_refuse
E2A-34 killed (full) by 1: src/lib.rs::documents::tests::a_bank_statement_is_read_as_the_emitter_writes_it_and_bad_shapes_refuse
E3A-31 killed (full) by 2: src/lib.rs::stock_read::tests::the_reader_reads_what_the_reference_reads_and_refuses_by_code, tests/registry.rs::every_registered_test_matches_its_synthetic_golden
E3A-32 killed (full) by 1: tests/registry.rs::every_registered_test_matches_its_synthetic_golden
E3A-35 killed (full) by 1: src/lib.rs::stock_read::tests::the_reader_reads_what_the_reference_reads_and_refuses_by_code

165 of 165 killed

warning: 139 killed by fewer than 2 tests (a lower bound in killers-first mode):
  M29 (full): tests/consumer_rules.rs::a_voucher_narration_is_read_and_stripped
  F06 (full): src/lib.rs::ledger_ids::tests::guid_tag_strips_and_lowercases_as_python_does
  P01 (full): src/lib.rs::invariants::tests::pop5_names_blank_and_repeated_voucher_guids_in_the_population
  P03 (full): src/lib.rs::invariants::tests::pop5_names_blank_and_repeated_voucher_guids_in_the_population
  C1-01 (full): tests/edge_books.rs::every_edge_book_matches_the_reference
  C1-02 (full): tests/edge_books.rs::every_edge_book_matches_the_reference
  C1-03 (full): tests/edge_books.rs::every_edge_book_matches_the_reference
  C1-04 (full): tests/edge_books.rs::every_edge_book_matches_the_reference
  C1-05 (full): tests/edge_books.rs::every_edge_book_matches_the_reference
  C1-06 (full): tests/edge_books.rs::every_edge_book_matches_the_reference
  C1-07 (full): tests/edge_books.rs::every_edge_book_matches_the_reference
  C1-08 (full): tests/edge_books.rs::every_edge_book_matches_the_reference
  C1-09 (full): tests/edge_books.rs::every_edge_book_matches_the_reference
  C1-10 (full): tests/edge_books.rs::every_edge_book_matches_the_reference
  C1-11 (full): tests/edge_books.rs::every_edge_book_matches_the_reference
  C1-13 (full): tests/edge_books.rs::every_edge_book_matches_the_reference
  C1-14 (full): tests/edge_books.rs::every_edge_book_matches_the_reference
  C1-15 (full): tests/edge_books.rs::every_edge_book_matches_the_reference
  C1-16 (full): tests/edge_books.rs::every_edge_book_matches_the_reference
  C1-17 (full): tests/edge_books.rs::every_edge_book_matches_the_reference
  C1-18 (full): tests/edge_books.rs::every_edge_book_matches_the_reference
  C1-19 (full): tests/edge_books.rs::every_edge_book_matches_the_reference
  C1-20 (full): tests/edge_books.rs::every_edge_book_matches_the_reference
  C1-21 (full): tests/edge_books.rs::every_edge_book_matches_the_reference
  C1-22 (full): tests/edge_books.rs::every_edge_book_matches_the_reference
  C1-23 (full): tests/edge_books.rs::every_edge_book_matches_the_reference
  C1-27 (full): tests/edge_books.rs::every_edge_book_matches_the_reference
  C1-28 (full): tests/edge_books.rs::every_edge_book_matches_the_reference
  C1-29 (full): tests/edge_books.rs::every_edge_book_matches_the_reference
  C1-30 (full): tests/edge_books.rs::every_edge_book_matches_the_reference
  C1-31 (full): tests/edge_books.rs::every_edge_book_matches_the_reference
  C1-32 (full): src/lib.rs::tds_payees::tests::py_format_g_matches_python
  C1-39 (full): src/lib.rs::tds_payees::tests::two_payees_sharing_a_figure_id_are_refused
  E1A-02 (full): src/lib.rs::book::tests::inventory_lines_match_the_reference_adapter
  E1A-03 (full): src/lib.rs::book::tests::inventory_lines_match_the_reference_adapter
  E1A-04 (full): src/lib.rs::book::tests::inventory_lines_match_the_reference_adapter
  E1A-05 (full): src/lib.rs::book::tests::inventory_lines_match_the_reference_adapter
  E1A-07 (full): src/lib.rs::book::tests::inventory_lines_match_the_reference_adapter
  E1A-08 (full): src/lib.rs::book::tests::inventory_lines_match_the_reference_adapter
  E1A-09 (full): src/lib.rs::book::tests::inventory_lines_match_the_reference_adapter
  E1A-10 (full): src/lib.rs::book::tests::inventory_lines_match_the_reference_adapter
  E1A-11 (full): src/lib.rs::book::tests::inventory_lines_match_the_reference_adapter
  E1A-12 (full): src/lib.rs::book::tests::inventory_lines_match_the_reference_adapter
  E1A-14 (full): src/lib.rs::book::tests::inventory_lines_match_the_reference_adapter
  E1A-15 (full): src/lib.rs::book::tests::inventory_lines_match_the_reference_adapter
  E1A-16 (full): src/lib.rs::book::tests::a_non_ascii_digit_is_refused_not_read
  E1A-17 (full): src/lib.rs::book::tests::inventory_lines_match_the_reference_adapter
  E1A-18 (full): src/lib.rs::book::tests::a_default_voucher_makes_the_population_refuse
  E1A-R01 (full): src/lib.rs::book::tests::inventory_lines_match_the_reference_adapter
  E1A-R02 (full): src/lib.rs::book::tests::inventory_lines_match_the_reference_adapter
  E1A-R03 (full): src/lib.rs::book::tests::inventory_lines_match_the_reference_adapter
  E1A-R04 (full): src/lib.rs::book::tests::inventory_lines_match_the_reference_adapter
  E1A-R05 (full): src/lib.rs::book::tests::inventory_lines_match_the_reference_adapter
  E1A-R06 (full): src/lib.rs::book::tests::a_non_ascii_digit_is_refused_not_read
  E1A-R10 (full): src/lib.rs::book::tests::a_non_ascii_digit_is_refused_not_read
  E1A-R11 (full): src/lib.rs::book::tests::a_non_ascii_digit_is_refused_not_read
  E1A-R13 (full): src/lib.rs::book::tests::inventory_lines_match_the_reference_adapter
  E1A-R14 (full): src/lib.rs::book::tests::inventory_lines_match_the_reference_adapter
  E1A-R15 (full): src/lib.rs::book::tests::inventory_lines_match_the_reference_adapter
  E1A-19 (full): src/lib.rs::book::tests::inventory_lines_match_the_reference_adapter
  E1A-S01 (full): src/lib.rs::book::tests::inventory_lines_match_the_reference_adapter
  E1A-S02 (full): src/lib.rs::book::tests::inventory_lines_match_the_reference_adapter
  C2-01 (full): tests/edge_books.rs::every_edge_book_matches_the_reference
  C2-02 (full): tests/edge_books.rs::every_edge_book_matches_the_reference
  C2-05 (full): tests/edge_books.rs::every_edge_book_matches_the_reference
  C2-07 (full): tests/edge_books.rs::every_edge_book_matches_the_reference
  C2-09 (full): tests/edge_books.rs::every_edge_book_matches_the_reference
  C2-11 (full): tests/edge_books.rs::the_26as_invariants_catch_a_row_of_the_wrong_part
  C2-12 (full): tests/edge_books.rs::every_edge_book_matches_the_reference
  C2-13 (full): tests/edge_books.rs::every_edge_book_matches_the_reference
  C2-14 (full): tests/edge_books.rs::every_edge_book_matches_the_reference
  C2-15 (full): tests/edge_books.rs::every_edge_book_matches_the_reference
  C2-16 (full): tests/edge_books.rs::every_edge_book_matches_the_reference
  C2-17 (full): tests/edge_books.rs::every_edge_book_matches_the_reference
  C2-18 (full): tests/edge_books.rs::every_edge_book_matches_the_reference
  C2-19 (full): tests/edge_books.rs::every_edge_book_matches_the_reference
  C2-21 (full): tests/edge_books.rs::every_edge_book_matches_the_reference
  C2-22 (full): tests/edge_books.rs::every_edge_book_matches_the_reference
  C2-23 (full): tests/edge_books.rs::every_edge_book_matches_the_reference
  C2-24 (full): tests/edge_books.rs::every_edge_book_matches_the_reference
  C2-26 (full): tests/edge_books.rs::every_edge_book_matches_the_reference
  C2-28 (full): tests/edge_books.rs::a_repeated_tis_category_is_refused
  C2-30 (full): tests/edge_books.rs::the_26as_invariants_catch_a_row_of_the_wrong_part
  C2-34 (full): tests/consumer_rules.rs::a_voucher_party_field_is_read_and_stripped
  C2-36 (full): tests/edge_books.rs::each_26as_invariant_fires_on_its_own_tampering
  C2-37 (full): tests/edge_books.rs::each_26as_invariant_fires_on_its_own_tampering
  C2-38 (full): tests/edge_books.rs::each_26as_invariant_fires_on_its_own_tampering
  C2-39 (full): tests/edge_books.rs::each_26as_invariant_fires_on_its_own_tampering
  C2-40 (full): tests/edge_books.rs::each_26as_invariant_fires_on_its_own_tampering
  C2-41 (full): tests/edge_books.rs::each_26as_invariant_fires_on_its_own_tampering
  FX1-01 (full): src/lib.rs::book::tests::foreign_amount_matches_what_the_reference_pattern_matches
  FX1-02 (full): src/lib.rs::book::tests::foreign_amount_matches_what_the_reference_pattern_matches
  FX1-03 (full): src/lib.rs::book::tests::foreign_amount_matches_what_the_reference_pattern_matches
  FX1-04 (full): src/lib.rs::book::tests::foreign_amount_matches_what_the_reference_pattern_matches
  FX1-05 (full): src/lib.rs::book::tests::foreign_amount_matches_what_the_reference_pattern_matches
  FX1-06 (full): src/lib.rs::book::tests::foreign_amount_matches_what_the_reference_pattern_matches
  FX1-07 (full): src/lib.rs::book::tests::foreign_amount_matches_what_the_reference_pattern_matches
  FX1-08 (full): src/lib.rs::book::tests::foreign_amount_matches_what_the_reference_pattern_matches
  FX1-09 (full): src/lib.rs::book::tests::foreign_amount_matches_what_the_reference_pattern_matches
  FX1-10 (full): src/lib.rs::book::tests::foreign_amount_matches_what_the_reference_pattern_matches
  FX1-11 (full): src/lib.rs::book::tests::foreign_amount_matches_what_the_reference_pattern_matches
  FX1-12 (full): src/lib.rs::book::tests::foreign_amount_matches_what_the_reference_pattern_matches
  FX1-13 (full): src/lib.rs::book::tests::foreign_amount_matches_what_the_reference_pattern_matches
  FX1-14 (full): src/lib.rs::book::tests::foreign_amount_matches_what_the_reference_pattern_matches
  FX1-15 (full): src/lib.rs::book::tests::foreign_amount_matches_what_the_reference_pattern_matches
  FX1-16 (full): src/lib.rs::book::tests::foreign_amount_matches_what_the_reference_pattern_matches
  FX1-19 (full): src/lib.rs::book::tests::ledger_masters_name_every_foreign_ledger
  FX1-20 (full): src/lib.rs::book::tests::a_foreign_ledger_with_no_name_is_skipped_unread
  FX1-21 (full): src/lib.rs::book::tests::the_trial_balance_names_every_foreign_ledger_once
  FX1-22 (full): src/lib.rs::book::tests::the_trial_balance_names_every_foreign_ledger_once
  FX1-23 (full): src/lib.rs::book::tests::the_trial_balance_names_every_foreign_ledger_once
  FX1-24 (full): src/lib.rs::book::tests::the_trial_balance_names_every_foreign_ledger_once
  FX1-25 (full): src/lib.rs::book::tests::the_trial_balance_names_every_foreign_ledger_once
  FX1-27 (full): src/lib.rs::book::tests::every_list_anywhere_in_a_voucher_part_is_scanned
  FX1-28 (full): src/lib.rs::book::tests::every_list_anywhere_in_a_voucher_part_is_scanned
  FX1-29 (full): src/lib.rs::book::tests::every_list_anywhere_in_a_voucher_part_is_scanned
  FX1-30 (full): src/lib.rs::book::tests::voucher_lines_and_stock_lines_are_named
  FX1-31 (full): src/lib.rs::book::tests::every_list_anywhere_in_a_voucher_part_is_scanned
  FX1-32 (full): src/lib.rs::book::tests::every_list_anywhere_in_a_voucher_part_is_scanned
  FX1-33 (full): src/lib.rs::book::tests::foreign_amount_matches_what_the_reference_pattern_matches
  FX1-34 (full): src/lib.rs::book::tests::every_list_anywhere_in_a_voucher_part_is_scanned
  FX1-35 (full): src/lib.rs::book::tests::ledger_masters_name_every_foreign_ledger
  FX1-36 (full): src/lib.rs::book::tests::the_trial_balance_names_every_foreign_ledger_once
  FX1-37 (full): src/lib.rs::book::tests::foreign_amount_matches_what_the_reference_pattern_matches
  FX1-38 (full): src/lib.rs::book::tests::only_the_first_amount_element_is_read
  FX1-39 (full): src/lib.rs::book::tests::the_trial_balance_names_every_foreign_ledger_once
  E2B-02 (full): src/lib.rs::book::tests::a_voucher_reference_is_read_as_the_reference_reads_it
  E2B-03 (full): src/lib.rs::book::tests::a_voucher_reference_is_read_as_the_reference_reads_it
  E2B-05 (full): src/lib.rs::book::tests::a_voucher_reference_is_read_as_the_reference_reads_it
  E2B-06 (full): src/lib.rs::book::tests::a_voucher_reference_is_read_as_the_reference_reads_it
  E2B-07 (full): src/lib.rs::book::tests::a_voucher_reference_is_read_as_the_reference_reads_it
  E2A-20 (full): src/lib.rs::documents::tests::a_bank_statement_is_read_as_the_emitter_writes_it_and_bad_shapes_refuse
  E2A-21 (full): src/lib.rs::documents::tests::a_bank_statement_is_read_as_the_emitter_writes_it_and_bad_shapes_refuse
  E2A-22 (full): src/lib.rs::documents::tests::a_bank_statement_is_read_as_the_emitter_writes_it_and_bad_shapes_refuse
  E2A-33 (full): src/lib.rs::documents::tests::a_bank_statement_is_read_as_the_emitter_writes_it_and_bad_shapes_refuse
  E2A-34 (full): src/lib.rs::documents::tests::a_bank_statement_is_read_as_the_emitter_writes_it_and_bad_shapes_refuse
  E2A-35 (full): src/lib.rs::documents::tests::a_bank_statement_is_read_as_the_emitter_writes_it_and_bad_shapes_refuse
  E3A-32 (full): tests/registry.rs::every_registered_test_matches_its_synthetic_golden
  E3A-35 (full): src/lib.rs::stock_read::tests::the_reader_reads_what_the_reference_reads_and_refuses_by_code
