M04 killed (full) by 1: tests/edge_books.rs::every_edge_book_matches_the_reference
M02 killed (full) by 1: tests/edge_books.rs::every_edge_book_matches_the_reference
M03 killed (full) by 1: tests/edge_books.rs::every_edge_book_matches_the_reference
M01 killed (full) by 1: tests/edge_books.rs::every_edge_book_matches_the_reference
M05 killed (full) by 1: tests/edge_books.rs::every_edge_book_matches_the_reference
M08 killed (full) by 5: tests/edge_books.rs::every_edge_book_matches_the_reference, tests/module_invariants_batch1.rs::edge_ledger_scrutiny_short_period_window_starts_before_the_period, tests/parity_ledger_scrutiny.rs::a_changed_value_is_reported, tests/parity_ledger_scrutiny.rs::synthetic_read_matches_the_python_golden, tests/registry.rs::every_registered_test_matches_its_synthetic_golden
M09 killed (full) by 1: tests/edge_books.rs::every_edge_book_matches_the_reference
M10 killed (full) by 2: tests/edge_books.rs::every_edge_book_matches_the_reference, tests/module_invariants_batch1.rs::edge_ledger_scrutiny_thirty_percent_and_the_windows_first_day_are_inclusive
M12 killed (full) by 1: tests/edge_books.rs::every_edge_book_matches_the_reference
M13 killed (full) by 1: tests/edge_books.rs::every_edge_book_matches_the_reference
M11 killed (full) by 5: tests/edge_books.rs::every_edge_book_matches_the_reference, tests/module_invariants_batch1.rs::edge_ledger_scrutiny_thirty_percent_and_the_windows_first_day_are_inclusive, tests/parity_ledger_scrutiny.rs::a_changed_value_is_reported, tests/parity_ledger_scrutiny.rs::synthetic_read_matches_the_python_golden, tests/registry.rs::every_registered_test_matches_its_synthetic_golden
M14 killed (full) by 6: tests/edge_books.rs::every_edge_book_matches_the_reference, tests/module_invariants_batch1.rs::edge_ledger_scrutiny_short_period_window_starts_before_the_period, tests/module_invariants_batch1.rs::edge_ledger_scrutiny_thirty_percent_and_the_windows_first_day_are_inclusive, tests/parity_ledger_scrutiny.rs::a_changed_value_is_reported, tests/parity_ledger_scrutiny.rs::synthetic_read_matches_the_python_golden, tests/registry.rs::every_registered_test_matches_its_synthetic_golden
M30 killed (full) by 2: tests/edge_books.rs::every_edge_book_matches_the_reference, tests/module_invariants_batch1.rs::lsc1_fires_when_the_walk_exceeds_the_tb_debit_by_more_than_a_rupee
B01 killed (full) by 4: tests/edge_books.rs::every_edge_book_matches_the_reference, tests/parity_trial_balance.rs::a_changed_value_is_reported, tests/parity_trial_balance.rs::synthetic_read_matches_the_python_golden, tests/registry.rs::every_registered_test_matches_its_synthetic_golden
M32 killed (full) by 4: tests/edge_books.rs::every_edge_book_matches_the_reference, tests/parity_trial_balance.rs::a_changed_value_is_reported, tests/parity_trial_balance.rs::synthetic_read_matches_the_python_golden, tests/registry.rs::every_registered_test_matches_its_synthetic_golden
B02 killed (full) by 4: tests/edge_books.rs::every_edge_book_matches_the_reference, tests/parity_trial_balance.rs::a_changed_value_is_reported, tests/parity_trial_balance.rs::synthetic_read_matches_the_python_golden, tests/registry.rs::every_registered_test_matches_its_synthetic_golden
B07 killed (full) by 6: tests/edge_books.rs::every_edge_book_matches_the_reference, tests/module_invariants_batch1.rs::edge_ledger_scrutiny_short_period_window_starts_before_the_period, tests/module_invariants_batch1.rs::edge_ledger_scrutiny_thirty_percent_and_the_windows_first_day_are_inclusive, tests/parity_ledger_scrutiny.rs::a_changed_value_is_reported, tests/parity_ledger_scrutiny.rs::synthetic_read_matches_the_python_golden, tests/registry.rs::every_registered_test_matches_its_synthetic_golden
B03 killed (full) by 4: tests/edge_books.rs::every_edge_book_matches_the_reference, tests/parity_trial_balance.rs::a_changed_value_is_reported, tests/parity_trial_balance.rs::synthetic_read_matches_the_python_golden, tests/registry.rs::every_registered_test_matches_its_synthetic_golden
B08 killed (full) by 2: tests/edge_books.rs::every_edge_book_matches_the_reference, tests/module_invariants_batch1.rs::edge_ledger_scrutiny_large_boundary_and_cash_paid_debits_only
B09 killed (full) by 2: tests/edge_books.rs::every_edge_book_matches_the_reference, tests/module_invariants_batch1.rs::edge_ledger_scrutiny_large_boundary_and_cash_paid_debits_only
B10 killed (full) by 2: tests/edge_books.rs::every_edge_book_matches_the_reference, tests/module_invariants_batch1.rs::lsc1_fires_when_the_walk_exceeds_the_tb_debit_by_more_than_a_rupee
B17 killed (full) by 2: tests/edge_books.rs::every_edge_book_matches_the_reference, tests/module_invariants_batch1.rs::edge_ledger_scrutiny_without_its_rules_table_uses_the_default
B18 killed (full) by 2: tests/edge_books.rs::every_edge_book_matches_the_reference, tests/module_invariants_batch1.rs::edge_ledger_scrutiny_thirty_percent_and_the_windows_first_day_are_inclusive
B19 killed (full) by 2: tests/edge_books.rs::every_edge_book_matches_the_reference, tests/module_invariants_batch1.rs::edge_ledger_scrutiny_thirty_percent_and_the_windows_first_day_are_inclusive
X07 killed (full) by 4: tests/edge_books.rs::every_edge_book_matches_the_reference, tests/parity_ledger_scrutiny.rs::a_changed_value_is_reported, tests/parity_ledger_scrutiny.rs::synthetic_read_matches_the_python_golden, tests/registry.rs::every_registered_test_matches_its_synthetic_golden
X08 killed (full) by 1: tests/edge_books.rs::every_edge_book_matches_the_reference
B20 killed (full) by 2: tests/edge_books.rs::every_edge_book_matches_the_reference, tests/module_invariants_batch1.rs::edge_ledger_scrutiny_short_period_window_starts_before_the_period
X09 killed (full) by 1: tests/edge_books.rs::every_edge_book_matches_the_reference
X15 killed (full) by 4: tests/edge_books.rs::every_edge_book_matches_the_reference, tests/parity_trial_balance.rs::a_changed_value_is_reported, tests/parity_trial_balance.rs::synthetic_read_matches_the_python_golden, tests/registry.rs::every_registered_test_matches_its_synthetic_golden
X17 killed (full) by 1: tests/module_invariants_batch1.rs::lsc1_reports_a_tag_it_cannot_resolve
X24 killed (full) by 1: tests/edge_books.rs::every_edge_book_matches_the_reference
T07 killed (full) by 1: src/lib.rs::support::text_probe_tests::the_reference_regexes_match_as_python_does
P01 killed (full) by 1: src/lib.rs::invariants::tests::pop5_names_blank_and_repeated_voucher_guids_in_the_population
P03 killed (full) by 1: src/lib.rs::invariants::tests::pop5_names_blank_and_repeated_voucher_guids_in_the_population
P02 killed (full) by 2: src/lib.rs::invariants::tests::pop5_names_blank_and_repeated_voucher_guids_in_the_population, tests/edge_books.rs::every_edge_book_matches_the_reference
P04 killed (full) by 39: src/lib.rs::invariants::tests::pop5_names_blank_and_repeated_voucher_guids_in_the_population, tests/edge_books.rs::every_edge_book_matches_the_reference, tests/parity.rs::a_changed_test_or_spec_version_is_reported, tests/parity.rs::a_changed_unit_is_reported, tests/parity.rs::a_changed_value_is_reported, tests/parity.rs::a_flipped_confidence_is_reported, tests/parity.rs::a_reordered_but_equal_dump_passes, tests/parity.rs::an_invariant_not_evaluated_is_reported_even_without_violations, tests/parity.rs::synthetic_read_matches_the_python_golden, tests/parity_40a3.rs::a_changed_value_is_reported, tests/parity_40a3.rs::a_flipped_confidence_is_reported, tests/parity_40a3.rs::a_flipped_goods_carriage_exemption_is_reported, tests/parity_40a3.rs::a_flipped_loan_coverage_clause_is_reported, tests/parity_40a3.rs::a_reordered_but_equal_dump_passes, tests/parity_40a3.rs::an_invariant_not_evaluated_is_reported_even_without_violations, tests/parity_40a3.rs::synthetic_read_matches_the_python_golden, tests/parity_applicability_44ab.rs::a_changed_call_is_reported, tests/parity_applicability_44ab.rs::a_changed_due_date_is_reported, tests/parity_applicability_44ab.rs::synthetic_read_matches_the_python_golden, tests/parity_cash_book_integrity.rs::a_changed_value_is_reported, tests/parity_cash_book_integrity.rs::synthetic_read_matches_the_python_golden, tests/parity_depreciation.rs::a_changed_value_at_the_180_day_boundary_is_reported, tests/parity_depreciation.rs::a_changed_value_at_the_cash_limit_boundary_is_reported, tests/parity_depreciation.rs::a_changed_value_is_reported, tests/parity_depreciation.rs::a_flipped_confidence_is_reported, tests/parity_depreciation.rs::a_reordered_but_equal_dump_passes, tests/parity_depreciation.rs::synthetic_read_matches_the_python_golden, tests/parity_depreciation.rs::the_old_book_vs_act_title_is_reported, tests/parity_financial_statements.rs::a_changed_value_is_reported, tests/parity_financial_statements.rs::closing_stock_from_the_stale_field_is_reported, tests/parity_financial_statements.rs::synthetic_read_matches_the_python_golden_with_report_totals, tests/parity_financial_statements.rs::synthetic_read_matches_the_python_golden_without_report_totals, tests/parity_ledger_scrutiny.rs::a_changed_value_is_reported, tests/parity_ledger_scrutiny.rs::synthetic_read_matches_the_python_golden, tests/parity_stale_balances_41_1.rs::a_changed_value_is_reported, tests/parity_stale_balances_41_1.rs::synthetic_read_matches_the_python_golden, tests/parity_trial_balance.rs::a_changed_value_is_reported, tests/parity_trial_balance.rs::synthetic_read_matches_the_python_golden, tests/registry.rs::every_registered_test_matches_its_synthetic_golden
SB-08 killed (full) by 8: tests/parity_depreciation.rs::a_changed_value_at_the_180_day_boundary_is_reported, tests/parity_depreciation.rs::a_changed_value_at_the_cash_limit_boundary_is_reported, tests/parity_depreciation.rs::a_changed_value_is_reported, tests/parity_depreciation.rs::a_flipped_confidence_is_reported, tests/parity_depreciation.rs::a_reordered_but_equal_dump_passes, tests/parity_depreciation.rs::synthetic_read_matches_the_python_golden, tests/parity_depreciation.rs::the_old_book_vs_act_title_is_reported, tests/registry.rs::every_registered_test_matches_its_synthetic_golden

37 of 37 killed

warning: 15 killed by fewer than 2 tests (a lower bound in killers-first mode):
  M01 (full): tests/edge_books.rs::every_edge_book_matches_the_reference
  M02 (full): tests/edge_books.rs::every_edge_book_matches_the_reference
  M03 (full): tests/edge_books.rs::every_edge_book_matches_the_reference
  M04 (full): tests/edge_books.rs::every_edge_book_matches_the_reference
  M05 (full): tests/edge_books.rs::every_edge_book_matches_the_reference
  M09 (full): tests/edge_books.rs::every_edge_book_matches_the_reference
  M12 (full): tests/edge_books.rs::every_edge_book_matches_the_reference
  M13 (full): tests/edge_books.rs::every_edge_book_matches_the_reference
  X08 (full): tests/edge_books.rs::every_edge_book_matches_the_reference
  X09 (full): tests/edge_books.rs::every_edge_book_matches_the_reference
  X17 (full): tests/module_invariants_batch1.rs::lsc1_reports_a_tag_it_cannot_resolve
  X24 (full): tests/edge_books.rs::every_edge_book_matches_the_reference
  T07 (full): src/lib.rs::support::text_probe_tests::the_reference_regexes_match_as_python_does
  P01 (full): src/lib.rs::invariants::tests::pop5_names_blank_and_repeated_voucher_guids_in_the_population
  P03 (full): src/lib.rs::invariants::tests::pop5_names_blank_and_repeated_voucher_guids_in_the_population
