X12 killed (full) by 1: src/lib.rs::loans_interest::tests::interest_past_i64_is_refused_not_wrapped
X10 killed (full) by 4: src/lib.rs::loans_interest::tests::loan4_names_a_listed_record_citing_a_one_sided_voucher, src/lib.rs::loans_interest::tests::loan4_names_a_listed_record_whose_sides_differ_from_the_voucher, src/lib.rs::loans_interest::tests::loan4_names_an_unlisted_unbalanced_voucher_on_the_loan_alone, tests/edge_books.rs::every_edge_book_matches_the_reference
X13 killed (full) by 9: src/lib.rs::applicability_44ab::tests::a_partial_comparison_source_is_never_differenced, src/lib.rs::support::tests::exceptions_keep_their_character_and_everything_else_maps_as_rust_does, tests/edge_books.rs::each_26as_invariant_fires_on_its_own_tampering, tests/edge_books.rs::every_edge_book_matches_the_reference, tests/edge_books.rs::the_26as_invariants_catch_a_row_of_the_wrong_part, tests/parity_applicability_44ab.rs::a_changed_call_is_reported, tests/parity_applicability_44ab.rs::a_changed_due_date_is_reported, tests/parity_applicability_44ab.rs::synthetic_read_matches_the_python_golden, tests/registry.rs::every_registered_test_matches_its_synthetic_golden
M24 killed (full) by 2: src/lib.rs::support::tests::exceptions_keep_their_character_and_everything_else_maps_as_rust_does, tests/edge_books.rs::every_edge_book_matches_the_reference
X19 killed (full) by 15: src/lib.rs::cash_payments_40a3::tests::a_voucher_without_a_number_is_labelled_by_the_last_12_characters_of_its_guid, src/lib.rs::depreciation::tests::a_voucher_without_a_number_is_labelled_by_the_last_12_characters_of_its_guid, src/lib.rs::loans_interest::tests::loan4_names_a_listed_record_whose_sides_differ_from_the_voucher, src/lib.rs::loans_interest::tests::loan4_names_an_unlisted_unbalanced_voucher_on_the_loan_alone, src/lib.rs::partners_40b_194t::tests::a_credit_net_of_an_unclassified_ledger_names_the_ledger_and_its_fix, src/lib.rs::partners_40b_194t::tests::a_zero_capital_line_does_not_hide_a_bank_payment, src/lib.rs::partners_40b_194t::tests::an_unbalanced_interest_voucher_is_not_plain_and_is_named, src/lib.rs::partners_40b_194t::tests::another_partners_ledger_on_this_capital_is_named_not_read_as_nothing, src/lib.rs::partners_40b_194t::tests::one_tds_line_for_two_partners_is_named_and_leaves_both_not_computed, src/lib.rs::partners_40b_194t::tests::remuneration_left_inside_an_unsplit_voucher_is_said, src/lib.rs::partners_40b_194t::tests::remuneration_net_of_an_unread_ledger_is_said_on_the_remuneration_finding, src/lib.rs::partners_40b_194t::tests::shared_tds_on_a_remuneration_voucher_crediting_two_partners_is_cited, src/lib.rs::partners_40b_194t::tests::shared_tds_on_a_voucher_crediting_one_partner_and_a_bank_is_listed_for_the_other, src/lib.rs::partners_40b_194t::tests::shared_tds_seen_on_a_partners_own_capital_is_not_also_listed_as_unattributed, tests/edge_books.rs::every_edge_book_matches_the_reference
X21 killed (full) by 14: tests/parity_40a3.rs::a_changed_value_is_reported, tests/parity_40a3.rs::a_flipped_confidence_is_reported, tests/parity_40a3.rs::a_flipped_goods_carriage_exemption_is_reported, tests/parity_40a3.rs::a_flipped_loan_coverage_clause_is_reported, tests/parity_40a3.rs::a_reordered_but_equal_dump_passes, tests/parity_40a3.rs::an_invariant_not_evaluated_is_reported_even_without_violations, tests/parity_40a3.rs::synthetic_read_matches_the_python_golden, tests/parity_cash_book_integrity.rs::a_changed_value_is_reported, tests/parity_cash_book_integrity.rs::synthetic_read_matches_the_python_golden, tests/parity_financial_statements.rs::a_changed_value_is_reported, tests/parity_financial_statements.rs::closing_stock_from_the_stale_field_is_reported, tests/parity_financial_statements.rs::synthetic_read_matches_the_python_golden_with_report_totals, tests/parity_financial_statements.rs::synthetic_read_matches_the_python_golden_without_report_totals, tests/registry.rs::every_registered_test_matches_its_synthetic_golden
F05 killed (full) by 6: src/lib.rs::binding::tests::a_guid_binds_across_python_only_whitespace_and_non_ascii_case, src/lib.rs::binding::tests::a_guid_binds_whatever_its_case_and_python_whitespace, src/lib.rs::ledger_ids::tests::guid_tag_strips_and_lowercases_as_python_does, src/lib.rs::support::text_probe_tests::strip_and_split_match_python, src/lib.rs::support::text_probe_tests::the_reference_regexes_match_as_python_does, src/lib.rs::tds_payees::tests::the_config_readers_refuse_what_the_reference_refuses
U01 killed (full) by 2: src/lib.rs::support::tests::exceptions_keep_their_character_and_everything_else_maps_as_rust_does, tests/edge_books.rs::every_edge_book_matches_the_reference
T01 killed (full) by 2: src/lib.rs::support::tests::exceptions_keep_their_character_and_everything_else_maps_as_rust_does, src/lib.rs::support::text_probe_tests::lower_matches_python_including_final_sigma
T02 killed (full) by 1: src/lib.rs::support::text_probe_tests::the_reference_regexes_match_as_python_does
T03 killed (full) by 3: src/lib.rs::loans_interest::tests::numbers_and_mandate_words_match_as_the_reference_reads_them, src/lib.rs::support::text_probe_tests::a_lower_case_literal_folds_like_its_capital, src/lib.rs::support::text_probe_tests::the_reference_regexes_match_as_python_does
T04 killed (full) by 1: src/lib.rs::support::text_probe_tests::the_reference_regexes_match_as_python_does
T05 killed (full) by 10: src/lib.rs::depreciation::tests::the_gst_tcs_name_check_ignores_case_and_needs_a_word, src/lib.rs::support::text_probe_tests::the_reference_regexes_match_as_python_does, tests/parity_depreciation.rs::a_changed_value_at_the_180_day_boundary_is_reported, tests/parity_depreciation.rs::a_changed_value_at_the_cash_limit_boundary_is_reported, tests/parity_depreciation.rs::a_changed_value_is_reported, tests/parity_depreciation.rs::a_flipped_confidence_is_reported, tests/parity_depreciation.rs::a_reordered_but_equal_dump_passes, tests/parity_depreciation.rs::synthetic_read_matches_the_python_golden, tests/parity_depreciation.rs::the_old_book_vs_act_title_is_reported, tests/registry.rs::every_registered_test_matches_its_synthetic_golden
T06 killed (full) by 1: src/lib.rs::support::text_probe_tests::a_lower_case_literal_folds_like_its_capital
A36 killed (full) by 4: src/lib.rs::book_keeping_quality::tests::masterid_is_read_as_python_int_reads_it, src/lib.rs::py_int_tests::past_the_i64_range_is_not_the_same_as_not_an_int, src/lib.rs::py_int_tests::py_int_takes_what_pythons_int_takes, tests/edge_books.rs::every_edge_book_matches_the_reference
S24 killed (full) by 1: src/lib.rs::rules::tests::an_s36_1_va_table_without_its_due_day_is_refused
C1-35 killed (full) by 2: src/lib.rs::rules::tests::vendored_rules_carry_the_tds_payees_values, tests/edge_books.rs::every_edge_book_matches_the_reference
Q01 killed (full) by 3: src/lib.rs::support::text_probe_tests::repr_and_isprintable_match_python, src/lib.rs::support::text_probe_tests::repr_takes_each_branch_as_python_does, tests/edge_books.rs::every_edge_book_matches_the_reference
Q02 killed (full) by 2: src/lib.rs::support::text_probe_tests::repr_and_isprintable_match_python, src/lib.rs::support::text_probe_tests::repr_takes_each_branch_as_python_does
Q03 killed (full) by 2: src/lib.rs::support::text_probe_tests::repr_and_isprintable_match_python, src/lib.rs::support::text_probe_tests::repr_takes_each_branch_as_python_does
Q05 killed (full) by 2: src/lib.rs::support::text_probe_tests::repr_and_isprintable_match_python, src/lib.rs::support::text_probe_tests::repr_takes_each_branch_as_python_does
Q04 killed (full) by 2: src/lib.rs::support::text_probe_tests::repr_and_isprintable_match_python, src/lib.rs::support::text_probe_tests::repr_takes_each_branch_as_python_does
Q06 killed (full) by 2: src/lib.rs::support::text_probe_tests::repr_and_isprintable_match_python, src/lib.rs::support::text_probe_tests::repr_takes_each_branch_as_python_does
Q07 killed (full) by 1: src/lib.rs::support::text_probe_tests::repr_and_isprintable_match_python
Q09 killed (full) by 2: src/lib.rs::support::text_probe_tests::repr_and_isprintable_match_python, src/lib.rs::support::text_probe_tests::repr_takes_each_branch_as_python_does
Q08 killed (full) by 2: src/lib.rs::support::text_probe_tests::repr_and_isprintable_match_python, src/lib.rs::support::text_probe_tests::repr_takes_each_branch_as_python_does
Q10 killed (full) by 2: src/lib.rs::support::text_probe_tests::repr_and_isprintable_match_python, src/lib.rs::support::text_probe_tests::repr_takes_each_branch_as_python_does
LR-35 killed (full) by 2: src/lib.rs::support::tests::casefold_folds_as_python_does, tests/edge_books.rs::every_edge_book_matches_the_reference
SB-01 killed (full) by 9: src/lib.rs::support::tests::rupees_groups_as_the_reference_does, tests/parity_40a3.rs::a_changed_value_is_reported, tests/parity_40a3.rs::a_flipped_confidence_is_reported, tests/parity_40a3.rs::a_flipped_goods_carriage_exemption_is_reported, tests/parity_40a3.rs::a_flipped_loan_coverage_clause_is_reported, tests/parity_40a3.rs::a_reordered_but_equal_dump_passes, tests/parity_40a3.rs::an_invariant_not_evaluated_is_reported_even_without_violations, tests/parity_40a3.rs::synthetic_read_matches_the_python_golden, tests/registry.rs::every_registered_test_matches_its_synthetic_golden
SB-03 killed (full) by 2: src/lib.rs::support::tests::rupees_groups_as_the_reference_does, tests/edge_books.rs::every_edge_book_matches_the_reference
SB-02 killed (full) by 9: src/lib.rs::support::tests::rupees_groups_as_the_reference_does, tests/parity_depreciation.rs::a_changed_value_at_the_180_day_boundary_is_reported, tests/parity_depreciation.rs::a_changed_value_at_the_cash_limit_boundary_is_reported, tests/parity_depreciation.rs::a_changed_value_is_reported, tests/parity_depreciation.rs::a_flipped_confidence_is_reported, tests/parity_depreciation.rs::a_reordered_but_equal_dump_passes, tests/parity_depreciation.rs::synthetic_read_matches_the_python_golden, tests/parity_depreciation.rs::the_old_book_vs_act_title_is_reported, tests/registry.rs::every_registered_test_matches_its_synthetic_golden
PI-01 killed (full) by 3: src/lib.rs::book_keeping_quality::tests::masterid_is_read_as_python_int_reads_it, src/lib.rs::py_int_tests::a_string_reads_as_pythons_int_reads_it, src/lib.rs::py_int_tests::past_the_i64_range_is_not_the_same_as_not_an_int
PI-03 killed (full) by 3: src/lib.rs::book_keeping_quality::tests::masterid_is_read_as_python_int_reads_it, src/lib.rs::py_int_tests::a_string_reads_as_pythons_int_reads_it, src/lib.rs::py_int_tests::past_the_i64_range_is_not_the_same_as_not_an_int
PI-02 killed (full) by 2: src/lib.rs::book_keeping_quality::tests::masterid_is_read_as_python_int_reads_it, src/lib.rs::py_int_tests::a_string_reads_as_pythons_int_reads_it
PI-05 killed (full) by 2: src/lib.rs::book_keeping_quality::tests::masterid_is_read_as_python_int_reads_it, src/lib.rs::py_int_tests::a_string_reads_as_pythons_int_reads_it
PI-04 killed (full) by 2: src/lib.rs::book_keeping_quality::tests::masterid_is_read_as_python_int_reads_it, src/lib.rs::py_int_tests::a_string_reads_as_pythons_int_reads_it
PI-06 killed (full) by 2: src/lib.rs::book_keeping_quality::tests::masterid_is_read_as_python_int_reads_it, src/lib.rs::py_int_tests::past_the_i64_range_is_not_the_same_as_not_an_int
PI-07 killed (full) by 1: src/lib.rs::py_int_tests::a_string_reads_as_pythons_int_reads_it
D2-01 killed (full) by 1: src/lib.rs::rules::tests::vendored_rules_carry_the_partners_values
D2-02 killed (full) by 2: src/lib.rs::partners_40b_194t::tests::not_applicable_reads_no_voucher_and_rules_without_entities_refuse, src/lib.rs::rules::tests::entity_rules_fail_closed
PI-09 killed (full) by 3: src/lib.rs::book_keeping_quality::tests::masterid_is_read_as_python_int_reads_it, src/lib.rs::py_int_tests::a_string_reads_as_pythons_int_reads_it, tests/edge_books.rs::every_edge_book_matches_the_reference

41 of 41 killed

warning: 8 killed by fewer than 2 tests (a lower bound in killers-first mode):
  X12 (full): src/lib.rs::loans_interest::tests::interest_past_i64_is_refused_not_wrapped
  T02 (full): src/lib.rs::support::text_probe_tests::the_reference_regexes_match_as_python_does
  T04 (full): src/lib.rs::support::text_probe_tests::the_reference_regexes_match_as_python_does
  T06 (full): src/lib.rs::support::text_probe_tests::a_lower_case_literal_folds_like_its_capital
  S24 (full): src/lib.rs::rules::tests::an_s36_1_va_table_without_its_due_day_is_refused
  Q07 (full): src/lib.rs::support::text_probe_tests::repr_and_isprintable_match_python
  PI-07 (full): src/lib.rs::py_int_tests::a_string_reads_as_pythons_int_reads_it
  D2-01 (full): src/lib.rs::rules::tests::vendored_rules_carry_the_partners_values
