F06 killed (full) by 1: src/lib.rs::ledger_ids::tests::guid_tag_strips_and_lowercases_as_python_does
P03 killed (full) by 1: src/lib.rs::invariants::tests::pop5_names_blank_and_repeated_voucher_guids_in_the_population
P02 killed (full) by 2: src/lib.rs::invariants::tests::pop5_names_blank_and_repeated_voucher_guids_in_the_population, tests/edge_books.rs::every_edge_book_matches_the_reference
P01 killed (full) by 1: src/lib.rs::invariants::tests::pop5_names_blank_and_repeated_voucher_guids_in_the_population
C2-12 killed (full) by 1: tests/edge_books.rs::every_edge_book_matches_the_reference
C2-14 killed (full) by 1: tests/edge_books.rs::every_edge_book_matches_the_reference
C2-13 killed (full) by 1: tests/edge_books.rs::every_edge_book_matches_the_reference
P04 killed (full) by 39: src/lib.rs::invariants::tests::pop5_names_blank_and_repeated_voucher_guids_in_the_population, tests/edge_books.rs::every_edge_book_matches_the_reference, tests/parity.rs::a_changed_test_or_spec_version_is_reported, tests/parity.rs::a_changed_unit_is_reported, tests/parity.rs::a_changed_value_is_reported, tests/parity.rs::a_flipped_confidence_is_reported, tests/parity.rs::a_reordered_but_equal_dump_passes, tests/parity.rs::an_invariant_not_evaluated_is_reported_even_without_violations, tests/parity.rs::synthetic_read_matches_the_python_golden, tests/parity_40a3.rs::a_changed_value_is_reported, tests/parity_40a3.rs::a_flipped_confidence_is_reported, tests/parity_40a3.rs::a_flipped_goods_carriage_exemption_is_reported, tests/parity_40a3.rs::a_flipped_loan_coverage_clause_is_reported, tests/parity_40a3.rs::a_reordered_but_equal_dump_passes, tests/parity_40a3.rs::an_invariant_not_evaluated_is_reported_even_without_violations, tests/parity_40a3.rs::synthetic_read_matches_the_python_golden, tests/parity_applicability_44ab.rs::a_changed_call_is_reported, tests/parity_applicability_44ab.rs::a_changed_due_date_is_reported, tests/parity_applicability_44ab.rs::synthetic_read_matches_the_python_golden, tests/parity_cash_book_integrity.rs::a_changed_value_is_reported, tests/parity_cash_book_integrity.rs::synthetic_read_matches_the_python_golden, tests/parity_depreciation.rs::a_changed_value_at_the_180_day_boundary_is_reported, tests/parity_depreciation.rs::a_changed_value_at_the_cash_limit_boundary_is_reported, tests/parity_depreciation.rs::a_changed_value_is_reported, tests/parity_depreciation.rs::a_flipped_confidence_is_reported, tests/parity_depreciation.rs::a_reordered_but_equal_dump_passes, tests/parity_depreciation.rs::synthetic_read_matches_the_python_golden, tests/parity_depreciation.rs::the_old_book_vs_act_title_is_reported, tests/parity_financial_statements.rs::a_changed_value_is_reported, tests/parity_financial_statements.rs::closing_stock_from_the_stale_field_is_reported, tests/parity_financial_statements.rs::synthetic_read_matches_the_python_golden_with_report_totals, tests/parity_financial_statements.rs::synthetic_read_matches_the_python_golden_without_report_totals, tests/parity_ledger_scrutiny.rs::a_changed_value_is_reported, tests/parity_ledger_scrutiny.rs::synthetic_read_matches_the_python_golden, tests/parity_stale_balances_41_1.rs::a_changed_value_is_reported, tests/parity_stale_balances_41_1.rs::synthetic_read_matches_the_python_golden, tests/parity_trial_balance.rs::a_changed_value_is_reported, tests/parity_trial_balance.rs::synthetic_read_matches_the_python_golden, tests/registry.rs::every_registered_test_matches_its_synthetic_golden
C2-15 killed (full) by 1: tests/edge_books.rs::every_edge_book_matches_the_reference
C2-16 killed (full) by 1: tests/edge_books.rs::every_edge_book_matches_the_reference
C2-17 killed (full) by 1: tests/edge_books.rs::every_edge_book_matches_the_reference
C2-18 killed (full) by 1: tests/edge_books.rs::every_edge_book_matches_the_reference
C2-19 killed (full) by 1: tests/edge_books.rs::every_edge_book_matches_the_reference
C2-20 killed (full) by 3: tests/edge_books.rs::each_26as_invariant_fires_on_its_own_tampering, tests/edge_books.rs::every_edge_book_matches_the_reference, tests/edge_books.rs::the_26as_invariants_catch_a_row_of_the_wrong_part
C2-21 killed (full) by 1: tests/edge_books.rs::every_edge_book_matches_the_reference
C2-22 killed (full) by 1: tests/edge_books.rs::every_edge_book_matches_the_reference
C2-23 killed (full) by 1: tests/edge_books.rs::every_edge_book_matches_the_reference
C2-24 killed (full) by 1: tests/edge_books.rs::every_edge_book_matches_the_reference
C2-25 killed (full) by 2: tests/edge_books.rs::every_edge_book_matches_the_reference, tests/registry.rs::every_registered_test_matches_its_synthetic_golden
C2-26 killed (full) by 1: tests/edge_books.rs::every_edge_book_matches_the_reference
C2-29 killed (full) by 3: tests/edge_books.rs::each_26as_invariant_fires_on_its_own_tampering, tests/edge_books.rs::every_edge_book_matches_the_reference, tests/edge_books.rs::the_26as_invariants_catch_a_row_of_the_wrong_part
C2-30 killed (full) by 1: tests/edge_books.rs::the_26as_invariants_catch_a_row_of_the_wrong_part
C2-31 killed (full) by 3: tests/edge_books.rs::each_26as_invariant_fires_on_its_own_tampering, tests/edge_books.rs::every_edge_book_matches_the_reference, tests/edge_books.rs::the_26as_invariants_catch_a_row_of_the_wrong_part
C2-27 killed (full) by 2: tests/edge_books.rs::every_edge_book_matches_the_reference, tests/registry.rs::every_registered_test_matches_its_synthetic_golden
C2-40 killed (full) by 1: tests/edge_books.rs::each_26as_invariant_fires_on_its_own_tampering
C2-41 killed (full) by 1: tests/edge_books.rs::each_26as_invariant_fires_on_its_own_tampering
D2-06 killed (full) by 1: tests/edge_books.rs::every_edge_book_matches_the_reference
D2-07 killed (full) by 1: tests/edge_books.rs::every_edge_book_matches_the_reference
D2-08 killed (full) by 1: tests/edge_books.rs::every_edge_book_matches_the_reference
D2-10 killed (full) by 1: tests/edge_books.rs::every_edge_book_matches_the_reference
D2-11 killed (full) by 1: tests/edge_books.rs::every_edge_book_matches_the_reference
D2-09 killed (full) by 1: tests/edge_books.rs::every_edge_book_matches_the_reference
D2-12 killed (full) by 1: tests/edge_books.rs::every_edge_book_matches_the_reference
D2-13 killed (full) by 1: src/lib.rs::partners_40b_194t::tests::not_applicable_reads_no_voucher_and_rules_without_entities_refuse
PC-01 killed (full) by 1: src/lib.rs::partners_40b_194t::tests::two_partner_keys_sharing_a_figure_tag_are_refused_not_a_panic
E4-01 killed (full) by 5: src/lib.rs::party_monthly::tests::a_whole_run_pins_the_period_ranking_cut_and_trial_balance_ties, tests/edge_books.rs::a_party_tag_equal_to_a_fixed_row_is_refused_not_panicked, tests/edge_books.rs::every_edge_book_matches_the_reference, tests/edge_books.rs::pwm_1_fires_on_a_total_or_movement_that_does_not_tie, tests/registry.rs::every_registered_test_matches_its_synthetic_golden
E4-03 killed (full) by 3: tests/edge_books.rs::every_edge_book_matches_the_reference, tests/edge_books.rs::pwm_1_fires_on_a_total_or_movement_that_does_not_tie, tests/edge_books.rs::pwm_2_fires_on_a_party_row_or_an_others_label_that_is_wrong
E4-04 killed (full) by 1: tests/edge_books.rs::every_edge_book_matches_the_reference
E4-02 killed (full) by 4: src/lib.rs::party_monthly::tests::a_whole_run_pins_the_period_ranking_cut_and_trial_balance_ties, tests/edge_books.rs::a_party_tag_equal_to_a_fixed_row_is_refused_not_panicked, tests/edge_books.rs::every_edge_book_matches_the_reference, tests/registry.rs::every_registered_test_matches_its_synthetic_golden
E4-05 killed (full) by 4: tests/edge_books.rs::every_edge_book_matches_the_reference, tests/edge_books.rs::pwm_1_fires_on_a_total_or_movement_that_does_not_tie, tests/edge_books.rs::pwm_2_checks_the_not_attributed_row_on_its_own, tests/edge_books.rs::pwm_2_fires_on_a_party_row_or_an_others_label_that_is_wrong
E4-07 killed (full) by 4: src/lib.rs::party_monthly::tests::a_whole_run_pins_the_period_ranking_cut_and_trial_balance_ties, tests/edge_books.rs::every_edge_book_matches_the_reference, tests/edge_books.rs::pwm_1_fires_on_a_total_or_movement_that_does_not_tie, tests/edge_books.rs::pwm_2_fires_on_a_party_row_or_an_others_label_that_is_wrong
E4-06 killed (full) by 2: tests/edge_books.rs::every_edge_book_matches_the_reference, tests/registry.rs::every_registered_test_matches_its_synthetic_golden
E4-08 killed (full) by 6: src/lib.rs::party_monthly::tests::a_whole_run_pins_the_period_ranking_cut_and_trial_balance_ties, tests/edge_books.rs::every_edge_book_matches_the_reference, tests/edge_books.rs::pwm_1_fires_on_a_total_or_movement_that_does_not_tie, tests/edge_books.rs::pwm_2_checks_the_not_attributed_row_on_its_own, tests/edge_books.rs::pwm_2_fires_on_a_party_row_or_an_others_label_that_is_wrong, tests/registry.rs::every_registered_test_matches_its_synthetic_golden
E4-09 killed (full) by 5: tests/edge_books.rs::every_edge_book_matches_the_reference, tests/edge_books.rs::pwm_1_fires_on_a_total_or_movement_that_does_not_tie, tests/edge_books.rs::pwm_2_checks_the_not_attributed_row_on_its_own, tests/edge_books.rs::pwm_2_fires_on_a_party_row_or_an_others_label_that_is_wrong, tests/registry.rs::every_registered_test_matches_its_synthetic_golden
E4-10 killed (full) by 4: src/lib.rs::party_monthly::tests::a_whole_run_pins_the_period_ranking_cut_and_trial_balance_ties, tests/edge_books.rs::every_edge_book_matches_the_reference, tests/edge_books.rs::pwm_1_fires_on_a_total_or_movement_that_does_not_tie, tests/edge_books.rs::pwm_2_fires_on_a_party_row_or_an_others_label_that_is_wrong
E4-11 killed (full) by 4: src/lib.rs::party_monthly::tests::a_whole_run_pins_the_period_ranking_cut_and_trial_balance_ties, tests/edge_books.rs::every_edge_book_matches_the_reference, tests/edge_books.rs::pwm_1_fires_on_a_total_or_movement_that_does_not_tie, tests/edge_books.rs::pwm_2_fires_on_a_party_row_or_an_others_label_that_is_wrong
E4-12 killed (full) by 1: tests/edge_books.rs::every_edge_book_matches_the_reference
E4-13 killed (full) by 1: tests/edge_books.rs::every_edge_book_matches_the_reference
E4-14 killed (full) by 6: src/lib.rs::party_monthly::tests::a_whole_run_pins_the_period_ranking_cut_and_trial_balance_ties, tests/edge_books.rs::every_edge_book_matches_the_reference, tests/edge_books.rs::pwm_1_fires_on_a_total_or_movement_that_does_not_tie, tests/edge_books.rs::pwm_2_checks_the_not_attributed_row_on_its_own, tests/edge_books.rs::pwm_2_fires_on_a_party_row_or_an_others_label_that_is_wrong, tests/registry.rs::every_registered_test_matches_its_synthetic_golden
E4-15 killed (full) by 3: src/lib.rs::party_monthly::tests::a_whole_run_pins_the_period_ranking_cut_and_trial_balance_ties, tests/edge_books.rs::every_edge_book_matches_the_reference, tests/registry.rs::every_registered_test_matches_its_synthetic_golden
E4-16 killed (full) by 2: src/lib.rs::party_monthly::tests::a_whole_run_pins_the_period_ranking_cut_and_trial_balance_ties, tests/edge_books.rs::every_edge_book_matches_the_reference
E4-17 killed (full) by 1: tests/edge_books.rs::every_edge_book_matches_the_reference
E4-18 killed (full) by 2: src/lib.rs::party_monthly::tests::a_whole_run_pins_the_period_ranking_cut_and_trial_balance_ties, tests/edge_books.rs::every_edge_book_matches_the_reference
E4-21 killed (full) by 1: tests/edge_books.rs::pwm_1_fires_on_a_total_or_movement_that_does_not_tie
E4-22 killed (full) by 1: tests/edge_books.rs::pwm_1_fires_on_a_total_or_movement_that_does_not_tie
E4-19 killed (full) by 1: tests/edge_books.rs::every_edge_book_matches_the_reference
E4-23 killed (full) by 1: tests/edge_books.rs::pwm_1_fires_on_a_total_or_movement_that_does_not_tie
E4-24 killed (full) by 1: tests/edge_books.rs::pwm_2_fires_on_a_party_row_or_an_others_label_that_is_wrong
E4-25 killed (full) by 5: tests/edge_books.rs::every_edge_book_matches_the_reference, tests/edge_books.rs::pwm_1_fires_on_a_total_or_movement_that_does_not_tie, tests/edge_books.rs::pwm_2_checks_the_not_attributed_row_on_its_own, tests/edge_books.rs::pwm_2_fires_on_a_party_row_or_an_others_label_that_is_wrong, tests/registry.rs::every_registered_test_matches_its_synthetic_golden
E4-26 killed (full) by 1: src/lib.rs::party_monthly::tests::a_whole_run_pins_the_period_ranking_cut_and_trial_balance_ties
E4-27 killed (full) by 1: src/lib.rs::party_monthly::tests::a_whole_run_pins_the_period_ranking_cut_and_trial_balance_ties
E4-30 killed (full) by 1: src/lib.rs::party_monthly::tests::a_whole_run_pins_the_period_ranking_cut_and_trial_balance_ties
E4-28 killed (full) by 1: src/lib.rs::party_monthly::tests::a_whole_run_pins_the_period_ranking_cut_and_trial_balance_ties
E4-29 killed (full) by 1: src/lib.rs::party_monthly::tests::a_whole_run_pins_the_period_ranking_cut_and_trial_balance_ties
E4-31 killed (full) by 1: src/lib.rs::party_monthly::tests::a_whole_run_pins_the_period_ranking_cut_and_trial_balance_ties
E4-32 killed (full) by 1: src/lib.rs::party_monthly::tests::a_whole_run_pins_the_period_ranking_cut_and_trial_balance_ties
E4-34 killed (full) by 1: src/lib.rs::party_monthly::tests::a_whole_run_pins_the_period_ranking_cut_and_trial_balance_ties
E4-33 killed (full) by 1: src/lib.rs::party_monthly::tests::a_whole_run_pins_the_period_ranking_cut_and_trial_balance_ties
E4-35 killed (full) by 1: src/lib.rs::party_monthly::tests::a_whole_run_pins_the_period_ranking_cut_and_trial_balance_ties
E4-37 killed (full) by 2: tests/edge_books.rs::every_edge_book_matches_the_reference, tests/edge_books.rs::pwm_2_checks_the_not_attributed_row_on_its_own
E4-38 killed (full) by 2: tests/edge_books.rs::every_edge_book_matches_the_reference, tests/edge_books.rs::pwm_2_checks_the_not_attributed_row_on_its_own
E4-36 killed (full) by 2: tests/edge_books.rs::every_edge_book_matches_the_reference, tests/edge_books.rs::pwm_2_checks_the_not_attributed_row_on_its_own
E4-39 killed (full) by 2: tests/edge_books.rs::every_edge_book_matches_the_reference, tests/edge_books.rs::pwm_2_checks_the_not_attributed_row_on_its_own
E4-41 killed (full) by 5: tests/edge_books.rs::every_edge_book_matches_the_reference, tests/edge_books.rs::pwm_1_fires_on_a_total_or_movement_that_does_not_tie, tests/edge_books.rs::pwm_2_checks_the_not_attributed_row_on_its_own, tests/edge_books.rs::pwm_2_fires_on_a_party_row_or_an_others_label_that_is_wrong, tests/registry.rs::every_registered_test_matches_its_synthetic_golden
E4-40 killed (full) by 2: tests/edge_books.rs::every_edge_book_matches_the_reference, tests/edge_books.rs::pwm_2_checks_the_not_attributed_row_on_its_own
E4-42 killed (full) by 2: tests/edge_books.rs::every_edge_book_matches_the_reference, tests/edge_books.rs::pwm_2_checks_the_not_attributed_row_on_its_own
E4-43 killed (full) by 2: tests/edge_books.rs::every_edge_book_matches_the_reference, tests/edge_books.rs::pwm_2_checks_the_not_attributed_row_on_its_own
E4-44 killed (full) by 3: tests/edge_books.rs::every_edge_book_matches_the_reference, tests/edge_books.rs::pwm_2_checks_the_not_attributed_row_on_its_own, tests/registry.rs::every_registered_test_matches_its_synthetic_golden
E4-46 killed (full) by 1: tests/edge_books.rs::every_edge_book_matches_the_reference
E4-45 killed (full) by 2: tests/edge_books.rs::every_edge_book_matches_the_reference, tests/registry.rs::every_registered_test_matches_its_synthetic_golden
E4-47 killed (full) by 1: tests/edge_books.rs::every_edge_book_matches_the_reference
E4-48 killed (full) by 1: tests/edge_books.rs::every_edge_book_matches_the_reference
E4-49 killed (full) by 1: tests/edge_books.rs::every_edge_book_matches_the_reference
E4-51 killed (full) by 1: tests/edge_books.rs::every_edge_book_matches_the_reference
E4-50 killed (full) by 1: tests/edge_books.rs::every_edge_book_matches_the_reference
E4-52 killed (full) by 2: tests/edge_books.rs::every_edge_book_matches_the_reference, tests/edge_books.rs::pwm_2_checks_the_not_attributed_row_on_its_own
E4-53 killed (full) by 3: tests/edge_books.rs::every_edge_book_matches_the_reference, tests/edge_books.rs::pwm_2_checks_the_not_attributed_row_on_its_own, tests/registry.rs::every_registered_test_matches_its_synthetic_golden
E4-54 killed (full) by 3: tests/edge_books.rs::every_edge_book_matches_the_reference, tests/edge_books.rs::pwm_2_checks_the_not_attributed_row_on_its_own, tests/registry.rs::every_registered_test_matches_its_synthetic_golden
E4-55 killed (full) by 1: tests/edge_books.rs::pwm_2_checks_the_not_attributed_row_on_its_own

89 of 89 killed

warning: 54 killed by fewer than 2 tests (a lower bound in killers-first mode):
  F06 (full): src/lib.rs::ledger_ids::tests::guid_tag_strips_and_lowercases_as_python_does
  P01 (full): src/lib.rs::invariants::tests::pop5_names_blank_and_repeated_voucher_guids_in_the_population
  P03 (full): src/lib.rs::invariants::tests::pop5_names_blank_and_repeated_voucher_guids_in_the_population
  C2-12 (full): tests/edge_books.rs::every_edge_book_matches_the_reference
  C2-13 (full): tests/edge_books.rs::every_edge_book_matches_the_reference
  C2-14 (full): tests/edge_books.rs::every_edge_book_matches_the_reference
  C2-15 (full): tests/edge_books.rs::every_edge_book_matches_the_reference
  C2-16 (full): tests/edge_books.rs::every_edge_book_matches_the_reference
  C2-17 (full): tests/edge_books.rs::every_edge_book_matches_the_reference
  C2-18 (full): tests/edge_books.rs::every_edge_book_matches_the_reference
  C2-19 (full): tests/edge_books.rs::every_edge_book_matches_the_reference
  C2-21 (full): tests/edge_books.rs::every_edge_book_matches_the_reference
  C2-22 (full): tests/edge_books.rs::every_edge_book_matches_the_reference
  C2-23 (full): tests/edge_books.rs::every_edge_book_matches_the_reference
  C2-24 (full): tests/edge_books.rs::every_edge_book_matches_the_reference
  C2-26 (full): tests/edge_books.rs::every_edge_book_matches_the_reference
  C2-30 (full): tests/edge_books.rs::the_26as_invariants_catch_a_row_of_the_wrong_part
  C2-40 (full): tests/edge_books.rs::each_26as_invariant_fires_on_its_own_tampering
  C2-41 (full): tests/edge_books.rs::each_26as_invariant_fires_on_its_own_tampering
  D2-06 (full): tests/edge_books.rs::every_edge_book_matches_the_reference
  D2-07 (full): tests/edge_books.rs::every_edge_book_matches_the_reference
  D2-08 (full): tests/edge_books.rs::every_edge_book_matches_the_reference
  D2-09 (full): tests/edge_books.rs::every_edge_book_matches_the_reference
  D2-10 (full): tests/edge_books.rs::every_edge_book_matches_the_reference
  D2-11 (full): tests/edge_books.rs::every_edge_book_matches_the_reference
  D2-12 (full): tests/edge_books.rs::every_edge_book_matches_the_reference
  D2-13 (full): src/lib.rs::partners_40b_194t::tests::not_applicable_reads_no_voucher_and_rules_without_entities_refuse
  PC-01 (full): src/lib.rs::partners_40b_194t::tests::two_partner_keys_sharing_a_figure_tag_are_refused_not_a_panic
  E4-04 (full): tests/edge_books.rs::every_edge_book_matches_the_reference
  E4-12 (full): tests/edge_books.rs::every_edge_book_matches_the_reference
  E4-13 (full): tests/edge_books.rs::every_edge_book_matches_the_reference
  E4-17 (full): tests/edge_books.rs::every_edge_book_matches_the_reference
  E4-19 (full): tests/edge_books.rs::every_edge_book_matches_the_reference
  E4-21 (full): tests/edge_books.rs::pwm_1_fires_on_a_total_or_movement_that_does_not_tie
  E4-22 (full): tests/edge_books.rs::pwm_1_fires_on_a_total_or_movement_that_does_not_tie
  E4-23 (full): tests/edge_books.rs::pwm_1_fires_on_a_total_or_movement_that_does_not_tie
  E4-24 (full): tests/edge_books.rs::pwm_2_fires_on_a_party_row_or_an_others_label_that_is_wrong
  E4-26 (full): src/lib.rs::party_monthly::tests::a_whole_run_pins_the_period_ranking_cut_and_trial_balance_ties
  E4-27 (full): src/lib.rs::party_monthly::tests::a_whole_run_pins_the_period_ranking_cut_and_trial_balance_ties
  E4-28 (full): src/lib.rs::party_monthly::tests::a_whole_run_pins_the_period_ranking_cut_and_trial_balance_ties
  E4-29 (full): src/lib.rs::party_monthly::tests::a_whole_run_pins_the_period_ranking_cut_and_trial_balance_ties
  E4-30 (full): src/lib.rs::party_monthly::tests::a_whole_run_pins_the_period_ranking_cut_and_trial_balance_ties
  E4-31 (full): src/lib.rs::party_monthly::tests::a_whole_run_pins_the_period_ranking_cut_and_trial_balance_ties
  E4-32 (full): src/lib.rs::party_monthly::tests::a_whole_run_pins_the_period_ranking_cut_and_trial_balance_ties
  E4-33 (full): src/lib.rs::party_monthly::tests::a_whole_run_pins_the_period_ranking_cut_and_trial_balance_ties
  E4-34 (full): src/lib.rs::party_monthly::tests::a_whole_run_pins_the_period_ranking_cut_and_trial_balance_ties
  E4-35 (full): src/lib.rs::party_monthly::tests::a_whole_run_pins_the_period_ranking_cut_and_trial_balance_ties
  E4-46 (full): tests/edge_books.rs::every_edge_book_matches_the_reference
  E4-47 (full): tests/edge_books.rs::every_edge_book_matches_the_reference
  E4-48 (full): tests/edge_books.rs::every_edge_book_matches_the_reference
  E4-49 (full): tests/edge_books.rs::every_edge_book_matches_the_reference
  E4-50 (full): tests/edge_books.rs::every_edge_book_matches_the_reference
  E4-51 (full): tests/edge_books.rs::every_edge_book_matches_the_reference
  E4-55 (full): tests/edge_books.rs::pwm_2_checks_the_not_attributed_row_on_its_own
