D2-06 killed (full) by 1: tests/edge_books.rs::every_edge_book_matches_the_reference
D2-08 killed (full) by 1: tests/edge_books.rs::every_edge_book_matches_the_reference
D2-07 killed (full) by 1: tests/edge_books.rs::every_edge_book_matches_the_reference
D2-10 killed (full) by 4: src/lib.rs::partners_40b_194t::tests::a_no_interest_deed_states_the_disallowance_and_asks_nothing_without_an_interest_ledger, src/lib.rs::partners_40b_194t::tests::a_no_interest_deed_with_an_interest_ledger_asks_for_the_interest_not_the_rate, src/lib.rs::partners_40b_194t::tests::a_plain_partner_with_an_excess_is_asked_not_computed_and_the_total_withheld, tests/edge_books.rs::every_edge_book_matches_the_reference
D2-11 killed (full) by 2: src/lib.rs::partners_40b_194t::tests::at_exactly_the_s194t_limit_the_base_is_not_over_it, tests/edge_books.rs::every_edge_book_matches_the_reference
PC-01 killed (full) by 1: src/lib.rs::partners_40b_194t::tests::two_partner_keys_sharing_a_figure_tag_are_refused_not_a_panic
D2-13 killed (full) by 1: src/lib.rs::partners_40b_194t::tests::not_applicable_reads_no_voucher_and_rules_without_entities_refuse
D2-12 killed (full) by 11: src/lib.rs::partners_40b_194t::tests::a_joint_journal_is_not_listed_for_a_partner_it_does_not_credit, src/lib.rs::partners_40b_194t::tests::a_net_nil_tds_on_a_bank_payment_is_listed_for_both, src/lib.rs::partners_40b_194t::tests::a_net_nil_tds_on_one_partners_voucher_is_not_listed_for_the_other, src/lib.rs::partners_40b_194t::tests::a_reversal_of_one_partners_voucher_is_not_listed_for_the_other, src/lib.rs::partners_40b_194t::tests::a_zero_capital_line_does_not_decide_whose_shared_tds_it_is, src/lib.rs::partners_40b_194t::tests::a_zero_line_on_a_shared_ledger_does_not_make_someone_elses_tds_a_partners, src/lib.rs::partners_40b_194t::tests::another_partners_own_tds_on_a_shared_ledger_leaves_this_one_no, src/lib.rs::partners_40b_194t::tests::shared_tds_exactly_one_partners_stays_that_partners, src/lib.rs::partners_40b_194t::tests::shared_tds_on_a_voucher_crediting_one_partner_and_a_bank_is_listed_for_the_other, src/lib.rs::partners_40b_194t::tests::tds_credited_against_nothing_else_is_no_partners, tests/edge_books.rs::every_edge_book_matches_the_reference
PR-01 killed (full) by 3: src/lib.rs::partners_40b_194t::tests::a_credit_net_of_an_unclassified_ledger_names_the_ledger_and_its_fix, src/lib.rs::partners_40b_194t::tests::the_statutory_dues_tds_ledgers_reach_the_module_through_the_engagement, tests/edge_books.rs::every_edge_book_matches_the_reference
PR-03 killed (full) by 1: tests/edge_books.rs::every_edge_book_matches_the_reference
PR-02 killed (full) by 2: src/lib.rs::partners_40b_194t::tests::remuneration_left_inside_an_unsplit_voucher_is_said, tests/edge_books.rs::every_edge_book_matches_the_reference
PR-06 killed (full) by 3: src/lib.rs::partners_40b_194t::tests::a_shared_interest_voucher_crediting_one_partner_and_a_bank_is_listed_for_the_other, src/lib.rs::partners_40b_194t::tests::a_zero_capital_line_does_not_hide_a_bank_payment, tests/edge_books.rs::every_edge_book_matches_the_reference
PR-05 killed (full) by 7: src/lib.rs::partners_40b_194t::tests::a_shared_interest_voucher_crediting_one_partner_and_a_bank_is_listed_for_the_other, src/lib.rs::partners_40b_194t::tests::a_shared_interest_voucher_whose_other_side_is_only_tds_beside_a_capital_is_listed, src/lib.rs::partners_40b_194t::tests::a_shared_remuneration_voucher_crediting_one_partner_and_a_bank_is_listed_for_the_other, src/lib.rs::partners_40b_194t::tests::a_zero_capital_line_does_not_hide_a_bank_payment, src/lib.rs::partners_40b_194t::tests::a_zero_line_on_a_capital_touches_no_capital_so_the_voucher_is_listed_for_the_other_partner, src/lib.rs::partners_40b_194t::tests::own_interest_paid_partly_through_another_partners_capital_and_a_bank_is_listed, tests/edge_books.rs::every_edge_book_matches_the_reference
PR-04 killed (full) by 1: tests/edge_books.rs::every_edge_book_matches_the_reference
PR-07 killed (full) by 1: tests/edge_books.rs::every_edge_book_matches_the_reference
PR-08 killed (full) by 10: src/lib.rs::partners_40b_194t::tests::a_net_nil_tds_on_a_bank_payment_is_listed_for_both, src/lib.rs::partners_40b_194t::tests::a_net_nil_tds_on_one_partners_voucher_is_not_listed_for_the_other, src/lib.rs::partners_40b_194t::tests::a_reversal_of_one_partners_voucher_is_not_listed_for_the_other, src/lib.rs::partners_40b_194t::tests::a_shared_interest_voucher_crediting_one_partner_and_a_bank_is_listed_for_the_other, src/lib.rs::partners_40b_194t::tests::a_zero_capital_line_does_not_decide_whose_shared_tds_it_is, src/lib.rs::partners_40b_194t::tests::another_partners_own_tds_on_a_shared_ledger_leaves_this_one_no, src/lib.rs::partners_40b_194t::tests::shared_tds_exactly_one_partners_stays_that_partners, src/lib.rs::partners_40b_194t::tests::shared_tds_on_a_voucher_crediting_one_partner_and_a_bank_is_listed_for_the_other, src/lib.rs::partners_40b_194t::tests::tds_credited_against_nothing_else_is_no_partners, tests/edge_books.rs::every_edge_book_matches_the_reference
PR-09 killed (full) by 1: src/lib.rs::partners_40b_194t::tests::shared_tds_seen_on_a_partners_own_capital_is_not_also_listed_as_unattributed
PR-10 killed (full) by 5: src/lib.rs::partners_40b_194t::tests::a_net_nil_tds_on_a_bank_payment_is_listed_for_both, src/lib.rs::partners_40b_194t::tests::a_zero_capital_line_does_not_decide_whose_shared_tds_it_is, src/lib.rs::partners_40b_194t::tests::shared_tds_on_a_voucher_crediting_one_partner_and_a_bank_is_listed_for_the_other, src/lib.rs::partners_40b_194t::tests::tds_credited_against_nothing_else_is_no_partners, tests/edge_books.rs::every_edge_book_matches_the_reference
PR-11 killed (full) by 3: src/lib.rs::partners_40b_194t::tests::another_partners_ledger_on_this_capital_is_named_not_read_as_nothing, src/lib.rs::partners_40b_194t::tests::the_total_is_withheld_when_one_partner_is_computed_and_another_is_not, src/lib.rs::partners_40b_194t::tests::with_the_switch_on_a_rate_deed_partner_read_inexactly_is_not_asked_for_the_computation
PR-12 killed (full) by 1: src/lib.rs::partners_40b_194t::tests::shared_tds_on_a_remuneration_voucher_crediting_two_partners_is_cited
PR-13 killed (full) by 4: src/lib.rs::partners_40b_194t::tests::a_credit_net_of_an_unclassified_ledger_names_the_ledger_and_its_fix, src/lib.rs::partners_40b_194t::tests::one_tds_line_for_two_partners_is_named_and_leaves_both_not_computed, src/lib.rs::partners_40b_194t::tests::shared_tds_seen_on_a_partners_own_capital_is_not_also_listed_as_unattributed, tests/edge_books.rs::every_edge_book_matches_the_reference
PR-14 killed (full) by 1: tests/edge_books.rs::every_edge_book_matches_the_reference
PR-15 killed (full) by 2: src/lib.rs::partners_40b_194t::tests::a_shared_interest_voucher_crediting_one_partner_and_a_bank_is_listed_for_the_other, tests/edge_books.rs::every_edge_book_matches_the_reference
PR-17 killed (full) by 10: src/lib.rs::partners_40b_194t::tests::a_credit_net_of_an_unclassified_ledger_names_the_ledger_and_its_fix, src/lib.rs::partners_40b_194t::tests::a_no_interest_deed_states_the_disallowance_and_asks_nothing_without_an_interest_ledger, src/lib.rs::partners_40b_194t::tests::a_no_interest_deed_with_an_interest_ledger_asks_for_the_interest_not_the_rate, src/lib.rs::partners_40b_194t::tests::a_no_interest_flag_set_false_is_the_same_as_not_recorded, src/lib.rs::partners_40b_194t::tests::a_plain_partner_with_an_excess_is_asked_not_computed_and_the_total_withheld, src/lib.rs::partners_40b_194t::tests::an_unbalanced_interest_voucher_is_not_plain_and_is_named, src/lib.rs::partners_40b_194t::tests::at_exactly_the_s194t_limit_the_base_is_not_over_it, src/lib.rs::partners_40b_194t::tests::one_tds_line_for_two_partners_is_named_and_leaves_both_not_computed, src/lib.rs::partners_40b_194t::tests::the_switch_is_off_in_run, tests/edge_books.rs::every_edge_book_matches_the_reference
PR-16 killed (full) by 1: tests/edge_books.rs::every_edge_book_matches_the_reference
PR-18 killed (full) by 4: src/lib.rs::partners_40b_194t::tests::a_no_interest_deed_partner_is_not_computed_with_the_switch_on_either, src/lib.rs::partners_40b_194t::tests::a_no_interest_deed_states_the_disallowance_and_asks_nothing_without_an_interest_ledger, src/lib.rs::partners_40b_194t::tests::a_no_interest_deed_with_an_interest_ledger_asks_for_the_interest_not_the_rate, tests/edge_books.rs::every_edge_book_matches_the_reference
PR-20 killed (full) by 1: src/lib.rs::partners_40b_194t::tests::the_no_interest_flag_is_refused_in_any_form_but_a_boolean_or_beside_any_rate
PR-21 killed (full) by 1: src/lib.rs::partners_40b_194t::tests::the_no_interest_flag_is_refused_in_any_form_but_a_boolean_or_beside_any_rate
PR-22 killed (full) by 1: src/lib.rs::partners_40b_194t::tests::a_ledger_configured_in_two_roles_is_refused
PR-19 killed (full) by 1: src/lib.rs::partners_40b_194t::tests::the_no_interest_flag_is_refused_in_any_form_but_a_boolean_or_beside_any_rate
PR-23 killed (full) by 1: src/lib.rs::partners_40b_194t::tests::a_ledger_configured_in_two_roles_is_refused
PR-24 killed (full) by 1: src/lib.rs::partners_40b_194t::tests::a_ledger_configured_in_two_roles_is_refused
PR-25 killed (full) by 1: src/lib.rs::partners_40b_194t::tests::a_capital_ledger_list_or_ledger_the_reference_cannot_read_is_refused
PR-26 killed (full) by 1: src/lib.rs::partners_40b_194t::tests::a_capital_ledger_list_or_ledger_the_reference_cannot_read_is_refused
PR-27 killed (full) by 1: src/lib.rs::partners_40b_194t::tests::a_capital_ledger_list_or_ledger_the_reference_cannot_read_is_refused
PR-28 killed (full) by 6: src/lib.rs::partners_40b_194t::tests::a_credit_net_of_an_unclassified_ledger_names_the_ledger_and_its_fix, src/lib.rs::partners_40b_194t::tests::an_unbalanced_interest_voucher_is_not_plain_and_is_named, src/lib.rs::partners_40b_194t::tests::another_partners_ledger_on_this_capital_is_named_not_read_as_nothing, src/lib.rs::partners_40b_194t::tests::one_tds_line_for_two_partners_is_named_and_leaves_both_not_computed, src/lib.rs::partners_40b_194t::tests::shared_tds_seen_on_a_partners_own_capital_is_not_also_listed_as_unattributed, tests/edge_books.rs::every_edge_book_matches_the_reference
PR-29 killed (full) by 1: src/lib.rs::partners_40b_194t::tests::an_unbalanced_interest_voucher_is_not_plain_and_is_named
PR-30 killed (full) by 2: src/lib.rs::partners_40b_194t::tests::another_partners_ledger_on_this_capital_is_named_not_read_as_nothing, tests/edge_books.rs::every_edge_book_matches_the_reference
PR-32 killed (full) by 2: src/lib.rs::partners_40b_194t::tests::a_one_paisa_line_on_a_capital_still_touches_it_and_leaves_the_voucher_out_for_the_other_partner, src/lib.rs::partners_40b_194t::tests::a_zero_line_on_a_capital_touches_no_capital_so_the_voucher_is_listed_for_the_other_partner
PR-31 killed (full) by 2: src/lib.rs::partners_40b_194t::tests::a_zero_capital_line_does_not_decide_whose_shared_tds_it_is, src/lib.rs::partners_40b_194t::tests::a_zero_capital_line_does_not_hide_a_bank_payment
PR-34 killed (full) by 3: src/lib.rs::partners_40b_194t::tests::a_credit_net_of_an_unclassified_ledger_names_the_ledger_and_its_fix, src/lib.rs::partners_40b_194t::tests::with_the_switch_on_a_rate_deed_partner_read_inexactly_is_not_asked_for_the_computation, tests/edge_books.rs::every_edge_book_matches_the_reference
PR-33 killed (full) by 5: src/lib.rs::partners_40b_194t::tests::a_credit_net_of_an_unclassified_ledger_names_the_ledger_and_its_fix, src/lib.rs::partners_40b_194t::tests::remuneration_net_of_an_unread_ledger_is_said_on_the_remuneration_finding, src/lib.rs::partners_40b_194t::tests::shared_tds_seen_on_a_partners_own_capital_is_not_also_listed_as_unattributed, src/lib.rs::partners_40b_194t::tests::with_the_switch_on_a_rate_deed_partner_read_inexactly_is_not_asked_for_the_computation, tests/edge_books.rs::every_edge_book_matches_the_reference
PR-36 killed (full) by 5: src/lib.rs::partners_40b_194t::tests::a_no_interest_deed_partner_is_not_computed_with_the_switch_on_either, src/lib.rs::partners_40b_194t::tests::a_no_interest_deed_states_the_disallowance_and_asks_nothing_without_an_interest_ledger, src/lib.rs::partners_40b_194t::tests::a_plain_partner_with_an_excess_is_asked_not_computed_and_the_total_withheld, src/lib.rs::partners_40b_194t::tests::the_total_is_withheld_when_one_partner_is_computed_and_another_is_not, tests/edge_books.rs::every_edge_book_matches_the_reference
PR-35 killed (full) by 2: src/lib.rs::partners_40b_194t::tests::a_no_interest_flag_set_false_is_the_same_as_not_recorded, tests/edge_books.rs::every_edge_book_matches_the_reference
PR-37 killed (full) by 1: src/lib.rs::partners_40b_194t::tests::a_firm_with_no_partner_configured_is_asked_and_its_total_withheld
PR-38 killed (full) by 5: src/lib.rs::partners_40b_194t::tests::a_zero_capital_line_does_not_decide_whose_shared_tds_it_is, src/lib.rs::partners_40b_194t::tests::at_exactly_the_s194t_limit_the_base_is_not_over_it, src/lib.rs::partners_40b_194t::tests::one_tds_line_for_two_partners_is_named_and_leaves_both_not_computed, src/lib.rs::partners_40b_194t::tests::shared_tds_on_a_voucher_crediting_one_partner_and_a_bank_is_listed_for_the_other, tests/edge_books.rs::every_edge_book_matches_the_reference
PR-40 killed (full) by 3: src/lib.rs::partners_40b_194t::tests::a_no_interest_deed_partner_is_not_computed_with_the_switch_on_either, src/lib.rs::partners_40b_194t::tests::a_no_interest_deed_states_the_disallowance_and_asks_nothing_without_an_interest_ledger, tests/edge_books.rs::every_edge_book_matches_the_reference
PR-39 killed (full) by 2: src/lib.rs::partners_40b_194t::tests::one_tds_line_for_two_partners_is_named_and_leaves_both_not_computed, tests/edge_books.rs::every_edge_book_matches_the_reference
PR-41 killed (full) by 2: src/lib.rs::partners_40b_194t::tests::a_no_interest_deed_states_the_disallowance_and_asks_nothing_without_an_interest_ledger, tests/edge_books.rs::every_edge_book_matches_the_reference
PR-42 killed (full) by 4: src/lib.rs::partners_40b_194t::tests::a_no_interest_deed_partner_is_not_computed_with_the_switch_on_either, src/lib.rs::partners_40b_194t::tests::a_no_interest_deed_states_the_disallowance_and_asks_nothing_without_an_interest_ledger, src/lib.rs::partners_40b_194t::tests::a_no_interest_deed_with_an_interest_ledger_asks_for_the_interest_not_the_rate, tests/edge_books.rs::every_edge_book_matches_the_reference
PR-43 killed (full) by 2: src/lib.rs::partners_40b_194t::tests::a_no_interest_deed_states_the_disallowance_and_asks_nothing_without_an_interest_ledger, tests/edge_books.rs::every_edge_book_matches_the_reference
PR-45 killed (full) by 6: src/lib.rs::partners_40b_194t::tests::a_joint_journal_is_not_listed_for_a_partner_it_does_not_credit, src/lib.rs::partners_40b_194t::tests::a_net_nil_tds_on_one_partners_voucher_is_not_listed_for_the_other, src/lib.rs::partners_40b_194t::tests::a_reversal_of_one_partners_voucher_is_not_listed_for_the_other, src/lib.rs::partners_40b_194t::tests::another_partners_own_tds_on_a_shared_ledger_leaves_this_one_no, src/lib.rs::partners_40b_194t::tests::shared_tds_exactly_one_partners_stays_that_partners, tests/edge_books.rs::every_edge_book_matches_the_reference
PR-44 killed (full) by 2: src/lib.rs::partners_40b_194t::tests::a_credit_net_of_an_unclassified_ledger_names_the_ledger_and_its_fix, tests/edge_books.rs::every_edge_book_matches_the_reference
PR-46 killed (full) by 2: src/lib.rs::partners_40b_194t::tests::remuneration_left_inside_an_unsplit_voucher_is_said, tests/edge_books.rs::every_edge_book_matches_the_reference
PR-47 killed (full) by 2: src/lib.rs::partners_40b_194t::tests::remuneration_net_of_an_unread_ledger_is_said_on_the_remuneration_finding, tests/edge_books.rs::every_edge_book_matches_the_reference
PR-48 killed (full) by 2: src/lib.rs::partners_40b_194t::tests::a_plain_partner_with_an_excess_is_asked_not_computed_and_the_total_withheld, tests/edge_books.rs::every_edge_book_matches_the_reference
PR-49 killed (full) by 3: src/lib.rs::partners_40b_194t::tests::a_no_interest_deed_states_the_disallowance_and_asks_nothing_without_an_interest_ledger, src/lib.rs::partners_40b_194t::tests::a_no_interest_deed_with_an_interest_ledger_asks_for_the_interest_not_the_rate, tests/edge_books.rs::every_edge_book_matches_the_reference
PR-50 killed (full) by 1: src/lib.rs::partners_40b_194t::tests::a_malformed_partner_configuration_is_refused_only_where_the_test_applies
PR-51 killed (full) by 1: src/lib.rs::partners_40b_194t::tests::a_no_interest_deed_partner_is_not_computed_with_the_switch_on_either
PR-52 killed (full) by 1: src/lib.rs::partners_40b_194t::tests::a_no_interest_deed_partner_is_not_computed_with_the_switch_on_either
PR-53 killed (full) by 1: src/lib.rs::partners_40b_194t::tests::a_no_interest_deed_partner_is_not_computed_with_the_switch_on_either
PR-54 killed (full) by 1: src/lib.rs::partners_40b_194t::tests::with_the_switch_on_a_rate_deed_partner_read_inexactly_is_not_asked_for_the_computation
PR-55 killed (full) by 2: src/lib.rs::partners_40b_194t::tests::a_net_nil_tds_on_a_bank_payment_is_listed_for_both, src/lib.rs::partners_40b_194t::tests::a_zero_capital_line_does_not_decide_whose_shared_tds_it_is
PR-56 killed (full) by 1: src/lib.rs::partners_40b_194t::tests::a_zero_line_on_a_shared_ledger_does_not_make_someone_elses_tds_a_partners
PR-58 killed (full) by 1: src/lib.rs::partners_40b_194t::tests::shared_tds_on_a_voucher_crediting_one_partner_and_a_bank_is_listed_for_the_other
PR-59 killed (full) by 1: src/lib.rs::partners_40b_194t::tests::tds_credited_against_nothing_else_is_no_partners
PR-57 killed (full) by 5: src/lib.rs::partners_40b_194t::tests::a_joint_journal_is_not_listed_for_a_partner_it_does_not_credit, src/lib.rs::partners_40b_194t::tests::a_reversal_of_one_partners_voucher_is_not_listed_for_the_other, src/lib.rs::partners_40b_194t::tests::another_partners_own_tds_on_a_shared_ledger_leaves_this_one_no, src/lib.rs::partners_40b_194t::tests::shared_tds_exactly_one_partners_stays_that_partners, tests/edge_books.rs::every_edge_book_matches_the_reference
PR-60 killed (full) by 1: src/lib.rs::partners_40b_194t::tests::a_net_nil_tds_on_a_bank_payment_is_listed_for_both
PR-61 killed (full) by 1: src/lib.rs::partners_40b_194t::tests::a_net_nil_tds_on_one_partners_voucher_is_not_listed_for_the_other
PR-62 killed (full) by 2: src/lib.rs::partners_40b_194t::tests::shared_tds_on_a_voucher_crediting_one_partner_and_a_bank_is_listed_for_the_other, tests/edge_books.rs::every_edge_book_matches_the_reference
PR-63 killed (full) by 5: src/lib.rs::partners_40b_194t::tests::a_shared_interest_voucher_crediting_one_partner_and_a_bank_is_listed_for_the_other, src/lib.rs::partners_40b_194t::tests::a_shared_interest_voucher_whose_other_side_is_only_tds_beside_a_capital_is_listed, src/lib.rs::partners_40b_194t::tests::a_shared_remuneration_voucher_crediting_one_partner_and_a_bank_is_listed_for_the_other, src/lib.rs::partners_40b_194t::tests::own_interest_paid_partly_through_another_partners_capital_and_a_bank_is_listed, tests/edge_books.rs::every_edge_book_matches_the_reference
PR-64 killed (full) by 2: src/lib.rs::partners_40b_194t::tests::a_one_paisa_line_on_a_capital_still_touches_it_and_leaves_the_voucher_out_for_the_other_partner, src/lib.rs::partners_40b_194t::tests::shared_lines_netting_to_nil_keep_the_rule_before
PR-65 killed (full) by 1: src/lib.rs::partners_40b_194t::tests::a_shared_interest_voucher_whose_other_side_is_only_tds_beside_a_capital_is_listed

73 of 73 killed

warning: 34 killed by fewer than 2 tests (a lower bound in killers-first mode):
  D2-06 (full): tests/edge_books.rs::every_edge_book_matches_the_reference
  D2-07 (full): tests/edge_books.rs::every_edge_book_matches_the_reference
  D2-08 (full): tests/edge_books.rs::every_edge_book_matches_the_reference
  D2-13 (full): src/lib.rs::partners_40b_194t::tests::not_applicable_reads_no_voucher_and_rules_without_entities_refuse
  PC-01 (full): src/lib.rs::partners_40b_194t::tests::two_partner_keys_sharing_a_figure_tag_are_refused_not_a_panic
  PR-03 (full): tests/edge_books.rs::every_edge_book_matches_the_reference
  PR-04 (full): tests/edge_books.rs::every_edge_book_matches_the_reference
  PR-07 (full): tests/edge_books.rs::every_edge_book_matches_the_reference
  PR-09 (full): src/lib.rs::partners_40b_194t::tests::shared_tds_seen_on_a_partners_own_capital_is_not_also_listed_as_unattributed
  PR-12 (full): src/lib.rs::partners_40b_194t::tests::shared_tds_on_a_remuneration_voucher_crediting_two_partners_is_cited
  PR-14 (full): tests/edge_books.rs::every_edge_book_matches_the_reference
  PR-16 (full): tests/edge_books.rs::every_edge_book_matches_the_reference
  PR-19 (full): src/lib.rs::partners_40b_194t::tests::the_no_interest_flag_is_refused_in_any_form_but_a_boolean_or_beside_any_rate
  PR-20 (full): src/lib.rs::partners_40b_194t::tests::the_no_interest_flag_is_refused_in_any_form_but_a_boolean_or_beside_any_rate
  PR-21 (full): src/lib.rs::partners_40b_194t::tests::the_no_interest_flag_is_refused_in_any_form_but_a_boolean_or_beside_any_rate
  PR-22 (full): src/lib.rs::partners_40b_194t::tests::a_ledger_configured_in_two_roles_is_refused
  PR-23 (full): src/lib.rs::partners_40b_194t::tests::a_ledger_configured_in_two_roles_is_refused
  PR-24 (full): src/lib.rs::partners_40b_194t::tests::a_ledger_configured_in_two_roles_is_refused
  PR-25 (full): src/lib.rs::partners_40b_194t::tests::a_capital_ledger_list_or_ledger_the_reference_cannot_read_is_refused
  PR-26 (full): src/lib.rs::partners_40b_194t::tests::a_capital_ledger_list_or_ledger_the_reference_cannot_read_is_refused
  PR-27 (full): src/lib.rs::partners_40b_194t::tests::a_capital_ledger_list_or_ledger_the_reference_cannot_read_is_refused
  PR-29 (full): src/lib.rs::partners_40b_194t::tests::an_unbalanced_interest_voucher_is_not_plain_and_is_named
  PR-37 (full): src/lib.rs::partners_40b_194t::tests::a_firm_with_no_partner_configured_is_asked_and_its_total_withheld
  PR-50 (full): src/lib.rs::partners_40b_194t::tests::a_malformed_partner_configuration_is_refused_only_where_the_test_applies
  PR-51 (full): src/lib.rs::partners_40b_194t::tests::a_no_interest_deed_partner_is_not_computed_with_the_switch_on_either
  PR-52 (full): src/lib.rs::partners_40b_194t::tests::a_no_interest_deed_partner_is_not_computed_with_the_switch_on_either
  PR-53 (full): src/lib.rs::partners_40b_194t::tests::a_no_interest_deed_partner_is_not_computed_with_the_switch_on_either
  PR-54 (full): src/lib.rs::partners_40b_194t::tests::with_the_switch_on_a_rate_deed_partner_read_inexactly_is_not_asked_for_the_computation
  PR-56 (full): src/lib.rs::partners_40b_194t::tests::a_zero_line_on_a_shared_ledger_does_not_make_someone_elses_tds_a_partners
  PR-58 (full): src/lib.rs::partners_40b_194t::tests::shared_tds_on_a_voucher_crediting_one_partner_and_a_bank_is_listed_for_the_other
  PR-59 (full): src/lib.rs::partners_40b_194t::tests::tds_credited_against_nothing_else_is_no_partners
  PR-60 (full): src/lib.rs::partners_40b_194t::tests::a_net_nil_tds_on_a_bank_payment_is_listed_for_both
  PR-61 (full): src/lib.rs::partners_40b_194t::tests::a_net_nil_tds_on_one_partners_voucher_is_not_listed_for_the_other
  PR-65 (full): src/lib.rs::partners_40b_194t::tests::a_shared_interest_voucher_whose_other_side_is_only_tds_beside_a_capital_is_listed
