F02 killed (full) by 1: tests/parity.rs::a_repeated_id_or_an_unknown_key_is_reported
F01 killed (full) by 1: tests/parity.rs::a_repeated_id_or_an_unknown_key_is_reported
A34 killed (full) by 1: src/lib.rs::py_int_tests::py_int_takes_what_pythons_int_takes
A30 killed (full) by 1: tests/registry.rs::every_registered_test_matches_its_synthetic_golden
A35 killed (full) by 1: src/lib.rs::py_int_tests::py_int_takes_what_pythons_int_takes
C1-33 killed (full) by 2: src/lib.rs::binding::tests::loans_interest_on_passes_the_tds_ledgers_activity_and_placeholder, src/lib.rs::binding::tests::the_tds_tables_are_read_strictly
A38 killed (full) by 1: src/lib.rs::binding::tests::a_malformed_value_in_a_tests_own_table_fails_only_that_test
C1-40 killed (full) by 4: src/lib.rs::binding::tests::each_tds_location_refuses_a_name_that_matches_nothing, src/lib.rs::binding::tests::tds_alias_and_category_keys_follow_a_rename_by_identity, src/lib.rs::binding::tests::tds_keys_are_bound_and_alias_values_are_left_alone, src/lib.rs::binding::tests::the_tds_tables_are_read_strictly
C2-01 killed (full) by 1: tests/edge_books.rs::every_edge_book_matches_the_reference
C2-02 killed (full) by 1: tests/edge_books.rs::every_edge_book_matches_the_reference
C2-04 killed (full) by 2: tests/edge_books.rs::each_26as_invariant_fires_on_its_own_tampering, tests/edge_books.rs::every_edge_book_matches_the_reference
C2-03 killed (full) by 3: tests/edge_books.rs::each_26as_invariant_fires_on_its_own_tampering, tests/edge_books.rs::every_edge_book_matches_the_reference, tests/registry.rs::every_registered_test_matches_its_synthetic_golden
C2-05 killed (full) by 1: tests/edge_books.rs::every_edge_book_matches_the_reference
C2-06 killed (full) by 2: tests/edge_books.rs::every_edge_book_matches_the_reference, tests/registry.rs::every_registered_test_matches_its_synthetic_golden
C2-07 killed (full) by 1: tests/edge_books.rs::every_edge_book_matches_the_reference
C2-08 killed (full) by 2: tests/edge_books.rs::every_edge_book_matches_the_reference, tests/registry.rs::every_registered_test_matches_its_synthetic_golden
C2-09 killed (full) by 1: tests/edge_books.rs::every_edge_book_matches_the_reference
C2-10 killed (full) by 2: tests/edge_books.rs::each_26as_invariant_fires_on_its_own_tampering, tests/edge_books.rs::every_edge_book_matches_the_reference
C2-11 killed (full) by 1: tests/edge_books.rs::the_26as_invariants_catch_a_row_of_the_wrong_part
C2-32 killed (full) by 5: src/lib.rs::binding::tests::each_tds_26as_location_refuses_a_name_that_matches_nothing, src/lib.rs::binding::tests::tds_26as_ledgers_and_alias_values_are_bound, src/lib.rs::binding::tests::the_tds_26as_table_is_read_strictly, tests/registry.rs::every_registered_test_matches_its_synthetic_golden, tests/registry.rs::the_26as_floors_are_what_each_test_emits_with_no_documents
C2-36 killed (full) by 1: tests/edge_books.rs::each_26as_invariant_fires_on_its_own_tampering
C2-38 killed (full) by 1: tests/edge_books.rs::each_26as_invariant_fires_on_its_own_tampering
C2-37 killed (full) by 1: tests/edge_books.rs::each_26as_invariant_fires_on_its_own_tampering
C2-39 killed (full) by 1: tests/edge_books.rs::each_26as_invariant_fires_on_its_own_tampering
C2-42 killed (full) by 1: src/lib.rs::binding::tests::the_tds_26as_table_is_read_strictly
D1-20 killed (full) by 1: src/lib.rs::binding::tests::a_malformed_loans_value_fails_only_loans_interest
Y01 killed (full) by 8: tests/parity_40a3.rs::a_changed_value_is_reported, tests/parity_40a3.rs::a_flipped_confidence_is_reported, tests/parity_40a3.rs::a_flipped_goods_carriage_exemption_is_reported, tests/parity_40a3.rs::a_flipped_loan_coverage_clause_is_reported, tests/parity_40a3.rs::a_reordered_but_equal_dump_passes, tests/parity_40a3.rs::an_invariant_not_evaluated_is_reported_even_without_violations, tests/parity_40a3.rs::synthetic_read_matches_the_python_golden, tests/registry.rs::every_registered_test_matches_its_synthetic_golden
Y02 killed (full) by 8: tests/parity_40a3.rs::a_changed_value_is_reported, tests/parity_40a3.rs::a_flipped_confidence_is_reported, tests/parity_40a3.rs::a_flipped_goods_carriage_exemption_is_reported, tests/parity_40a3.rs::a_flipped_loan_coverage_clause_is_reported, tests/parity_40a3.rs::a_reordered_but_equal_dump_passes, tests/parity_40a3.rs::an_invariant_not_evaluated_is_reported_even_without_violations, tests/parity_40a3.rs::synthetic_read_matches_the_python_golden, tests/registry.rs::every_registered_test_matches_its_synthetic_golden
SB-04 killed (full) by 8: tests/parity_40a3.rs::a_changed_value_is_reported, tests/parity_40a3.rs::a_flipped_confidence_is_reported, tests/parity_40a3.rs::a_flipped_goods_carriage_exemption_is_reported, tests/parity_40a3.rs::a_flipped_loan_coverage_clause_is_reported, tests/parity_40a3.rs::a_reordered_but_equal_dump_passes, tests/parity_40a3.rs::an_invariant_not_evaluated_is_reported_even_without_violations, tests/parity_40a3.rs::synthetic_read_matches_the_python_golden, tests/registry.rs::every_registered_test_matches_its_synthetic_golden
Y03 killed (full) by 8: tests/parity_40a3.rs::a_changed_value_is_reported, tests/parity_40a3.rs::a_flipped_confidence_is_reported, tests/parity_40a3.rs::a_flipped_goods_carriage_exemption_is_reported, tests/parity_40a3.rs::a_flipped_loan_coverage_clause_is_reported, tests/parity_40a3.rs::a_reordered_but_equal_dump_passes, tests/parity_40a3.rs::an_invariant_not_evaluated_is_reported_even_without_violations, tests/parity_40a3.rs::synthetic_read_matches_the_python_golden, tests/registry.rs::every_registered_test_matches_its_synthetic_golden
Y04 killed (full) by 8: tests/parity_40a3.rs::a_changed_value_is_reported, tests/parity_40a3.rs::a_flipped_confidence_is_reported, tests/parity_40a3.rs::a_flipped_goods_carriage_exemption_is_reported, tests/parity_40a3.rs::a_flipped_loan_coverage_clause_is_reported, tests/parity_40a3.rs::a_reordered_but_equal_dump_passes, tests/parity_40a3.rs::an_invariant_not_evaluated_is_reported_even_without_violations, tests/parity_40a3.rs::synthetic_read_matches_the_python_golden, tests/registry.rs::every_registered_test_matches_its_synthetic_golden
SB-05 killed (full) by 8: tests/parity_40a3.rs::a_changed_value_is_reported, tests/parity_40a3.rs::a_flipped_confidence_is_reported, tests/parity_40a3.rs::a_flipped_goods_carriage_exemption_is_reported, tests/parity_40a3.rs::a_flipped_loan_coverage_clause_is_reported, tests/parity_40a3.rs::a_reordered_but_equal_dump_passes, tests/parity_40a3.rs::an_invariant_not_evaluated_is_reported_even_without_violations, tests/parity_40a3.rs::synthetic_read_matches_the_python_golden, tests/registry.rs::every_registered_test_matches_its_synthetic_golden
SB-07 killed (full) by 8: tests/parity_40a3.rs::a_changed_value_is_reported, tests/parity_40a3.rs::a_flipped_confidence_is_reported, tests/parity_40a3.rs::a_flipped_goods_carriage_exemption_is_reported, tests/parity_40a3.rs::a_flipped_loan_coverage_clause_is_reported, tests/parity_40a3.rs::a_reordered_but_equal_dump_passes, tests/parity_40a3.rs::an_invariant_not_evaluated_is_reported_even_without_violations, tests/parity_40a3.rs::synthetic_read_matches_the_python_golden, tests/registry.rs::every_registered_test_matches_its_synthetic_golden
E2B-04 killed (full) by 1: tests/edge_books.rs::a_voucher_reference_is_built_as_text_or_refused
SB-06 killed (full) by 8: tests/parity_40a3.rs::a_changed_value_is_reported, tests/parity_40a3.rs::a_flipped_confidence_is_reported, tests/parity_40a3.rs::a_flipped_goods_carriage_exemption_is_reported, tests/parity_40a3.rs::a_flipped_loan_coverage_clause_is_reported, tests/parity_40a3.rs::a_reordered_but_equal_dump_passes, tests/parity_40a3.rs::an_invariant_not_evaluated_is_reported_even_without_violations, tests/parity_40a3.rs::synthetic_read_matches_the_python_golden, tests/registry.rs::every_registered_test_matches_its_synthetic_golden
PI-08 killed (full) by 1: src/lib.rs::py_int_tests::past_the_i64_range_is_not_the_same_as_not_an_int
E2B2-27 killed (full) by 1: tests/registry.rs::every_registered_test_matches_its_synthetic_golden

37 of 37 killed

warning: 21 killed by fewer than 2 tests (a lower bound in killers-first mode):
  F01 (full): tests/parity.rs::a_repeated_id_or_an_unknown_key_is_reported
  F02 (full): tests/parity.rs::a_repeated_id_or_an_unknown_key_is_reported
  A30 (full): tests/registry.rs::every_registered_test_matches_its_synthetic_golden
  A34 (full): src/lib.rs::py_int_tests::py_int_takes_what_pythons_int_takes
  A35 (full): src/lib.rs::py_int_tests::py_int_takes_what_pythons_int_takes
  A38 (full): src/lib.rs::binding::tests::a_malformed_value_in_a_tests_own_table_fails_only_that_test
  C2-01 (full): tests/edge_books.rs::every_edge_book_matches_the_reference
  C2-02 (full): tests/edge_books.rs::every_edge_book_matches_the_reference
  C2-05 (full): tests/edge_books.rs::every_edge_book_matches_the_reference
  C2-07 (full): tests/edge_books.rs::every_edge_book_matches_the_reference
  C2-09 (full): tests/edge_books.rs::every_edge_book_matches_the_reference
  C2-11 (full): tests/edge_books.rs::the_26as_invariants_catch_a_row_of_the_wrong_part
  C2-36 (full): tests/edge_books.rs::each_26as_invariant_fires_on_its_own_tampering
  C2-37 (full): tests/edge_books.rs::each_26as_invariant_fires_on_its_own_tampering
  C2-38 (full): tests/edge_books.rs::each_26as_invariant_fires_on_its_own_tampering
  C2-39 (full): tests/edge_books.rs::each_26as_invariant_fires_on_its_own_tampering
  C2-42 (full): src/lib.rs::binding::tests::the_tds_26as_table_is_read_strictly
  D1-20 (full): src/lib.rs::binding::tests::a_malformed_loans_value_fails_only_loans_interest
  PI-08 (full): src/lib.rs::py_int_tests::past_the_i64_range_is_not_the_same_as_not_an_int
  E2B-04 (full): tests/edge_books.rs::a_voucher_reference_is_built_as_text_or_refused
  E2B2-27 (full): tests/registry.rs::every_registered_test_matches_its_synthetic_golden
