M02 killed (full) by 1: tests/edge_books.rs::every_edge_book_matches_the_reference
M03 killed (full) by 1: tests/edge_books.rs::every_edge_book_matches_the_reference
M04 killed (full) by 1: tests/edge_books.rs::every_edge_book_matches_the_reference
M01 killed (full) by 1: tests/edge_books.rs::every_edge_book_matches_the_reference
B01 killed (full) by 4: tests/edge_books.rs::every_edge_book_matches_the_reference, tests/parity_trial_balance.rs::a_changed_value_is_reported, tests/parity_trial_balance.rs::synthetic_read_matches_the_python_golden, tests/registry.rs::every_registered_test_matches_its_synthetic_golden
M05 killed (full) by 1: tests/edge_books.rs::every_edge_book_matches_the_reference
M32 killed (full) by 4: tests/edge_books.rs::every_edge_book_matches_the_reference, tests/parity_trial_balance.rs::a_changed_value_is_reported, tests/parity_trial_balance.rs::synthetic_read_matches_the_python_golden, tests/registry.rs::every_registered_test_matches_its_synthetic_golden
B02 killed (full) by 4: tests/edge_books.rs::every_edge_book_matches_the_reference, tests/parity_trial_balance.rs::a_changed_value_is_reported, tests/parity_trial_balance.rs::synthetic_read_matches_the_python_golden, tests/registry.rs::every_registered_test_matches_its_synthetic_golden
X15 killed (full) by 4: tests/edge_books.rs::every_edge_book_matches_the_reference, tests/parity_trial_balance.rs::a_changed_value_is_reported, tests/parity_trial_balance.rs::synthetic_read_matches_the_python_golden, tests/registry.rs::every_registered_test_matches_its_synthetic_golden
B03 killed (full) by 4: tests/edge_books.rs::every_edge_book_matches_the_reference, tests/parity_trial_balance.rs::a_changed_value_is_reported, tests/parity_trial_balance.rs::synthetic_read_matches_the_python_golden, tests/registry.rs::every_registered_test_matches_its_synthetic_golden
X24 killed (full) by 1: tests/edge_books.rs::every_edge_book_matches_the_reference
F07 killed (full) by 1: src/lib.rs::binding::tests::a_guid_binds_whatever_its_case_and_python_whitespace
A27 killed (full) by 3: src/lib.rs::binding::tests::a_malformed_name_location_refuses_binding, src/lib.rs::binding::tests::an_unknown_creditor_group_refuses_naming_its_location, tests/registry.rs::every_registered_test_matches_its_synthetic_golden
F08 killed (full) by 2: src/lib.rs::binding::tests::a_guid_binds_across_python_only_whitespace_and_non_ascii_case, src/lib.rs::binding::tests::a_guid_binds_whatever_its_case_and_python_whitespace
A28 killed (full) by 1: src/lib.rs::binding::tests::a_legacy_trade_creditor_source_is_read_bound_and_replaced
A29 killed (full) by 3: src/lib.rs::binding::tests::a_malformed_name_location_refuses_binding, src/lib.rs::binding::tests::creditor_ageing_and_statutory_dues_names_are_bound_by_identity, tests/registry.rs::every_registered_test_matches_its_synthetic_golden
S22 killed (full) by 7: src/lib.rs::binding::tests::a_malformed_name_location_refuses_binding, src/lib.rs::binding::tests::a_malformed_value_in_a_tests_own_table_fails_only_that_test, src/lib.rs::binding::tests::creditor_ageing_and_statutory_dues_names_are_bound_by_identity, src/lib.rs::binding::tests::loans_interest_on_passes_the_tds_ledgers_activity_and_placeholder, src/lib.rs::binding::tests::tds_payees_inputs_come_from_the_bound_tables, src/lib.rs::partners_40b_194t::tests::the_statutory_dues_tds_ledgers_reach_the_module_through_the_engagement, tests/registry.rs::every_registered_test_matches_its_synthetic_golden
A33 killed (full) by 1: src/lib.rs::binding::tests::creditor_ageing_and_statutory_dues_names_are_bound_by_identity
S23 killed (full) by 2: src/lib.rs::binding::tests::a_malformed_name_location_refuses_binding, src/lib.rs::binding::tests::creditor_ageing_and_statutory_dues_names_are_bound_by_identity
S26 killed (full) by 1: src/lib.rs::binding::tests::a_malformed_value_in_a_tests_own_table_fails_only_that_test
P02 killed (full) by 2: src/lib.rs::invariants::tests::pop5_names_blank_and_repeated_voucher_guids_in_the_population, tests/edge_books.rs::every_edge_book_matches_the_reference
P01 killed (full) by 1: src/lib.rs::invariants::tests::pop5_names_blank_and_repeated_voucher_guids_in_the_population
P03 killed (full) by 1: src/lib.rs::invariants::tests::pop5_names_blank_and_repeated_voucher_guids_in_the_population
P04 killed (full) by 39: src/lib.rs::invariants::tests::pop5_names_blank_and_repeated_voucher_guids_in_the_population, tests/edge_books.rs::every_edge_book_matches_the_reference, tests/parity.rs::a_changed_test_or_spec_version_is_reported, tests/parity.rs::a_changed_unit_is_reported, tests/parity.rs::a_changed_value_is_reported, tests/parity.rs::a_flipped_confidence_is_reported, tests/parity.rs::a_reordered_but_equal_dump_passes, tests/parity.rs::an_invariant_not_evaluated_is_reported_even_without_violations, tests/parity.rs::synthetic_read_matches_the_python_golden, tests/parity_40a3.rs::a_changed_value_is_reported, tests/parity_40a3.rs::a_flipped_confidence_is_reported, tests/parity_40a3.rs::a_flipped_goods_carriage_exemption_is_reported, tests/parity_40a3.rs::a_flipped_loan_coverage_clause_is_reported, tests/parity_40a3.rs::a_reordered_but_equal_dump_passes, tests/parity_40a3.rs::an_invariant_not_evaluated_is_reported_even_without_violations, tests/parity_40a3.rs::synthetic_read_matches_the_python_golden, tests/parity_applicability_44ab.rs::a_changed_call_is_reported, tests/parity_applicability_44ab.rs::a_changed_due_date_is_reported, tests/parity_applicability_44ab.rs::synthetic_read_matches_the_python_golden, tests/parity_cash_book_integrity.rs::a_changed_value_is_reported, tests/parity_cash_book_integrity.rs::synthetic_read_matches_the_python_golden, tests/parity_depreciation.rs::a_changed_value_at_the_180_day_boundary_is_reported, tests/parity_depreciation.rs::a_changed_value_at_the_cash_limit_boundary_is_reported, tests/parity_depreciation.rs::a_changed_value_is_reported, tests/parity_depreciation.rs::a_flipped_confidence_is_reported, tests/parity_depreciation.rs::a_reordered_but_equal_dump_passes, tests/parity_depreciation.rs::synthetic_read_matches_the_python_golden, tests/parity_depreciation.rs::the_old_book_vs_act_title_is_reported, tests/parity_financial_statements.rs::a_changed_value_is_reported, tests/parity_financial_statements.rs::closing_stock_from_the_stale_field_is_reported, tests/parity_financial_statements.rs::synthetic_read_matches_the_python_golden_with_report_totals, tests/parity_financial_statements.rs::synthetic_read_matches_the_python_golden_without_report_totals, tests/parity_ledger_scrutiny.rs::a_changed_value_is_reported, tests/parity_ledger_scrutiny.rs::synthetic_read_matches_the_python_golden, tests/parity_stale_balances_41_1.rs::a_changed_value_is_reported, tests/parity_stale_balances_41_1.rs::synthetic_read_matches_the_python_golden, tests/parity_trial_balance.rs::a_changed_value_is_reported, tests/parity_trial_balance.rs::synthetic_read_matches_the_python_golden, tests/registry.rs::every_registered_test_matches_its_synthetic_golden
C1-37 killed (full) by 1: src/lib.rs::binding::tests::tds_alias_and_category_keys_follow_a_rename_by_identity
C1-38 killed (full) by 1: src/lib.rs::binding::tests::tds_alias_and_category_keys_follow_a_rename_by_identity
C1-34 killed (full) by 2: src/lib.rs::binding::tests::each_tds_location_refuses_a_name_that_matches_nothing, src/lib.rs::binding::tests::tds_alias_and_category_keys_follow_a_rename_by_identity
C2-33 killed (full) by 2: src/lib.rs::binding::tests::each_tds_26as_location_refuses_a_name_that_matches_nothing, src/lib.rs::binding::tests::tds_26as_ledgers_and_alias_values_are_bound
E1B-O25 killed (full) by 1: src/lib.rs::binding::tests::bkq_locations_bind_by_identity
LB-01 killed (full) by 2: src/lib.rs::binding::tests::a_renamed_interest_ledger_is_bound_and_its_label_is_used, src/lib.rs::binding::tests::an_unknown_interest_or_shared_ledger_refuses_naming_its_location
E1B-O24 killed (full) by 1: src/lib.rs::binding::tests::bkq_locations_bind_by_identity
LB-02 killed (full) by 3: src/lib.rs::binding::tests::a_malformed_loans_location_refuses, src/lib.rs::binding::tests::a_renamed_interest_ledger_is_bound_and_its_label_is_used, src/lib.rs::binding::tests::an_unknown_interest_or_shared_ledger_refuses_naming_its_location
LB-03 killed (full) by 2: src/lib.rs::binding::tests::a_loans_interest_ledger_list_binds_each_name_in_its_shape, src/lib.rs::binding::tests::a_renamed_interest_ledger_is_bound_and_its_label_is_used
LB-04 killed (full) by 2: src/lib.rs::binding::tests::a_loans_interest_ledger_list_binds_each_name_in_its_shape, src/lib.rs::binding::tests::a_malformed_loans_location_refuses
LB-05 killed (full) by 1: src/lib.rs::binding::tests::a_malformed_loans_location_refuses
LB-06 killed (full) by 1: src/lib.rs::binding::tests::a_loans_interest_ledger_list_binds_each_name_in_its_shape
D2-04 killed (full) by 3: src/lib.rs::binding::tests::a_malformed_partner_ledger_location_refuses, src/lib.rs::binding::tests::an_unknown_partner_remuneration_ledger_refuses_naming_its_location, src/lib.rs::binding::tests::partner_capital_and_remuneration_ledgers_follow_a_rename_by_identity
D2-03 killed (full) by 4: src/lib.rs::binding::tests::a_malformed_partner_ledger_location_refuses, src/lib.rs::binding::tests::an_identity_used_only_by_a_partner_capital_ledger_is_not_unused, src/lib.rs::binding::tests::an_unknown_partner_capital_ledger_refuses_naming_its_location, src/lib.rs::binding::tests::partner_capital_and_remuneration_ledgers_follow_a_rename_by_identity
D2-05 killed (full) by 1: src/lib.rs::binding::tests::an_empty_partner_interest_ledger_binds_but_is_not_financial_statements_interest
E2B2-29 killed (full) by 2: src/lib.rs::binding::tests::a_bare_ledger_name_that_matches_nothing_refuses_with_named_code, tests/registry.rs::every_registered_test_matches_its_synthetic_golden

40 of 40 killed

warning: 19 killed by fewer than 2 tests (a lower bound in killers-first mode):
  M01 (full): tests/edge_books.rs::every_edge_book_matches_the_reference
  M02 (full): tests/edge_books.rs::every_edge_book_matches_the_reference
  M03 (full): tests/edge_books.rs::every_edge_book_matches_the_reference
  M04 (full): tests/edge_books.rs::every_edge_book_matches_the_reference
  M05 (full): tests/edge_books.rs::every_edge_book_matches_the_reference
  X24 (full): tests/edge_books.rs::every_edge_book_matches_the_reference
  F07 (full): src/lib.rs::binding::tests::a_guid_binds_whatever_its_case_and_python_whitespace
  A28 (full): src/lib.rs::binding::tests::a_legacy_trade_creditor_source_is_read_bound_and_replaced
  A33 (full): src/lib.rs::binding::tests::creditor_ageing_and_statutory_dues_names_are_bound_by_identity
  S26 (full): src/lib.rs::binding::tests::a_malformed_value_in_a_tests_own_table_fails_only_that_test
  P01 (full): src/lib.rs::invariants::tests::pop5_names_blank_and_repeated_voucher_guids_in_the_population
  P03 (full): src/lib.rs::invariants::tests::pop5_names_blank_and_repeated_voucher_guids_in_the_population
  C1-37 (full): src/lib.rs::binding::tests::tds_alias_and_category_keys_follow_a_rename_by_identity
  C1-38 (full): src/lib.rs::binding::tests::tds_alias_and_category_keys_follow_a_rename_by_identity
  E1B-O24 (full): src/lib.rs::binding::tests::bkq_locations_bind_by_identity
  E1B-O25 (full): src/lib.rs::binding::tests::bkq_locations_bind_by_identity
  LB-05 (full): src/lib.rs::binding::tests::a_malformed_loans_location_refuses
  LB-06 (full): src/lib.rs::binding::tests::a_loans_interest_ledger_list_binds_each_name_in_its_shape
  D2-05 (full): src/lib.rs::binding::tests::an_empty_partner_interest_ledger_binds_but_is_not_financial_statements_interest
